device=cuda trainable params=34.3M
mix: public_frac 0.5 -> 6500 public + 896 synthetic records
7396 training requests (holdout=[]), questions by type {'choice': 4644, 'noul': 2762, 'score': 1521}
ep0 step 10/925 loss 1.666 kl 0.000 0.086s/rec
ep0 step 20/925 loss 1.661 kl 0.000 0.079s/rec
ep0 step 30/925 loss 1.442 kl 0.000 0.079s/rec
ep0 step 40/925 loss 1.612 kl 0.000 0.081s/rec
ep0 step 50/925 loss 1.029 kl 0.000 0.083s/rec
ep0 step 60/925 loss 1.178 kl 0.000 0.081s/rec
ep0 step 70/925 loss 0.815 kl 0.000 0.080s/rec
ep0 step 80/925 loss 1.038 kl 0.000 0.080s/rec
ep0 step 90/925 loss 0.883 kl 0.000 0.080s/rec
ep0 step 100/925 loss 0.654 kl 0.000 0.080s/rec
ep0 step 110/925 loss 0.970 kl 0.000 0.081s/rec
ep0 step 120/925 loss 0.795 kl 0.000 0.080s/rec
ep0 step 130/925 loss 0.786 kl 0.000 0.079s/rec
ep0 step 140/925 loss 0.805 kl 0.000 0.079s/rec
ep0 step 150/925 loss 0.528 kl 0.000 0.080s/rec
ep0 step 160/925 loss 0.837 kl 0.000 0.080s/rec
ep0 step 170/925 loss 0.689 kl 0.000 0.079s/rec
ep0 step 180/925 loss 0.843 kl 0.000 0.079s/rec
ep0 step 190/925 loss 0.850 kl 0.000 0.079s/rec
ep0 step 200/925 loss 0.365 kl 0.000 0.080s/rec
ep0 step 210/925 loss 0.846 kl 0.000 0.080s/rec
ep0 step 220/925 loss 0.487 kl 0.000 0.079s/rec
ep0 step 230/925 loss 0.692 kl 0.000 0.079s/rec
ep0 step 240/925 loss 0.921 kl 0.000 0.079s/rec
ep0 step 250/925 loss 0.780 kl 0.000 0.079s/rec
ep0 step 260/925 loss 0.468 kl 0.000 0.079s/rec
ep0 step 270/925 loss 0.655 kl 0.000 0.079s/rec
ep0 step 280/925 loss 0.857 kl 0.000 0.079s/rec
ep0 step 290/925 loss 0.947 kl 0.000 0.080s/rec
ep0 step 300/925 loss 0.790 kl 0.000 0.080s/rec
ep0 step 310/925 loss 0.639 kl 0.000 0.080s/rec
ep0 step 320/925 loss 0.514 kl 0.000 0.080s/rec
ep0 step 330/925 loss 0.516 kl 0.000 0.080s/rec
ep0 step 340/925 loss 1.006 kl 0.000 0.080s/rec
ep0 step 350/925 loss 1.030 kl 0.000 0.080s/rec
ep0 step 360/925 loss 0.666 kl 0.000 0.080s/rec
ep0 step 370/925 loss 0.873 kl 0.000 0.080s/rec
ep0 step 380/925 loss 0.735 kl 0.000 0.080s/rec
ep0 step 390/925 loss 0.944 kl 0.000 0.080s/rec
ep0 step 400/925 loss 0.629 kl 0.000 0.080s/rec
ep0 step 410/925 loss 0.690 kl 0.000 0.080s/rec
ep0 step 420/925 loss 0.963 kl 0.000 0.081s/rec
ep0 step 430/925 loss 1.115 kl 0.000 0.080s/rec
ep0 step 440/925 loss 1.051 kl 0.000 0.081s/rec
ep0 step 450/925 loss 0.861 kl 0.000 0.080s/rec
ep0 step 460/925 loss 1.283 kl 0.000 0.080s/rec
ep0 step 470/925 loss 1.137 kl 0.000 0.080s/rec
ep0 step 480/925 loss 1.271 kl 0.000 0.080s/rec
ep0 step 490/925 loss 1.246 kl 0.000 0.081s/rec
ep0 step 500/925 loss 1.039 kl 0.000 0.081s/rec
ep0 step 510/925 loss 1.078 kl 0.000 0.081s/rec
ep0 step 520/925 loss 0.717 kl 0.000 0.081s/rec
ep0 step 530/925 loss 0.885 kl 0.000 0.081s/rec
ep0 step 540/925 loss 0.830 kl 0.000 0.081s/rec
ep0 step 550/925 loss 0.617 kl 0.000 0.081s/rec
ep0 step 560/925 loss 0.820 kl 0.000 0.081s/rec
ep0 step 570/925 loss 0.787 kl 0.000 0.081s/rec
ep0 step 580/925 loss 0.479 kl 0.000 0.081s/rec
ep0 step 590/925 loss 0.543 kl 0.000 0.081s/rec
ep0 step 600/925 loss 0.874 kl 0.000 0.081s/rec
ep0 step 610/925 loss 0.688 kl 0.000 0.081s/rec
ep0 step 620/925 loss 0.896 kl 0.000 0.081s/rec
ep0 step 630/925 loss 0.500 kl 0.000 0.081s/rec
ep0 step 640/925 loss 0.654 kl 0.000 0.081s/rec
ep0 step 650/925 loss 0.503 kl 0.000 0.081s/rec
ep0 step 660/925 loss 0.670 kl 0.000 0.081s/rec
ep0 step 670/925 loss 0.631 kl 0.000 0.081s/rec
ep0 step 680/925 loss 0.634 kl 0.000 0.081s/rec
ep0 step 690/925 loss 0.772 kl 0.000 0.081s/rec
ep0 step 700/925 loss 0.597 kl 0.000 0.081s/rec
ep0 step 710/925 loss 0.677 kl 0.000 0.081s/rec
ep0 step 720/925 loss 0.560 kl 0.000 0.081s/rec
ep0 step 730/925 loss 0.418 kl 0.000 0.081s/rec
ep0 step 740/925 loss 0.786 kl 0.000 0.081s/rec
ep0 step 750/925 loss 0.739 kl 0.000 0.081s/rec
ep0 step 760/925 loss 0.678 kl 0.000 0.081s/rec
ep0 step 770/925 loss 0.771 kl 0.000 0.081s/rec
ep0 step 780/925 loss 0.504 kl 0.000 0.081s/rec
ep0 step 790/925 loss 0.569 kl 0.000 0.081s/rec
ep0 step 800/925 loss 0.538 kl 0.000 0.081s/rec
ep0 step 810/925 loss 0.595 kl 0.000 0.081s/rec
ep0 step 820/925 loss 0.707 kl 0.000 0.081s/rec
ep0 step 830/925 loss 0.587 kl 0.000 0.081s/rec
ep0 step 840/925 loss 0.764 kl 0.000 0.081s/rec
ep0 step 850/925 loss 0.630 kl 0.000 0.081s/rec
ep0 step 860/925 loss 0.857 kl 0.000 0.081s/rec
ep0 step 870/925 loss 0.852 kl 0.000 0.081s/rec
ep0 step 880/925 loss 0.523 kl 0.000 0.081s/rec
ep0 step 890/925 loss 0.560 kl 0.000 0.081s/rec
ep0 step 900/925 loss 0.557 kl 0.000 0.081s/rec
ep0 step 910/925 loss 0.520 kl 0.000 0.081s/rec
ep0 step 920/925 loss 0.436 kl 0.000 0.081s/rec
saved /runs/recipe-4b-r1/02-trial-2/checkpoint
