device=cuda trainable params=34.3M
ablation: training on ['agnews', 'amazon', 'banking77', 'boolq', 'dbpedia14', 'imdb', 'legacy_policy', 'mnli', 'sst5', 'trec', 'yelp'] -> 3448 records
3448 training requests (holdout=[]), questions by type {'score': 900, 'choice': 1724, 'noul': 1724}
ep0 step 10/862 loss 1.950 kl 0.000 0.122s/rec
ep0 step 20/862 loss 2.090 kl 0.000 0.110s/rec
ep0 step 30/862 loss 1.870 kl 0.000 0.106s/rec
ep0 step 40/862 loss 1.805 kl 0.000 0.103s/rec
ep0 step 50/862 loss 1.561 kl 0.000 0.101s/rec
ep0 step 60/862 loss 1.139 kl 0.000 0.100s/rec
ep0 step 70/862 loss 1.067 kl 0.000 0.099s/rec
ep0 step 80/862 loss 0.938 kl 0.000 0.098s/rec
ep0 step 90/862 loss 0.902 kl 0.000 0.098s/rec
ep0 step 100/862 loss 0.782 kl 0.000 0.097s/rec
ep0 step 110/862 loss 0.682 kl 0.000 0.097s/rec
ep0 step 120/862 loss 0.931 kl 0.000 0.097s/rec
ep0 step 130/862 loss 0.851 kl 0.000 0.097s/rec
ep0 step 140/862 loss 0.623 kl 0.000 0.096s/rec
ep0 step 150/862 loss 0.612 kl 0.000 0.096s/rec
ep0 step 160/862 loss 1.009 kl 0.000 0.097s/rec
ep0 step 170/862 loss 0.862 kl 0.000 0.096s/rec
ep0 step 180/862 loss 0.843 kl 0.000 0.096s/rec
ep0 step 190/862 loss 0.628 kl 0.000 0.096s/rec
ep0 step 200/862 loss 0.736 kl 0.000 0.096s/rec
ep0 step 210/862 loss 0.712 kl 0.000 0.095s/rec
ep0 step 220/862 loss 0.890 kl 0.000 0.095s/rec
ep0 step 230/862 loss 0.812 kl 0.000 0.095s/rec
ep0 step 240/862 loss 0.908 kl 0.000 0.095s/rec
ep0 step 250/862 loss 0.811 kl 0.000 0.094s/rec
ep0 step 260/862 loss 0.512 kl 0.000 0.094s/rec
ep0 step 270/862 loss 0.526 kl 0.000 0.095s/rec
ep0 step 280/862 loss 0.735 kl 0.000 0.094s/rec
ep0 step 290/862 loss 0.658 kl 0.000 0.094s/rec
ep0 step 300/862 loss 0.894 kl 0.000 0.094s/rec
ep0 step 310/862 loss 0.668 kl 0.000 0.094s/rec
ep0 step 320/862 loss 0.690 kl 0.000 0.094s/rec
ep0 step 330/862 loss 0.593 kl 0.000 0.094s/rec
ep0 step 340/862 loss 0.587 kl 0.000 0.094s/rec
ep0 step 350/862 loss 0.711 kl 0.000 0.094s/rec
ep0 step 360/862 loss 0.565 kl 0.000 0.094s/rec
ep0 step 370/862 loss 0.714 kl 0.000 0.093s/rec
ep0 step 380/862 loss 0.954 kl 0.000 0.093s/rec
ep0 step 390/862 loss 0.625 kl 0.000 0.093s/rec
ep0 step 400/862 loss 0.694 kl 0.000 0.093s/rec
ep0 step 410/862 loss 0.812 kl 0.000 0.093s/rec
ep0 step 420/862 loss 0.585 kl 0.000 0.093s/rec
ep0 step 430/862 loss 0.749 kl 0.000 0.093s/rec
ep1 step 440/862 loss 0.546 kl 0.000 0.093s/rec
ep1 step 450/862 loss 0.454 kl 0.000 0.093s/rec
ep1 step 460/862 loss 0.465 kl 0.000 0.093s/rec
ep1 step 470/862 loss 0.490 kl 0.000 0.093s/rec
ep1 step 480/862 loss 0.435 kl 0.000 0.093s/rec
ep1 step 490/862 loss 0.302 kl 0.000 0.093s/rec
ep1 step 500/862 loss 0.846 kl 0.000 0.093s/rec
ep1 step 510/862 loss 0.348 kl 0.000 0.093s/rec
ep1 step 520/862 loss 0.607 kl 0.000 0.093s/rec
ep1 step 530/862 loss 0.437 kl 0.000 0.092s/rec
ep1 step 540/862 loss 0.232 kl 0.000 0.092s/rec
ep1 step 550/862 loss 0.349 kl 0.000 0.092s/rec
ep1 step 560/862 loss 0.603 kl 0.000 0.092s/rec
ep1 step 570/862 loss 0.295 kl 0.000 0.092s/rec
ep1 step 580/862 loss 0.478 kl 0.000 0.092s/rec
ep1 step 590/862 loss 0.426 kl 0.000 0.092s/rec
ep1 step 600/862 loss 0.230 kl 0.000 0.092s/rec
ep1 step 610/862 loss 0.451 kl 0.000 0.092s/rec
ep1 step 620/862 loss 0.291 kl 0.000 0.092s/rec
ep1 step 630/862 loss 0.259 kl 0.000 0.092s/rec
ep1 step 640/862 loss 0.442 kl 0.000 0.092s/rec
ep1 step 650/862 loss 0.312 kl 0.000 0.092s/rec
ep1 step 660/862 loss 0.437 kl 0.000 0.092s/rec
ep1 step 670/862 loss 0.423 kl 0.000 0.092s/rec
ep1 step 680/862 loss 0.541 kl 0.000 0.092s/rec
ep1 step 690/862 loss 0.440 kl 0.000 0.092s/rec
ep1 step 700/862 loss 0.305 kl 0.000 0.092s/rec
ep1 step 710/862 loss 0.316 kl 0.000 0.092s/rec
ep1 step 720/862 loss 0.237 kl 0.000 0.092s/rec
ep1 step 730/862 loss 0.468 kl 0.000 0.092s/rec
ep1 step 740/862 loss 0.271 kl 0.000 0.092s/rec
ep1 step 750/862 loss 0.362 kl 0.000 0.092s/rec
ep1 step 760/862 loss 0.311 kl 0.000 0.092s/rec
ep1 step 770/862 loss 0.392 kl 0.000 0.092s/rec
ep1 step 780/862 loss 0.326 kl 0.000 0.092s/rec
ep1 step 790/862 loss 0.356 kl 0.000 0.092s/rec
ep1 step 800/862 loss 0.211 kl 0.000 0.092s/rec
ep1 step 810/862 loss 0.442 kl 0.000 0.092s/rec
ep1 step 820/862 loss 0.393 kl 0.000 0.092s/rec
ep1 step 830/862 loss 0.492 kl 0.000 0.092s/rec
ep1 step 840/862 loss 0.536 kl 0.000 0.092s/rec
ep1 step 850/862 loss 0.200 kl 0.000 0.092s/rec
ep1 step 860/862 loss 0.223 kl 0.000 0.092s/rec
saved /runs/v3-data-capacity-s0/02-trial-2/checkpoint
