device=cuda trainable params=34.3M
ablation: training on ['agnews', 'amazon', 'banking77', 'boolq', 'compositional', 'dbpedia14', 'imdb', 'mnli', 'sst5', 'trec', 'yelp'] -> 3448 records
3448 training requests (holdout=[]), questions by type {'score': 900, 'choice': 1948, 'noul': 1500}
ep0 step 10/862 loss 1.825 kl 0.000 0.135s/rec
ep0 step 20/862 loss 2.130 kl 0.000 0.125s/rec
ep0 step 30/862 loss 1.950 kl 0.000 0.121s/rec
ep0 step 40/862 loss 1.816 kl 0.000 0.120s/rec
ep0 step 50/862 loss 1.896 kl 0.000 0.119s/rec
ep0 step 60/862 loss 1.524 kl 0.000 0.118s/rec
ep0 step 70/862 loss 1.249 kl 0.000 0.116s/rec
ep0 step 80/862 loss 1.918 kl 0.000 0.116s/rec
ep0 step 90/862 loss 1.459 kl 0.000 0.116s/rec
ep0 step 100/862 loss 1.064 kl 0.000 0.116s/rec
ep0 step 110/862 loss 1.046 kl 0.000 0.116s/rec
ep0 step 120/862 loss 0.836 kl 0.000 0.115s/rec
ep0 step 130/862 loss 0.945 kl 0.000 0.115s/rec
ep0 step 140/862 loss 0.923 kl 0.000 0.114s/rec
ep0 step 150/862 loss 0.754 kl 0.000 0.114s/rec
ep0 step 160/862 loss 0.807 kl 0.000 0.114s/rec
ep0 step 170/862 loss 0.928 kl 0.000 0.114s/rec
ep0 step 180/862 loss 1.121 kl 0.000 0.114s/rec
ep0 step 190/862 loss 1.256 kl 0.000 0.114s/rec
ep0 step 200/862 loss 1.072 kl 0.000 0.114s/rec
ep0 step 210/862 loss 0.600 kl 0.000 0.114s/rec
ep0 step 220/862 loss 0.718 kl 0.000 0.113s/rec
ep0 step 230/862 loss 0.859 kl 0.000 0.113s/rec
ep0 step 240/862 loss 0.622 kl 0.000 0.113s/rec
ep0 step 250/862 loss 0.860 kl 0.000 0.113s/rec
ep0 step 260/862 loss 0.559 kl 0.000 0.113s/rec
ep0 step 270/862 loss 0.646 kl 0.000 0.113s/rec
ep0 step 280/862 loss 0.477 kl 0.000 0.113s/rec
ep0 step 290/862 loss 0.441 kl 0.000 0.113s/rec
ep0 step 300/862 loss 0.960 kl 0.000 0.113s/rec
ep0 step 310/862 loss 0.632 kl 0.000 0.113s/rec
ep0 step 320/862 loss 0.706 kl 0.000 0.113s/rec
ep0 step 330/862 loss 0.576 kl 0.000 0.113s/rec
ep0 step 340/862 loss 0.596 kl 0.000 0.113s/rec
ep0 step 350/862 loss 0.679 kl 0.000 0.113s/rec
ep0 step 360/862 loss 0.541 kl 0.000 0.113s/rec
ep0 step 370/862 loss 0.607 kl 0.000 0.113s/rec
ep0 step 380/862 loss 0.647 kl 0.000 0.113s/rec
ep0 step 390/862 loss 0.469 kl 0.000 0.113s/rec
ep0 step 400/862 loss 0.690 kl 0.000 0.113s/rec
ep0 step 410/862 loss 0.643 kl 0.000 0.113s/rec
ep0 step 420/862 loss 0.637 kl 0.000 0.113s/rec
ep0 step 430/862 loss 0.754 kl 0.000 0.113s/rec
ep1 step 440/862 loss 0.301 kl 0.000 0.113s/rec
ep1 step 450/862 loss 0.381 kl 0.000 0.113s/rec
ep1 step 460/862 loss 0.388 kl 0.000 0.112s/rec
ep1 step 470/862 loss 0.386 kl 0.000 0.113s/rec
ep1 step 480/862 loss 0.625 kl 0.000 0.113s/rec
ep1 step 490/862 loss 0.792 kl 0.000 0.113s/rec
ep1 step 500/862 loss 0.452 kl 0.000 0.113s/rec
ep1 step 510/862 loss 0.333 kl 0.000 0.113s/rec
ep1 step 520/862 loss 0.712 kl 0.000 0.113s/rec
ep1 step 530/862 loss 0.284 kl 0.000 0.113s/rec
ep1 step 540/862 loss 0.288 kl 0.000 0.113s/rec
ep1 step 550/862 loss 0.443 kl 0.000 0.113s/rec
ep1 step 560/862 loss 0.444 kl 0.000 0.113s/rec
ep1 step 570/862 loss 0.300 kl 0.000 0.113s/rec
ep1 step 580/862 loss 0.352 kl 0.000 0.113s/rec
ep1 step 590/862 loss 0.425 kl 0.000 0.113s/rec
ep1 step 600/862 loss 0.302 kl 0.000 0.113s/rec
ep1 step 610/862 loss 0.258 kl 0.000 0.113s/rec
ep1 step 620/862 loss 0.328 kl 0.000 0.113s/rec
ep1 step 630/862 loss 0.420 kl 0.000 0.113s/rec
ep1 step 640/862 loss 0.231 kl 0.000 0.113s/rec
ep1 step 650/862 loss 0.516 kl 0.000 0.112s/rec
ep1 step 660/862 loss 0.424 kl 0.000 0.112s/rec
ep1 step 670/862 loss 0.248 kl 0.000 0.112s/rec
ep1 step 680/862 loss 0.442 kl 0.000 0.112s/rec
ep1 step 690/862 loss 0.592 kl 0.000 0.112s/rec
ep1 step 700/862 loss 0.509 kl 0.000 0.112s/rec
ep1 step 710/862 loss 0.524 kl 0.000 0.112s/rec
ep1 step 720/862 loss 0.312 kl 0.000 0.112s/rec
ep1 step 730/862 loss 0.302 kl 0.000 0.112s/rec
ep1 step 740/862 loss 0.314 kl 0.000 0.112s/rec
ep1 step 750/862 loss 0.567 kl 0.000 0.112s/rec
ep1 step 760/862 loss 0.451 kl 0.000 0.112s/rec
ep1 step 770/862 loss 0.377 kl 0.000 0.112s/rec
ep1 step 780/862 loss 0.430 kl 0.000 0.112s/rec
ep1 step 790/862 loss 0.386 kl 0.000 0.112s/rec
ep1 step 800/862 loss 0.340 kl 0.000 0.112s/rec
ep1 step 810/862 loss 0.367 kl 0.000 0.112s/rec
ep1 step 820/862 loss 0.430 kl 0.000 0.112s/rec
ep1 step 830/862 loss 0.346 kl 0.000 0.112s/rec
ep1 step 840/862 loss 0.399 kl 0.000 0.112s/rec
ep1 step 850/862 loss 0.398 kl 0.000 0.112s/rec
ep1 step 860/862 loss 0.375 kl 0.000 0.112s/rec
saved /runs/v3-data-capacity-s1/03-trial-3/checkpoint
