device=cuda trainable params=34.3M
mix: public_frac 0.33 -> 4290 public + 896 synthetic records
5186 training requests (holdout=[]), questions by type {'choice': 3294, 'noul': 1946, 'score': 980}
ep0 step 10/1947 loss 1.519 kl 0.000 0.107s/rec
ep0 step 20/1947 loss 1.587 kl 0.000 0.098s/rec
ep0 step 30/1947 loss 1.488 kl 0.000 0.094s/rec
ep0 step 40/1947 loss 1.645 kl 0.000 0.095s/rec
ep0 step 50/1947 loss 1.631 kl 0.000 0.094s/rec
ep0 step 60/1947 loss 1.468 kl 0.000 0.091s/rec
ep0 step 70/1947 loss 1.299 kl 0.000 0.091s/rec
ep0 step 80/1947 loss 1.293 kl 0.000 0.090s/rec
ep0 step 90/1947 loss 1.064 kl 0.000 0.090s/rec
ep0 step 100/1947 loss 1.224 kl 0.000 0.090s/rec
ep0 step 110/1947 loss 1.105 kl 0.000 0.091s/rec
ep0 step 120/1947 loss 0.840 kl 0.000 0.090s/rec
ep0 step 130/1947 loss 0.700 kl 0.000 0.090s/rec
ep0 step 140/1947 loss 1.089 kl 0.000 0.091s/rec
ep0 step 150/1947 loss 0.987 kl 0.000 0.091s/rec
ep0 step 160/1947 loss 0.937 kl 0.000 0.092s/rec
ep0 step 170/1947 loss 0.803 kl 0.000 0.091s/rec
ep0 step 180/1947 loss 0.780 kl 0.000 0.091s/rec
ep0 step 190/1947 loss 0.670 kl 0.000 0.091s/rec
ep0 step 200/1947 loss 0.705 kl 0.000 0.091s/rec
ep0 step 210/1947 loss 0.774 kl 0.000 0.091s/rec
ep0 step 220/1947 loss 0.905 kl 0.000 0.091s/rec
ep0 step 230/1947 loss 0.727 kl 0.000 0.091s/rec
ep0 step 240/1947 loss 0.734 kl 0.000 0.091s/rec
ep0 step 250/1947 loss 0.746 kl 0.000 0.091s/rec
ep0 step 260/1947 loss 0.593 kl 0.000 0.091s/rec
ep0 step 270/1947 loss 0.940 kl 0.000 0.091s/rec
ep0 step 280/1947 loss 0.583 kl 0.000 0.091s/rec
ep0 step 290/1947 loss 0.753 kl 0.000 0.091s/rec
ep0 step 300/1947 loss 0.482 kl 0.000 0.091s/rec
ep0 step 310/1947 loss 0.581 kl 0.000 0.091s/rec
ep0 step 320/1947 loss 0.492 kl 0.000 0.090s/rec
ep0 step 330/1947 loss 0.577 kl 0.000 0.090s/rec
ep0 step 340/1947 loss 0.723 kl 0.000 0.090s/rec
ep0 step 350/1947 loss 0.551 kl 0.000 0.090s/rec
ep0 step 360/1947 loss 0.448 kl 0.000 0.090s/rec
ep0 step 370/1947 loss 0.506 kl 0.000 0.090s/rec
ep0 step 380/1947 loss 0.544 kl 0.000 0.090s/rec
ep0 step 390/1947 loss 0.812 kl 0.000 0.090s/rec
ep0 step 400/1947 loss 0.445 kl 0.000 0.089s/rec
ep0 step 410/1947 loss 0.340 kl 0.000 0.089s/rec
ep0 step 420/1947 loss 0.764 kl 0.000 0.089s/rec
ep0 step 430/1947 loss 0.604 kl 0.000 0.089s/rec
ep0 step 440/1947 loss 0.624 kl 0.000 0.089s/rec
ep0 step 450/1947 loss 1.038 kl 0.000 0.089s/rec
ep0 step 460/1947 loss 0.673 kl 0.000 0.089s/rec
ep0 step 470/1947 loss 0.871 kl 0.000 0.089s/rec
ep0 step 480/1947 loss 0.575 kl 0.000 0.089s/rec
ep0 step 490/1947 loss 0.723 kl 0.000 0.089s/rec
ep0 step 500/1947 loss 0.360 kl 0.000 0.089s/rec
ep0 step 510/1947 loss 0.767 kl 0.000 0.089s/rec
ep0 step 520/1947 loss 0.600 kl 0.000 0.089s/rec
ep0 step 530/1947 loss 0.548 kl 0.000 0.089s/rec
ep0 step 540/1947 loss 0.733 kl 0.000 0.090s/rec
ep0 step 550/1947 loss 0.590 kl 0.000 0.090s/rec
ep0 step 560/1947 loss 0.402 kl 0.000 0.089s/rec
ep0 step 570/1947 loss 0.560 kl 0.000 0.090s/rec
ep0 step 580/1947 loss 0.460 kl 0.000 0.089s/rec
ep0 step 590/1947 loss 0.533 kl 0.000 0.089s/rec
ep0 step 600/1947 loss 0.646 kl 0.000 0.089s/rec
ep0 step 610/1947 loss 0.650 kl 0.000 0.090s/rec
ep0 step 620/1947 loss 0.648 kl 0.000 0.089s/rec
ep0 step 630/1947 loss 0.500 kl 0.000 0.089s/rec
ep0 step 640/1947 loss 0.589 kl 0.000 0.089s/rec
ep1 step 650/1947 loss 0.566 kl 0.000 0.089s/rec
ep1 step 660/1947 loss 0.440 kl 0.000 0.089s/rec
ep1 step 670/1947 loss 0.549 kl 0.000 0.089s/rec
ep1 step 680/1947 loss 0.424 kl 0.000 0.089s/rec
ep1 step 690/1947 loss 0.379 kl 0.000 0.089s/rec
ep1 step 700/1947 loss 0.389 kl 0.000 0.089s/rec
ep1 step 710/1947 loss 0.501 kl 0.000 0.089s/rec
ep1 step 720/1947 loss 0.382 kl 0.000 0.089s/rec
ep1 step 730/1947 loss 0.463 kl 0.000 0.089s/rec
ep1 step 740/1947 loss 0.377 kl 0.000 0.089s/rec
ep1 step 750/1947 loss 0.412 kl 0.000 0.089s/rec
ep1 step 760/1947 loss 0.582 kl 0.000 0.089s/rec
ep1 step 770/1947 loss 0.453 kl 0.000 0.089s/rec
ep1 step 780/1947 loss 0.376 kl 0.000 0.089s/rec
ep1 step 790/1947 loss 0.344 kl 0.000 0.089s/rec
ep1 step 800/1947 loss 0.358 kl 0.000 0.089s/rec
ep1 step 810/1947 loss 0.292 kl 0.000 0.089s/rec
ep1 step 820/1947 loss 0.757 kl 0.000 0.089s/rec
ep1 step 830/1947 loss 0.278 kl 0.000 0.089s/rec
ep1 step 840/1947 loss 0.344 kl 0.000 0.089s/rec
ep1 step 850/1947 loss 0.683 kl 0.000 0.089s/rec
ep1 step 860/1947 loss 0.382 kl 0.000 0.089s/rec
ep1 step 870/1947 loss 0.450 kl 0.000 0.088s/rec
ep1 step 880/1947 loss 0.449 kl 0.000 0.089s/rec
ep1 step 890/1947 loss 0.275 kl 0.000 0.088s/rec
ep1 step 900/1947 loss 0.453 kl 0.000 0.088s/rec
ep1 step 910/1947 loss 0.348 kl 0.000 0.088s/rec
ep1 step 920/1947 loss 0.313 kl 0.000 0.088s/rec
ep1 step 930/1947 loss 0.610 kl 0.000 0.088s/rec
ep1 step 940/1947 loss 0.545 kl 0.000 0.088s/rec
ep1 step 950/1947 loss 0.421 kl 0.000 0.088s/rec
ep1 step 960/1947 loss 0.356 kl 0.000 0.088s/rec
ep1 step 970/1947 loss 0.375 kl 0.000 0.088s/rec
ep1 step 980/1947 loss 0.331 kl 0.000 0.088s/rec
ep1 step 990/1947 loss 0.202 kl 0.000 0.088s/rec
ep1 step 1000/1947 loss 0.410 kl 0.000 0.088s/rec
ep1 step 1010/1947 loss 0.391 kl 0.000 0.088s/rec
ep1 step 1020/1947 loss 0.365 kl 0.000 0.088s/rec
ep1 step 1030/1947 loss 0.281 kl 0.000 0.088s/rec
ep1 step 1040/1947 loss 0.551 kl 0.000 0.088s/rec
ep1 step 1050/1947 loss 0.389 kl 0.000 0.088s/rec
ep1 step 1060/1947 loss 0.445 kl 0.000 0.088s/rec
ep1 step 1070/1947 loss 0.221 kl 0.000 0.088s/rec
ep1 step 1080/1947 loss 0.343 kl 0.000 0.088s/rec
ep1 step 1090/1947 loss 0.373 kl 0.000 0.088s/rec
ep1 step 1100/1947 loss 0.451 kl 0.000 0.088s/rec
ep1 step 1110/1947 loss 0.274 kl 0.000 0.088s/rec
ep1 step 1120/1947 loss 0.239 kl 0.000 0.088s/rec
ep1 step 1130/1947 loss 0.408 kl 0.000 0.088s/rec
ep1 step 1140/1947 loss 0.394 kl 0.000 0.088s/rec
ep1 step 1150/1947 loss 0.307 kl 0.000 0.088s/rec
ep1 step 1160/1947 loss 0.919 kl 0.000 0.088s/rec
ep1 step 1170/1947 loss 0.302 kl 0.000 0.088s/rec
ep1 step 1180/1947 loss 0.290 kl 0.000 0.088s/rec
ep1 step 1190/1947 loss 0.233 kl 0.000 0.088s/rec
ep1 step 1200/1947 loss 0.470 kl 0.000 0.088s/rec
ep1 step 1210/1947 loss 0.298 kl 0.000 0.088s/rec
ep1 step 1220/1947 loss 0.733 kl 0.000 0.088s/rec
ep1 step 1230/1947 loss 0.449 kl 0.000 0.088s/rec
ep1 step 1240/1947 loss 0.591 kl 0.000 0.088s/rec
ep1 step 1250/1947 loss 0.316 kl 0.000 0.088s/rec
ep1 step 1260/1947 loss 0.234 kl 0.000 0.088s/rec
ep1 step 1270/1947 loss 0.427 kl 0.000 0.088s/rec
ep1 step 1280/1947 loss 0.495 kl 0.000 0.088s/rec
ep1 step 1290/1947 loss 0.721 kl 0.000 0.088s/rec
ep2 step 1300/1947 loss 0.446 kl 0.000 0.088s/rec
ep2 step 1310/1947 loss 0.250 kl 0.000 0.088s/rec
ep2 step 1320/1947 loss 0.182 kl 0.000 0.088s/rec
ep2 step 1330/1947 loss 0.146 kl 0.000 0.088s/rec
ep2 step 1340/1947 loss 0.279 kl 0.000 0.088s/rec
ep2 step 1350/1947 loss 0.160 kl 0.000 0.088s/rec
ep2 step 1360/1947 loss 0.260 kl 0.000 0.088s/rec
ep2 step 1370/1947 loss 0.193 kl 0.000 0.088s/rec
ep2 step 1380/1947 loss 0.260 kl 0.000 0.088s/rec
ep2 step 1390/1947 loss 0.540 kl 0.000 0.088s/rec
ep2 step 1400/1947 loss 0.083 kl 0.000 0.088s/rec
ep2 step 1410/1947 loss 0.104 kl 0.000 0.088s/rec
ep2 step 1420/1947 loss 0.279 kl 0.000 0.088s/rec
ep2 step 1430/1947 loss 0.305 kl 0.000 0.088s/rec
ep2 step 1440/1947 loss 0.168 kl 0.000 0.088s/rec
ep2 step 1450/1947 loss 0.302 kl 0.000 0.088s/rec
ep2 step 1460/1947 loss 0.321 kl 0.000 0.088s/rec
ep2 step 1470/1947 loss 0.143 kl 0.000 0.088s/rec
ep2 step 1480/1947 loss 0.297 kl 0.000 0.088s/rec
ep2 step 1490/1947 loss 0.166 kl 0.000 0.088s/rec
ep2 step 1500/1947 loss 0.246 kl 0.000 0.088s/rec
ep2 step 1510/1947 loss 0.247 kl 0.000 0.088s/rec
ep2 step 1520/1947 loss 0.103 kl 0.000 0.088s/rec
ep2 step 1530/1947 loss 0.257 kl 0.000 0.088s/rec
ep2 step 1540/1947 loss 0.287 kl 0.000 0.088s/rec
ep2 step 1550/1947 loss 0.282 kl 0.000 0.088s/rec
ep2 step 1560/1947 loss 0.184 kl 0.000 0.088s/rec
ep2 step 1570/1947 loss 0.218 kl 0.000 0.088s/rec
ep2 step 1580/1947 loss 0.135 kl 0.000 0.088s/rec
ep2 step 1590/1947 loss 0.106 kl 0.000 0.088s/rec
ep2 step 1600/1947 loss 0.432 kl 0.000 0.088s/rec
ep2 step 1610/1947 loss 0.181 kl 0.000 0.088s/rec
ep2 step 1620/1947 loss 0.362 kl 0.000 0.088s/rec
ep2 step 1630/1947 loss 0.308 kl 0.000 0.088s/rec
ep2 step 1640/1947 loss 0.278 kl 0.000 0.088s/rec
ep2 step 1650/1947 loss 0.279 kl 0.000 0.088s/rec
ep2 step 1660/1947 loss 0.198 kl 0.000 0.088s/rec
ep2 step 1670/1947 loss 0.548 kl 0.000 0.088s/rec
ep2 step 1680/1947 loss 0.150 kl 0.000 0.088s/rec
ep2 step 1690/1947 loss 0.357 kl 0.000 0.088s/rec
ep2 step 1700/1947 loss 0.385 kl 0.000 0.088s/rec
ep2 step 1710/1947 loss 0.249 kl 0.000 0.088s/rec
ep2 step 1720/1947 loss 0.236 kl 0.000 0.088s/rec
ep2 step 1730/1947 loss 0.088 kl 0.000 0.088s/rec
ep2 step 1740/1947 loss 0.168 kl 0.000 0.088s/rec
ep2 step 1750/1947 loss 0.593 kl 0.000 0.088s/rec
ep2 step 1760/1947 loss 0.275 kl 0.000 0.088s/rec
ep2 step 1770/1947 loss 0.369 kl 0.000 0.088s/rec
ep2 step 1780/1947 loss 0.245 kl 0.000 0.088s/rec
ep2 step 1790/1947 loss 0.457 kl 0.000 0.088s/rec
ep2 step 1800/1947 loss 0.097 kl 0.000 0.088s/rec
ep2 step 1810/1947 loss 0.167 kl 0.000 0.088s/rec
ep2 step 1820/1947 loss 0.410 kl 0.000 0.088s/rec
ep2 step 1830/1947 loss 0.326 kl 0.000 0.088s/rec
ep2 step 1840/1947 loss 0.168 kl 0.000 0.088s/rec
ep2 step 1850/1947 loss 0.235 kl 0.000 0.088s/rec
ep2 step 1860/1947 loss 0.163 kl 0.000 0.088s/rec
ep2 step 1870/1947 loss 0.194 kl 0.000 0.088s/rec
ep2 step 1880/1947 loss 0.263 kl 0.000 0.088s/rec
ep2 step 1890/1947 loss 0.250 kl 0.000 0.088s/rec
ep2 step 1900/1947 loss 0.183 kl 0.000 0.088s/rec
ep2 step 1910/1947 loss 0.340 kl 0.000 0.088s/rec
ep2 step 1920/1947 loss 0.074 kl 0.000 0.088s/rec
ep2 step 1930/1947 loss 0.125 kl 0.000 0.088s/rec
ep2 step 1940/1947 loss 0.163 kl 0.000 0.088s/rec
saved /runs/recipe-4b-r1/04-trial-4/checkpoint
