device=cuda trainable params=34.3M
mix: synthetic_repeat 3 -> +1792 records
12688 training requests (holdout=[]), questions by type {'choice': 7016, 'score': 3000, 'noul': 5672}
ep0 step 10/3172 loss 1.765 kl 0.000 0.105s/rec
ep0 step 20/3172 loss 1.643 kl 0.000 0.097s/rec
ep0 step 30/3172 loss 1.775 kl 0.000 0.093s/rec
ep0 step 40/3172 loss 1.582 kl 0.000 0.089s/rec
ep0 step 50/3172 loss 1.869 kl 0.000 0.086s/rec
ep0 step 60/3172 loss 1.473 kl 0.000 0.084s/rec
ep0 step 70/3172 loss 1.598 kl 0.000 0.084s/rec
ep0 step 80/3172 loss 1.633 kl 0.000 0.084s/rec
ep0 step 90/3172 loss 1.785 kl 0.000 0.084s/rec
ep0 step 100/3172 loss 1.247 kl 0.000 0.084s/rec
ep0 step 110/3172 loss 1.140 kl 0.000 0.084s/rec
ep0 step 120/3172 loss 1.047 kl 0.000 0.084s/rec
ep0 step 130/3172 loss 0.929 kl 0.000 0.083s/rec
ep0 step 140/3172 loss 1.116 kl 0.000 0.084s/rec
ep0 step 150/3172 loss 0.690 kl 0.000 0.084s/rec
ep0 step 160/3172 loss 0.824 kl 0.000 0.084s/rec
ep0 step 170/3172 loss 0.782 kl 0.000 0.084s/rec
ep0 step 180/3172 loss 0.631 kl 0.000 0.085s/rec
ep0 step 190/3172 loss 0.665 kl 0.000 0.085s/rec
ep0 step 200/3172 loss 0.992 kl 0.000 0.085s/rec
ep0 step 210/3172 loss 0.930 kl 0.000 0.085s/rec
ep0 step 220/3172 loss 0.703 kl 0.000 0.085s/rec
ep0 step 230/3172 loss 0.818 kl 0.000 0.085s/rec
ep0 step 240/3172 loss 1.062 kl 0.000 0.085s/rec
ep0 step 250/3172 loss 1.301 kl 0.000 0.085s/rec
ep0 step 260/3172 loss 1.108 kl 0.000 0.085s/rec
ep0 step 270/3172 loss 0.851 kl 0.000 0.086s/rec
ep0 step 280/3172 loss 1.158 kl 0.000 0.085s/rec
ep0 step 290/3172 loss 1.154 kl 0.000 0.085s/rec
ep0 step 300/3172 loss 1.148 kl 0.000 0.085s/rec
ep0 step 310/3172 loss 1.040 kl 0.000 0.085s/rec
ep0 step 320/3172 loss 0.712 kl 0.000 0.085s/rec
ep0 step 330/3172 loss 0.752 kl 0.000 0.085s/rec
ep0 step 340/3172 loss 1.178 kl 0.000 0.084s/rec
ep0 step 350/3172 loss 1.080 kl 0.000 0.084s/rec
ep0 step 360/3172 loss 1.474 kl 0.000 0.084s/rec
ep0 step 370/3172 loss 2.061 kl 0.000 0.085s/rec
ep0 step 380/3172 loss 1.835 kl 0.000 0.085s/rec
ep0 step 390/3172 loss 1.635 kl 0.000 0.085s/rec
ep0 step 400/3172 loss 1.428 kl 0.000 0.084s/rec
ep0 step 410/3172 loss 1.660 kl 0.000 0.084s/rec
ep0 step 420/3172 loss 1.589 kl 0.000 0.084s/rec
ep0 step 430/3172 loss 1.520 kl 0.000 0.084s/rec
ep0 step 440/3172 loss 1.841 kl 0.000 0.084s/rec
ep0 step 450/3172 loss 1.745 kl 0.000 0.085s/rec
ep0 step 460/3172 loss 1.808 kl 0.000 0.085s/rec
ep0 step 470/3172 loss 1.694 kl 0.000 0.085s/rec
ep0 step 480/3172 loss 1.874 kl 0.000 0.085s/rec
ep0 step 490/3172 loss 1.625 kl 0.000 0.085s/rec
ep0 step 500/3172 loss 1.692 kl 0.000 0.085s/rec
ep0 step 510/3172 loss 1.875 kl 0.000 0.085s/rec
ep0 step 520/3172 loss 1.379 kl 0.000 0.085s/rec
ep0 step 530/3172 loss 1.454 kl 0.000 0.085s/rec
ep0 step 540/3172 loss 1.397 kl 0.000 0.085s/rec
ep0 step 550/3172 loss 1.399 kl 0.000 0.085s/rec
ep0 step 560/3172 loss 1.473 kl 0.000 0.085s/rec
ep0 step 570/3172 loss 1.492 kl 0.000 0.085s/rec
ep0 step 580/3172 loss 1.599 kl 0.000 0.085s/rec
ep0 step 590/3172 loss 1.522 kl 0.000 0.085s/rec
ep0 step 600/3172 loss 1.494 kl 0.000 0.085s/rec
ep0 step 610/3172 loss 1.470 kl 0.000 0.085s/rec
ep0 step 620/3172 loss 1.482 kl 0.000 0.085s/rec
ep0 step 630/3172 loss 1.507 kl 0.000 0.085s/rec
ep0 step 640/3172 loss 1.682 kl 0.000 0.085s/rec
ep0 step 650/3172 loss 1.611 kl 0.000 0.085s/rec
ep0 step 660/3172 loss 1.317 kl 0.000 0.085s/rec
ep0 step 670/3172 loss 1.492 kl 0.000 0.085s/rec
ep0 step 680/3172 loss 1.665 kl 0.000 0.085s/rec
ep0 step 690/3172 loss 1.603 kl 0.000 0.085s/rec
ep0 step 700/3172 loss 1.560 kl 0.000 0.085s/rec
ep0 step 710/3172 loss 1.499 kl 0.000 0.085s/rec
ep0 step 720/3172 loss 1.771 kl 0.000 0.085s/rec
ep0 step 730/3172 loss 1.516 kl 0.000 0.085s/rec
ep0 step 740/3172 loss 1.540 kl 0.000 0.085s/rec
ep0 step 750/3172 loss 1.368 kl 0.000 0.085s/rec
ep0 step 760/3172 loss 1.160 kl 0.000 0.085s/rec
ep0 step 770/3172 loss 1.022 kl 0.000 0.085s/rec
ep0 step 780/3172 loss 0.923 kl 0.000 0.085s/rec
ep0 step 790/3172 loss 0.666 kl 0.000 0.085s/rec
ep0 step 800/3172 loss 1.091 kl 0.000 0.085s/rec
ep0 step 810/3172 loss 0.862 kl 0.000 0.085s/rec
ep0 step 820/3172 loss 0.829 kl 0.000 0.085s/rec
ep0 step 830/3172 loss 1.057 kl 0.000 0.085s/rec
ep0 step 840/3172 loss 0.725 kl 0.000 0.085s/rec
ep0 step 850/3172 loss 0.747 kl 0.000 0.084s/rec
ep0 step 860/3172 loss 0.861 kl 0.000 0.084s/rec
ep0 step 870/3172 loss 1.306 kl 0.000 0.084s/rec
ep0 step 880/3172 loss 0.866 kl 0.000 0.084s/rec
ep0 step 890/3172 loss 0.975 kl 0.000 0.084s/rec
ep0 step 900/3172 loss 0.893 kl 0.000 0.085s/rec
ep0 step 910/3172 loss 0.739 kl 0.000 0.084s/rec
ep0 step 920/3172 loss 0.778 kl 0.000 0.084s/rec
ep0 step 930/3172 loss 1.114 kl 0.000 0.084s/rec
ep0 step 940/3172 loss 0.575 kl 0.000 0.084s/rec
ep0 step 950/3172 loss 0.796 kl 0.000 0.084s/rec
ep0 step 960/3172 loss 0.750 kl 0.000 0.084s/rec
ep0 step 970/3172 loss 0.723 kl 0.000 0.084s/rec
ep0 step 980/3172 loss 0.673 kl 0.000 0.084s/rec
ep0 step 990/3172 loss 0.557 kl 0.000 0.084s/rec
ep0 step 1000/3172 loss 0.711 kl 0.000 0.084s/rec
ep0 step 1010/3172 loss 0.710 kl 0.000 0.084s/rec
ep0 step 1020/3172 loss 0.906 kl 0.000 0.084s/rec
ep0 step 1030/3172 loss 0.685 kl 0.000 0.084s/rec
ep0 step 1040/3172 loss 0.857 kl 0.000 0.084s/rec
ep0 step 1050/3172 loss 0.851 kl 0.000 0.084s/rec
ep0 step 1060/3172 loss 1.021 kl 0.000 0.084s/rec
ep0 step 1070/3172 loss 1.271 kl 0.000 0.084s/rec
ep0 step 1080/3172 loss 1.214 kl 0.000 0.084s/rec
ep0 step 1090/3172 loss 1.063 kl 0.000 0.084s/rec
ep0 step 1100/3172 loss 0.939 kl 0.000 0.084s/rec
ep0 step 1110/3172 loss 1.137 kl 0.000 0.084s/rec
ep0 step 1120/3172 loss 0.855 kl 0.000 0.084s/rec
ep0 step 1130/3172 loss 0.992 kl 0.000 0.084s/rec
ep0 step 1140/3172 loss 0.615 kl 0.000 0.084s/rec
ep0 step 1150/3172 loss 0.556 kl 0.000 0.084s/rec
ep0 step 1160/3172 loss 0.640 kl 0.000 0.084s/rec
ep0 step 1170/3172 loss 0.428 kl 0.000 0.084s/rec
ep0 step 1180/3172 loss 0.695 kl 0.000 0.084s/rec
ep0 step 1190/3172 loss 0.675 kl 0.000 0.084s/rec
ep0 step 1200/3172 loss 0.547 kl 0.000 0.084s/rec
ep0 step 1210/3172 loss 0.719 kl 0.000 0.084s/rec
ep0 step 1220/3172 loss 0.517 kl 0.000 0.084s/rec
ep0 step 1230/3172 loss 0.619 kl 0.000 0.084s/rec
ep0 step 1240/3172 loss 1.100 kl 0.000 0.084s/rec
ep0 step 1250/3172 loss 0.750 kl 0.000 0.084s/rec
ep0 step 1260/3172 loss 0.551 kl 0.000 0.084s/rec
ep0 step 1270/3172 loss 1.028 kl 0.000 0.084s/rec
ep0 step 1280/3172 loss 1.082 kl 0.000 0.084s/rec
ep0 step 1290/3172 loss 0.751 kl 0.000 0.084s/rec
ep0 step 1300/3172 loss 0.411 kl 0.000 0.084s/rec
ep0 step 1310/3172 loss 1.078 kl 0.000 0.084s/rec
ep0 step 1320/3172 loss 0.714 kl 0.000 0.084s/rec
ep0 step 1330/3172 loss 0.834 kl 0.000 0.084s/rec
ep0 step 1340/3172 loss 0.676 kl 0.000 0.084s/rec
ep0 step 1350/3172 loss 0.571 kl 0.000 0.084s/rec
ep0 step 1360/3172 loss 0.806 kl 0.000 0.084s/rec
ep0 step 1370/3172 loss 0.720 kl 0.000 0.084s/rec
ep0 step 1380/3172 loss 0.488 kl 0.000 0.084s/rec
ep0 step 1390/3172 loss 1.248 kl 0.000 0.084s/rec
ep0 step 1400/3172 loss 0.878 kl 0.000 0.084s/rec
ep0 step 1410/3172 loss 0.711 kl 0.000 0.084s/rec
ep0 step 1420/3172 loss 0.495 kl 0.000 0.084s/rec
ep0 step 1430/3172 loss 0.680 kl 0.000 0.084s/rec
ep0 step 1440/3172 loss 0.878 kl 0.000 0.084s/rec
ep0 step 1450/3172 loss 1.040 kl 0.000 0.084s/rec
ep0 step 1460/3172 loss 0.834 kl 0.000 0.084s/rec
ep0 step 1470/3172 loss 0.761 kl 0.000 0.084s/rec
ep0 step 1480/3172 loss 0.858 kl 0.000 0.084s/rec
ep0 step 1490/3172 loss 1.286 kl 0.000 0.084s/rec
ep0 step 1500/3172 loss 1.071 kl 0.000 0.084s/rec
ep0 step 1510/3172 loss 1.107 kl 0.000 0.084s/rec
ep0 step 1520/3172 loss 0.954 kl 0.000 0.084s/rec
ep0 step 1530/3172 loss 0.633 kl 0.000 0.084s/rec
ep0 step 1540/3172 loss 0.547 kl 0.000 0.084s/rec
ep0 step 1550/3172 loss 0.669 kl 0.000 0.084s/rec
ep0 step 1560/3172 loss 0.625 kl 0.000 0.084s/rec
ep0 step 1570/3172 loss 0.567 kl 0.000 0.084s/rec
ep0 step 1580/3172 loss 0.941 kl 0.000 0.084s/rec
ep1 step 1590/3172 loss 0.496 kl 0.000 0.084s/rec
ep1 step 1600/3172 loss 0.443 kl 0.000 0.084s/rec
ep1 step 1610/3172 loss 0.890 kl 0.000 0.084s/rec
ep1 step 1620/3172 loss 0.772 kl 0.000 0.084s/rec
ep1 step 1630/3172 loss 0.674 kl 0.000 0.084s/rec
ep1 step 1640/3172 loss 0.605 kl 0.000 0.084s/rec
ep1 step 1650/3172 loss 0.683 kl 0.000 0.084s/rec
ep1 step 1660/3172 loss 0.806 kl 0.000 0.084s/rec
ep1 step 1670/3172 loss 0.813 kl 0.000 0.084s/rec
ep1 step 1680/3172 loss 0.653 kl 0.000 0.084s/rec
ep1 step 1690/3172 loss 0.518 kl 0.000 0.084s/rec
ep1 step 1700/3172 loss 0.451 kl 0.000 0.084s/rec
ep1 step 1710/3172 loss 0.579 kl 0.000 0.084s/rec
ep1 step 1720/3172 loss 0.716 kl 0.000 0.084s/rec
ep1 step 1730/3172 loss 0.477 kl 0.000 0.084s/rec
ep1 step 1740/3172 loss 0.375 kl 0.000 0.085s/rec
ep1 step 1750/3172 loss 0.341 kl 0.000 0.084s/rec
ep1 step 1760/3172 loss 0.647 kl 0.000 0.084s/rec
ep1 step 1770/3172 loss 0.377 kl 0.000 0.084s/rec
ep1 step 1780/3172 loss 0.294 kl 0.000 0.084s/rec
ep1 step 1790/3172 loss 0.530 kl 0.000 0.084s/rec
ep1 step 1800/3172 loss 0.512 kl 0.000 0.084s/rec
ep1 step 1810/3172 loss 0.508 kl 0.000 0.084s/rec
ep1 step 1820/3172 loss 0.482 kl 0.000 0.084s/rec
ep1 step 1830/3172 loss 0.790 kl 0.000 0.084s/rec
ep1 step 1840/3172 loss 0.523 kl 0.000 0.085s/rec
ep1 step 1850/3172 loss 0.834 kl 0.000 0.084s/rec
ep1 step 1860/3172 loss 0.409 kl 0.000 0.084s/rec
ep1 step 1870/3172 loss 0.694 kl 0.000 0.085s/rec
ep1 step 1880/3172 loss 0.325 kl 0.000 0.085s/rec
ep1 step 1890/3172 loss 0.336 kl 0.000 0.085s/rec
ep1 step 1900/3172 loss 0.415 kl 0.000 0.085s/rec
ep1 step 1910/3172 loss 0.474 kl 0.000 0.085s/rec
ep1 step 1920/3172 loss 0.363 kl 0.000 0.085s/rec
ep1 step 1930/3172 loss 0.331 kl 0.000 0.085s/rec
ep1 step 1940/3172 loss 0.413 kl 0.000 0.085s/rec
ep1 step 1950/3172 loss 0.329 kl 0.000 0.085s/rec
ep1 step 1960/3172 loss 0.562 kl 0.000 0.085s/rec
ep1 step 1970/3172 loss 0.414 kl 0.000 0.085s/rec
ep1 step 1980/3172 loss 0.846 kl 0.000 0.085s/rec
ep1 step 1990/3172 loss 0.241 kl 0.000 0.085s/rec
ep1 step 2000/3172 loss 0.581 kl 0.000 0.085s/rec
ep1 step 2010/3172 loss 0.460 kl 0.000 0.085s/rec
ep1 step 2020/3172 loss 0.388 kl 0.000 0.085s/rec
ep1 step 2030/3172 loss 0.459 kl 0.000 0.085s/rec
ep1 step 2040/3172 loss 0.403 kl 0.000 0.085s/rec
ep1 step 2050/3172 loss 0.254 kl 0.000 0.085s/rec
ep1 step 2060/3172 loss 0.422 kl 0.000 0.085s/rec
ep1 step 2070/3172 loss 0.700 kl 0.000 0.085s/rec
ep1 step 2080/3172 loss 0.458 kl 0.000 0.085s/rec
ep1 step 2090/3172 loss 0.317 kl 0.000 0.084s/rec
ep1 step 2100/3172 loss 0.531 kl 0.000 0.084s/rec
ep1 step 2110/3172 loss 0.424 kl 0.000 0.084s/rec
ep1 step 2120/3172 loss 0.436 kl 0.000 0.084s/rec
ep1 step 2130/3172 loss 0.291 kl 0.000 0.084s/rec
ep1 step 2140/3172 loss 0.460 kl 0.000 0.084s/rec
ep1 step 2150/3172 loss 0.373 kl 0.000 0.085s/rec
ep1 step 2160/3172 loss 0.648 kl 0.000 0.085s/rec
ep1 step 2170/3172 loss 0.766 kl 0.000 0.085s/rec
ep1 step 2180/3172 loss 0.506 kl 0.000 0.085s/rec
ep1 step 2190/3172 loss 0.401 kl 0.000 0.085s/rec
ep1 step 2200/3172 loss 0.667 kl 0.000 0.085s/rec
ep1 step 2210/3172 loss 0.433 kl 0.000 0.085s/rec
ep1 step 2220/3172 loss 0.466 kl 0.000 0.085s/rec
ep1 step 2230/3172 loss 0.514 kl 0.000 0.085s/rec
ep1 step 2240/3172 loss 0.459 kl 0.000 0.085s/rec
ep1 step 2250/3172 loss 0.707 kl 0.000 0.085s/rec
ep1 step 2260/3172 loss 0.404 kl 0.000 0.085s/rec
ep1 step 2270/3172 loss 0.419 kl 0.000 0.085s/rec
ep1 step 2280/3172 loss 0.344 kl 0.000 0.085s/rec
ep1 step 2290/3172 loss 0.248 kl 0.000 0.085s/rec
ep1 step 2300/3172 loss 0.641 kl 0.000 0.085s/rec
ep1 step 2310/3172 loss 0.430 kl 0.000 0.085s/rec
ep1 step 2320/3172 loss 0.337 kl 0.000 0.085s/rec
ep1 step 2330/3172 loss 0.416 kl 0.000 0.085s/rec
ep1 step 2340/3172 loss 0.321 kl 0.000 0.085s/rec
ep1 step 2350/3172 loss 0.581 kl 0.000 0.085s/rec
ep1 step 2360/3172 loss 0.287 kl 0.000 0.085s/rec
ep1 step 2370/3172 loss 0.388 kl 0.000 0.085s/rec
ep1 step 2380/3172 loss 0.383 kl 0.000 0.085s/rec
ep1 step 2390/3172 loss 0.712 kl 0.000 0.085s/rec
ep1 step 2400/3172 loss 0.424 kl 0.000 0.085s/rec
ep1 step 2410/3172 loss 0.422 kl 0.000 0.085s/rec
ep1 step 2420/3172 loss 0.309 kl 0.000 0.085s/rec
ep1 step 2430/3172 loss 0.528 kl 0.000 0.085s/rec
ep1 step 2440/3172 loss 0.358 kl 0.000 0.085s/rec
ep1 step 2450/3172 loss 0.455 kl 0.000 0.085s/rec
ep1 step 2460/3172 loss 0.345 kl 0.000 0.085s/rec
ep1 step 2470/3172 loss 0.249 kl 0.000 0.085s/rec
ep1 step 2480/3172 loss 0.453 kl 0.000 0.085s/rec
ep1 step 2490/3172 loss 0.248 kl 0.000 0.085s/rec
ep1 step 2500/3172 loss 0.416 kl 0.000 0.084s/rec
ep1 step 2510/3172 loss 0.319 kl 0.000 0.085s/rec
ep1 step 2520/3172 loss 0.502 kl 0.000 0.085s/rec
ep1 step 2530/3172 loss 0.321 kl 0.000 0.084s/rec
ep1 step 2540/3172 loss 0.285 kl 0.000 0.084s/rec
ep1 step 2550/3172 loss 0.286 kl 0.000 0.084s/rec
ep1 step 2560/3172 loss 0.568 kl 0.000 0.084s/rec
ep1 step 2570/3172 loss 0.379 kl 0.000 0.084s/rec
ep1 step 2580/3172 loss 0.312 kl 0.000 0.084s/rec
ep1 step 2590/3172 loss 0.361 kl 0.000 0.084s/rec
ep1 step 2600/3172 loss 0.475 kl 0.000 0.084s/rec
ep1 step 2610/3172 loss 0.305 kl 0.000 0.084s/rec
ep1 step 2620/3172 loss 0.305 kl 0.000 0.084s/rec
ep1 step 2630/3172 loss 0.246 kl 0.000 0.084s/rec
ep1 step 2640/3172 loss 0.789 kl 0.000 0.084s/rec
ep1 step 2650/3172 loss 0.515 kl 0.000 0.084s/rec
ep1 step 2660/3172 loss 0.376 kl 0.000 0.084s/rec
ep1 step 2670/3172 loss 0.442 kl 0.000 0.084s/rec
ep1 step 2680/3172 loss 0.192 kl 0.000 0.084s/rec
ep1 step 2690/3172 loss 0.304 kl 0.000 0.084s/rec
ep1 step 2700/3172 loss 0.454 kl 0.000 0.084s/rec
ep1 step 2710/3172 loss 0.384 kl 0.000 0.085s/rec
ep1 step 2720/3172 loss 0.298 kl 0.000 0.085s/rec
ep1 step 2730/3172 loss 0.324 kl 0.000 0.085s/rec
ep1 step 2740/3172 loss 0.229 kl 0.000 0.084s/rec
ep1 step 2750/3172 loss 0.449 kl 0.000 0.084s/rec
ep1 step 2760/3172 loss 0.232 kl 0.000 0.084s/rec
ep1 step 2770/3172 loss 0.378 kl 0.000 0.084s/rec
ep1 step 2780/3172 loss 0.424 kl 0.000 0.084s/rec
ep1 step 2790/3172 loss 0.439 kl 0.000 0.084s/rec
ep1 step 2800/3172 loss 0.506 kl 0.000 0.084s/rec
ep1 step 2810/3172 loss 0.418 kl 0.000 0.084s/rec
ep1 step 2820/3172 loss 0.508 kl 0.000 0.084s/rec
ep1 step 2830/3172 loss 0.359 kl 0.000 0.084s/rec
ep1 step 2840/3172 loss 0.331 kl 0.000 0.084s/rec
ep1 step 2850/3172 loss 0.328 kl 0.000 0.084s/rec
ep1 step 2860/3172 loss 0.252 kl 0.000 0.084s/rec
ep1 step 2870/3172 loss 0.271 kl 0.000 0.084s/rec
ep1 step 2880/3172 loss 0.320 kl 0.000 0.084s/rec
ep1 step 2890/3172 loss 0.237 kl 0.000 0.084s/rec
ep1 step 2900/3172 loss 0.347 kl 0.000 0.084s/rec
ep1 step 2910/3172 loss 0.527 kl 0.000 0.084s/rec
ep1 step 2920/3172 loss 0.467 kl 0.000 0.084s/rec
ep1 step 2930/3172 loss 0.269 kl 0.000 0.084s/rec
ep1 step 2940/3172 loss 0.370 kl 0.000 0.084s/rec
ep1 step 2950/3172 loss 0.239 kl 0.000 0.084s/rec
ep1 step 2960/3172 loss 0.372 kl 0.000 0.084s/rec
ep1 step 2970/3172 loss 0.508 kl 0.000 0.084s/rec
ep1 step 2980/3172 loss 0.517 kl 0.000 0.084s/rec
ep1 step 2990/3172 loss 0.198 kl 0.000 0.084s/rec
ep1 step 3000/3172 loss 0.196 kl 0.000 0.084s/rec
ep1 step 3010/3172 loss 0.305 kl 0.000 0.084s/rec
ep1 step 3020/3172 loss 0.272 kl 0.000 0.084s/rec
ep1 step 3030/3172 loss 0.271 kl 0.000 0.084s/rec
ep1 step 3040/3172 loss 0.239 kl 0.000 0.084s/rec
ep1 step 3050/3172 loss 0.337 kl 0.000 0.084s/rec
ep1 step 3060/3172 loss 0.372 kl 0.000 0.084s/rec
ep1 step 3070/3172 loss 0.557 kl 0.000 0.084s/rec
ep1 step 3080/3172 loss 0.257 kl 0.000 0.084s/rec
ep1 step 3090/3172 loss 0.316 kl 0.000 0.084s/rec
ep1 step 3100/3172 loss 0.303 kl 0.000 0.084s/rec
ep1 step 3110/3172 loss 0.366 kl 0.000 0.084s/rec
ep1 step 3120/3172 loss 0.284 kl 0.000 0.084s/rec
ep1 step 3130/3172 loss 0.431 kl 0.000 0.084s/rec
ep1 step 3140/3172 loss 0.328 kl 0.000 0.084s/rec
ep1 step 3150/3172 loss 0.202 kl 0.000 0.084s/rec
ep1 step 3160/3172 loss 0.456 kl 0.000 0.084s/rec
ep1 step 3170/3172 loss 0.331 kl 0.000 0.084s/rec
saved /runs/mix-4b-knobs/00-trial-0/checkpoint
