Repo card metadata block was not found. Setting CardData to empty.
device=mps trainable params=9.3M
9000 training records, mean len 230, questions by type {'choice': 4500, 'score': 3000, 'noul': 6000}
ep0 step 10/2250 loss 8.905 0.37s/rec
ep0 step 20/2250 loss 4.146 0.37s/rec
ep0 step 30/2250 loss 4.281 0.37s/rec
ep0 step 40/2250 loss 4.212 0.36s/rec
ep0 step 50/2250 loss 3.434 0.35s/rec
ep0 step 60/2250 loss 3.366 0.34s/rec
ep0 step 70/2250 loss 3.617 0.34s/rec
ep0 step 80/2250 loss 3.253 0.35s/rec
ep0 step 90/2250 loss 3.106 0.34s/rec
ep0 step 100/2250 loss 2.003 0.34s/rec
ep0 step 110/2250 loss 1.636 0.34s/rec
ep0 step 120/2250 loss 1.649 0.34s/rec
ep0 step 130/2250 loss 1.576 0.33s/rec
ep0 step 140/2250 loss 1.582 0.33s/rec
ep0 step 150/2250 loss 1.259 0.33s/rec
ep0 step 160/2250 loss 1.378 0.33s/rec
ep0 step 170/2250 loss 1.101 0.33s/rec
ep0 step 180/2250 loss 1.380 0.33s/rec
ep0 step 190/2250 loss 2.230 0.33s/rec
ep0 step 200/2250 loss 2.561 0.33s/rec
ep0 step 210/2250 loss 1.290 0.33s/rec
ep0 step 220/2250 loss 1.152 0.33s/rec
ep0 step 230/2250 loss 1.113 0.33s/rec
ep0 step 240/2250 loss 0.920 0.33s/rec
ep0 step 250/2250 loss 1.208 0.33s/rec
ep0 step 260/2250 loss 1.211 0.33s/rec
ep0 step 270/2250 loss 1.002 0.33s/rec
ep0 step 280/2250 loss 1.132 0.33s/rec
ep0 step 290/2250 loss 1.387 0.33s/rec
ep0 step 300/2250 loss 1.052 0.33s/rec
ep0 step 310/2250 loss 0.830 0.33s/rec
ep0 step 320/2250 loss 1.069 0.33s/rec
ep0 step 330/2250 loss 1.025 0.33s/rec
ep0 step 340/2250 loss 0.949 0.33s/rec
ep0 step 350/2250 loss 0.967 0.33s/rec
ep0 step 360/2250 loss 1.014 0.32s/rec
ep0 step 370/2250 loss 0.744 0.33s/rec
ep0 step 380/2250 loss 1.070 0.33s/rec
ep0 step 390/2250 loss 0.740 0.33s/rec
ep0 step 400/2250 loss 1.020 0.32s/rec
ep0 step 410/2250 loss 0.982 0.32s/rec
ep0 step 420/2250 loss 0.817 0.32s/rec
ep0 step 430/2250 loss 0.967 0.32s/rec
ep0 step 440/2250 loss 1.064 0.32s/rec
ep0 step 450/2250 loss 0.663 0.32s/rec
ep0 step 460/2250 loss 0.944 0.32s/rec
ep0 step 470/2250 loss 0.893 0.32s/rec
ep0 step 480/2250 loss 0.754 0.32s/rec
ep0 step 490/2250 loss 0.770 0.32s/rec
ep0 step 500/2250 loss 0.858 0.32s/rec
ep0 step 510/2250 loss 0.842 0.32s/rec
ep0 step 520/2250 loss 0.823 0.32s/rec
ep0 step 530/2250 loss 0.643 0.32s/rec
ep0 step 540/2250 loss 0.657 0.32s/rec
ep0 step 550/2250 loss 0.901 0.32s/rec
ep0 step 560/2250 loss 0.832 0.32s/rec
ep0 step 570/2250 loss 0.704 0.32s/rec
ep0 step 580/2250 loss 0.696 0.32s/rec
ep0 step 590/2250 loss 0.592 0.32s/rec
ep0 step 600/2250 loss 1.019 0.32s/rec
ep0 step 610/2250 loss 1.017 0.32s/rec
ep0 step 620/2250 loss 0.715 0.32s/rec
ep0 step 630/2250 loss 1.009 0.32s/rec
ep0 step 640/2250 loss 0.712 0.32s/rec
ep0 step 650/2250 loss 0.725 0.32s/rec
ep0 step 660/2250 loss 0.737 0.32s/rec
ep0 step 670/2250 loss 0.963 0.32s/rec
ep0 step 680/2250 loss 0.982 0.31s/rec
ep0 step 690/2250 loss 0.754 0.31s/rec
ep0 step 700/2250 loss 0.593 0.31s/rec
ep0 step 710/2250 loss 1.031 0.31s/rec
ep0 step 720/2250 loss 0.760 0.31s/rec
ep0 step 730/2250 loss 0.789 0.31s/rec
ep0 step 740/2250 loss 0.963 0.31s/rec
ep0 step 750/2250 loss 0.710 0.31s/rec
ep0 step 760/2250 loss 0.528 0.31s/rec
ep0 step 770/2250 loss 0.798 0.31s/rec
ep0 step 780/2250 loss 0.644 0.31s/rec
ep0 step 790/2250 loss 0.547 0.31s/rec
ep0 step 800/2250 loss 0.678 0.31s/rec
ep0 step 810/2250 loss 0.764 0.31s/rec
ep0 step 820/2250 loss 0.900 0.31s/rec
ep0 step 830/2250 loss 0.736 0.31s/rec
ep0 step 840/2250 loss 0.965 0.31s/rec
ep0 step 850/2250 loss 0.840 0.31s/rec
ep0 step 860/2250 loss 0.788 0.31s/rec
ep0 step 870/2250 loss 0.659 0.31s/rec
ep0 step 880/2250 loss 0.776 0.31s/rec
ep0 step 890/2250 loss 0.733 0.30s/rec
ep0 step 900/2250 loss 0.659 0.30s/rec
ep0 step 910/2250 loss 0.890 0.30s/rec
ep0 step 920/2250 loss 0.579 0.30s/rec
ep0 step 930/2250 loss 0.857 0.30s/rec
ep0 step 940/2250 loss 0.686 0.30s/rec
ep0 step 950/2250 loss 0.828 0.30s/rec
ep0 step 960/2250 loss 0.708 0.30s/rec
ep0 step 970/2250 loss 0.747 0.30s/rec
ep0 step 980/2250 loss 0.761 0.30s/rec
ep0 step 990/2250 loss 0.661 0.30s/rec
ep0 step 1000/2250 loss 0.744 0.30s/rec
ep0 step 1010/2250 loss 0.764 0.30s/rec
ep0 step 1020/2250 loss 0.833 0.30s/rec
ep0 step 1030/2250 loss 0.488 0.30s/rec
ep0 step 1040/2250 loss 0.695 0.30s/rec
ep0 step 1050/2250 loss 0.706 0.30s/rec
ep0 step 1060/2250 loss 0.550 0.30s/rec
ep0 step 1070/2250 loss 0.721 0.30s/rec
ep0 step 1080/2250 loss 0.590 0.30s/rec
ep0 step 1090/2250 loss 0.647 0.30s/rec
ep0 step 1100/2250 loss 0.791 0.30s/rec
ep0 step 1110/2250 loss 0.814 0.30s/rec
ep0 step 1120/2250 loss 0.600 0.30s/rec
ep1 step 1130/2250 loss 0.659 0.30s/rec
ep1 step 1140/2250 loss 0.312 0.30s/rec
ep1 step 1150/2250 loss 0.507 0.30s/rec
ep1 step 1160/2250 loss 0.604 0.30s/rec
ep1 step 1170/2250 loss 0.446 0.30s/rec
ep1 step 1180/2250 loss 0.559 0.30s/rec
ep1 step 1190/2250 loss 0.446 0.30s/rec
ep1 step 1200/2250 loss 0.470 0.30s/rec
ep1 step 1210/2250 loss 0.254 0.30s/rec
ep1 step 1220/2250 loss 0.637 0.30s/rec
ep1 step 1230/2250 loss 0.620 0.30s/rec
ep1 step 1240/2250 loss 0.605 0.30s/rec
ep1 step 1250/2250 loss 0.382 0.30s/rec
ep1 step 1260/2250 loss 0.341 0.30s/rec
ep1 step 1270/2250 loss 0.576 0.30s/rec
ep1 step 1280/2250 loss 0.701 0.29s/rec
ep1 step 1290/2250 loss 0.576 0.29s/rec
ep1 step 1300/2250 loss 0.421 0.29s/rec
ep1 step 1310/2250 loss 0.520 0.29s/rec
ep1 step 1320/2250 loss 0.509 0.29s/rec
ep1 step 1330/2250 loss 0.551 0.29s/rec
ep1 step 1340/2250 loss 0.439 0.29s/rec
ep1 step 1350/2250 loss 0.386 0.29s/rec
ep1 step 1360/2250 loss 0.557 0.29s/rec
ep1 step 1370/2250 loss 0.603 0.29s/rec
ep1 step 1380/2250 loss 0.437 0.29s/rec
ep1 step 1390/2250 loss 0.295 0.29s/rec
ep1 step 1400/2250 loss 0.450 0.29s/rec
ep1 step 1410/2250 loss 0.414 0.29s/rec
ep1 step 1420/2250 loss 0.450 0.29s/rec
ep1 step 1430/2250 loss 0.599 0.29s/rec
ep1 step 1440/2250 loss 0.512 0.29s/rec
ep1 step 1450/2250 loss 0.400 0.29s/rec
ep1 step 1460/2250 loss 0.487 0.29s/rec
ep1 step 1470/2250 loss 0.403 0.29s/rec
ep1 step 1480/2250 loss 0.425 0.29s/rec
ep1 step 1490/2250 loss 0.422 0.29s/rec
ep1 step 1500/2250 loss 0.464 0.29s/rec
ep1 step 1510/2250 loss 0.357 0.29s/rec
ep1 step 1520/2250 loss 0.498 0.29s/rec
ep1 step 1530/2250 loss 0.406 0.29s/rec
ep1 step 1540/2250 loss 0.539 0.29s/rec
ep1 step 1550/2250 loss 0.409 0.29s/rec
ep1 step 1560/2250 loss 0.394 0.29s/rec
ep1 step 1570/2250 loss 0.563 0.29s/rec
ep1 step 1580/2250 loss 0.324 0.29s/rec
ep1 step 1590/2250 loss 0.504 0.29s/rec
ep1 step 1600/2250 loss 0.510 0.29s/rec
ep1 step 1610/2250 loss 0.401 0.29s/rec
ep1 step 1620/2250 loss 0.382 0.29s/rec
ep1 step 1630/2250 loss 0.367 0.29s/rec
ep1 step 1640/2250 loss 0.580 0.29s/rec
ep1 step 1650/2250 loss 0.487 0.29s/rec
ep1 step 1660/2250 loss 0.558 0.29s/rec
ep1 step 1670/2250 loss 0.470 0.29s/rec
ep1 step 1680/2250 loss 0.406 0.29s/rec
ep1 step 1690/2250 loss 0.372 0.29s/rec
ep1 step 1700/2250 loss 0.336 0.29s/rec
ep1 step 1710/2250 loss 0.632 0.29s/rec
ep1 step 1720/2250 loss 0.364 0.30s/rec
ep1 step 1730/2250 loss 0.263 0.30s/rec
ep1 step 1740/2250 loss 0.267 0.30s/rec
ep1 step 1750/2250 loss 0.388 0.30s/rec
ep1 step 1760/2250 loss 0.600 0.30s/rec
ep1 step 1770/2250 loss 0.435 0.30s/rec
ep1 step 1780/2250 loss 0.507 0.30s/rec
ep1 step 1790/2250 loss 0.531 0.30s/rec
ep1 step 1800/2250 loss 0.365 0.30s/rec
ep1 step 1810/2250 loss 0.297 0.30s/rec
ep1 step 1820/2250 loss 0.316 0.30s/rec
ep1 step 1830/2250 loss 0.293 0.30s/rec
ep1 step 1840/2250 loss 0.370 0.30s/rec
ep1 step 1850/2250 loss 0.411 0.30s/rec
ep1 step 1860/2250 loss 0.636 0.30s/rec
ep1 step 1870/2250 loss 0.588 0.30s/rec
ep1 step 1880/2250 loss 0.496 0.30s/rec
ep1 step 1890/2250 loss 0.511 0.30s/rec
ep1 step 1900/2250 loss 0.752 0.30s/rec
ep1 step 1910/2250 loss 0.322 0.30s/rec
ep1 step 1920/2250 loss 0.532 0.30s/rec
ep1 step 1930/2250 loss 0.373 0.30s/rec
ep1 step 1940/2250 loss 0.453 0.30s/rec
ep1 step 1950/2250 loss 0.515 0.30s/rec
ep1 step 1960/2250 loss 0.501 0.30s/rec
ep1 step 1970/2250 loss 0.382 0.30s/rec
ep1 step 1980/2250 loss 0.605 0.30s/rec
ep1 step 1990/2250 loss 0.552 0.30s/rec
ep1 step 2000/2250 loss 0.397 0.30s/rec
ep1 step 2010/2250 loss 0.569 0.30s/rec
ep1 step 2020/2250 loss 0.402 0.30s/rec
ep1 step 2030/2250 loss 0.381 0.30s/rec
ep1 step 2040/2250 loss 0.328 0.30s/rec
ep1 step 2050/2250 loss 0.485 0.30s/rec
ep1 step 2060/2250 loss 0.397 0.30s/rec
ep1 step 2070/2250 loss 0.482 0.30s/rec
ep1 step 2080/2250 loss 0.441 0.29s/rec
ep1 step 2090/2250 loss 0.355 0.29s/rec
ep1 step 2100/2250 loss 0.373 0.29s/rec
ep1 step 2110/2250 loss 0.577 0.29s/rec
ep1 step 2120/2250 loss 0.405 0.29s/rec
ep1 step 2130/2250 loss 0.341 0.29s/rec
ep1 step 2140/2250 loss 0.466 0.29s/rec
ep1 step 2150/2250 loss 0.336 0.29s/rec
ep1 step 2160/2250 loss 0.378 0.29s/rec
ep1 step 2170/2250 loss 0.354 0.29s/rec
ep1 step 2180/2250 loss 0.555 0.29s/rec
ep1 step 2190/2250 loss 0.419 0.29s/rec
ep1 step 2200/2250 loss 0.263 0.29s/rec
ep1 step 2210/2250 loss 0.300 0.29s/rec
ep1 step 2220/2250 loss 0.421 0.29s/rec
ep1 step 2230/2250 loss 0.453 0.29s/rec
ep1 step 2240/2250 loss 0.460 0.29s/rec
ep1 step 2250/2250 loss 0.268 0.29s/rec
saved runs/kev
