device=cuda trainable params=34.3M
mix: public_frac 0.33 -> 4290 public + 896 synthetic records
mix: synthetic_repeat 2 -> +896 records
6082 training requests (holdout=[]), questions by type {'choice': 3966, 'noul': 2170, 'score': 980}
ep0 step 10/1522 loss 1.694 kl 0.000 0.085s/rec
ep0 step 20/1522 loss 1.584 kl 0.000 0.076s/rec
ep0 step 30/1522 loss 1.713 kl 0.000 0.077s/rec
ep0 step 40/1522 loss 1.259 kl 0.000 0.077s/rec
ep0 step 50/1522 loss 1.355 kl 0.000 0.078s/rec
ep0 step 60/1522 loss 1.419 kl 0.000 0.078s/rec
ep0 step 70/1522 loss 1.124 kl 0.000 0.076s/rec
ep0 step 80/1522 loss 1.144 kl 0.000 0.076s/rec
ep0 step 90/1522 loss 1.239 kl 0.000 0.076s/rec
ep0 step 100/1522 loss 1.064 kl 0.000 0.075s/rec
ep0 step 110/1522 loss 0.961 kl 0.000 0.076s/rec
ep0 step 120/1522 loss 0.785 kl 0.000 0.077s/rec
ep0 step 130/1522 loss 0.748 kl 0.000 0.076s/rec
ep0 step 140/1522 loss 0.706 kl 0.000 0.076s/rec
ep0 step 150/1522 loss 1.106 kl 0.000 0.077s/rec
ep0 step 160/1522 loss 0.743 kl 0.000 0.076s/rec
ep0 step 170/1522 loss 0.765 kl 0.000 0.076s/rec
ep0 step 180/1522 loss 0.858 kl 0.000 0.076s/rec
ep0 step 190/1522 loss 0.604 kl 0.000 0.076s/rec
ep0 step 200/1522 loss 0.791 kl 0.000 0.075s/rec
ep0 step 210/1522 loss 0.695 kl 0.000 0.075s/rec
ep0 step 220/1522 loss 0.728 kl 0.000 0.075s/rec
ep0 step 230/1522 loss 0.654 kl 0.000 0.075s/rec
ep0 step 240/1522 loss 0.708 kl 0.000 0.075s/rec
ep0 step 250/1522 loss 0.618 kl 0.000 0.075s/rec
ep0 step 260/1522 loss 0.597 kl 0.000 0.076s/rec
ep0 step 270/1522 loss 0.567 kl 0.000 0.075s/rec
ep0 step 280/1522 loss 0.730 kl 0.000 0.075s/rec
ep0 step 290/1522 loss 0.574 kl 0.000 0.075s/rec
ep0 step 300/1522 loss 0.821 kl 0.000 0.075s/rec
ep0 step 310/1522 loss 0.496 kl 0.000 0.075s/rec
ep0 step 320/1522 loss 0.534 kl 0.000 0.075s/rec
ep0 step 330/1522 loss 0.566 kl 0.000 0.075s/rec
ep0 step 340/1522 loss 0.686 kl 0.000 0.075s/rec
ep0 step 350/1522 loss 0.523 kl 0.000 0.075s/rec
ep0 step 360/1522 loss 0.472 kl 0.000 0.075s/rec
ep0 step 370/1522 loss 0.559 kl 0.000 0.075s/rec
ep0 step 380/1522 loss 0.669 kl 0.000 0.075s/rec
ep0 step 390/1522 loss 0.576 kl 0.000 0.075s/rec
ep0 step 400/1522 loss 0.587 kl 0.000 0.075s/rec
ep0 step 410/1522 loss 0.466 kl 0.000 0.075s/rec
ep0 step 420/1522 loss 0.521 kl 0.000 0.075s/rec
ep0 step 430/1522 loss 0.647 kl 0.000 0.075s/rec
ep0 step 440/1522 loss 0.517 kl 0.000 0.075s/rec
ep0 step 450/1522 loss 0.429 kl 0.000 0.075s/rec
ep0 step 460/1522 loss 0.519 kl 0.000 0.075s/rec
ep0 step 470/1522 loss 0.580 kl 0.000 0.075s/rec
ep0 step 480/1522 loss 0.410 kl 0.000 0.075s/rec
ep0 step 490/1522 loss 0.630 kl 0.000 0.075s/rec
ep0 step 500/1522 loss 0.673 kl 0.000 0.075s/rec
ep0 step 510/1522 loss 0.401 kl 0.000 0.075s/rec
ep0 step 520/1522 loss 0.494 kl 0.000 0.075s/rec
ep0 step 530/1522 loss 0.610 kl 0.000 0.075s/rec
ep0 step 540/1522 loss 0.632 kl 0.000 0.075s/rec
ep0 step 550/1522 loss 0.544 kl 0.000 0.075s/rec
ep0 step 560/1522 loss 0.611 kl 0.000 0.075s/rec
ep0 step 570/1522 loss 0.571 kl 0.000 0.075s/rec
ep0 step 580/1522 loss 0.582 kl 0.000 0.075s/rec
ep0 step 590/1522 loss 0.452 kl 0.000 0.075s/rec
ep0 step 600/1522 loss 0.504 kl 0.000 0.075s/rec
ep0 step 610/1522 loss 0.515 kl 0.000 0.075s/rec
ep0 step 620/1522 loss 0.506 kl 0.000 0.075s/rec
ep0 step 630/1522 loss 0.481 kl 0.000 0.075s/rec
ep0 step 640/1522 loss 0.638 kl 0.000 0.075s/rec
ep0 step 650/1522 loss 0.436 kl 0.000 0.075s/rec
ep0 step 660/1522 loss 0.289 kl 0.000 0.075s/rec
ep0 step 670/1522 loss 0.545 kl 0.000 0.075s/rec
ep0 step 680/1522 loss 0.492 kl 0.000 0.076s/rec
ep0 step 690/1522 loss 0.427 kl 0.000 0.076s/rec
ep0 step 700/1522 loss 0.579 kl 0.000 0.076s/rec
ep0 step 710/1522 loss 0.775 kl 0.000 0.076s/rec
ep0 step 720/1522 loss 0.502 kl 0.000 0.076s/rec
ep0 step 730/1522 loss 0.452 kl 0.000 0.076s/rec
ep0 step 740/1522 loss 0.520 kl 0.000 0.076s/rec
ep0 step 750/1522 loss 0.515 kl 0.000 0.075s/rec
ep0 step 760/1522 loss 0.613 kl 0.000 0.075s/rec
ep1 step 770/1522 loss 0.160 kl 0.000 0.076s/rec
ep1 step 780/1522 loss 0.288 kl 0.000 0.075s/rec
ep1 step 790/1522 loss 0.376 kl 0.000 0.075s/rec
ep1 step 800/1522 loss 0.445 kl 0.000 0.075s/rec
ep1 step 810/1522 loss 0.233 kl 0.000 0.075s/rec
ep1 step 820/1522 loss 0.193 kl 0.000 0.075s/rec
ep1 step 830/1522 loss 0.478 kl 0.000 0.075s/rec
ep1 step 840/1522 loss 0.310 kl 0.000 0.075s/rec
ep1 step 850/1522 loss 0.390 kl 0.000 0.075s/rec
ep1 step 860/1522 loss 0.240 kl 0.000 0.076s/rec
ep1 step 870/1522 loss 0.316 kl 0.000 0.075s/rec
ep1 step 880/1522 loss 0.309 kl 0.000 0.075s/rec
ep1 step 890/1522 loss 0.188 kl 0.000 0.075s/rec
ep1 step 900/1522 loss 0.251 kl 0.000 0.075s/rec
ep1 step 910/1522 loss 0.390 kl 0.000 0.075s/rec
ep1 step 920/1522 loss 0.236 kl 0.000 0.075s/rec
ep1 step 930/1522 loss 0.526 kl 0.000 0.075s/rec
ep1 step 940/1522 loss 0.336 kl 0.000 0.075s/rec
ep1 step 950/1522 loss 0.261 kl 0.000 0.074s/rec
ep1 step 960/1522 loss 0.353 kl 0.000 0.074s/rec
ep1 step 970/1522 loss 0.385 kl 0.000 0.074s/rec
ep1 step 980/1522 loss 0.158 kl 0.000 0.074s/rec
ep1 step 990/1522 loss 0.723 kl 0.000 0.074s/rec
ep1 step 1000/1522 loss 0.273 kl 0.000 0.074s/rec
ep1 step 1010/1522 loss 0.344 kl 0.000 0.074s/rec
ep1 step 1020/1522 loss 0.293 kl 0.000 0.074s/rec
ep1 step 1030/1522 loss 0.382 kl 0.000 0.074s/rec
ep1 step 1040/1522 loss 0.163 kl 0.000 0.074s/rec
ep1 step 1050/1522 loss 0.466 kl 0.000 0.074s/rec
ep1 step 1060/1522 loss 0.313 kl 0.000 0.074s/rec
ep1 step 1070/1522 loss 0.273 kl 0.000 0.074s/rec
ep1 step 1080/1522 loss 0.282 kl 0.000 0.074s/rec
ep1 step 1090/1522 loss 0.289 kl 0.000 0.074s/rec
ep1 step 1100/1522 loss 0.350 kl 0.000 0.074s/rec
ep1 step 1110/1522 loss 0.295 kl 0.000 0.074s/rec
ep1 step 1120/1522 loss 0.235 kl 0.000 0.074s/rec
ep1 step 1130/1522 loss 0.540 kl 0.000 0.074s/rec
ep1 step 1140/1522 loss 0.145 kl 0.000 0.074s/rec
ep1 step 1150/1522 loss 0.679 kl 0.000 0.074s/rec
ep1 step 1160/1522 loss 0.259 kl 0.000 0.074s/rec
ep1 step 1170/1522 loss 0.248 kl 0.000 0.074s/rec
ep1 step 1180/1522 loss 0.217 kl 0.000 0.074s/rec
ep1 step 1190/1522 loss 0.357 kl 0.000 0.074s/rec
ep1 step 1200/1522 loss 0.460 kl 0.000 0.074s/rec
ep1 step 1210/1522 loss 0.314 kl 0.000 0.074s/rec
ep1 step 1220/1522 loss 0.202 kl 0.000 0.074s/rec
ep1 step 1230/1522 loss 0.222 kl 0.000 0.074s/rec
ep1 step 1240/1522 loss 0.079 kl 0.000 0.074s/rec
ep1 step 1250/1522 loss 0.383 kl 0.000 0.074s/rec
ep1 step 1260/1522 loss 0.556 kl 0.000 0.074s/rec
ep1 step 1270/1522 loss 0.271 kl 0.000 0.074s/rec
ep1 step 1280/1522 loss 0.512 kl 0.000 0.074s/rec
ep1 step 1290/1522 loss 0.094 kl 0.000 0.074s/rec
ep1 step 1300/1522 loss 0.362 kl 0.000 0.075s/rec
ep1 step 1310/1522 loss 0.372 kl 0.000 0.075s/rec
ep1 step 1320/1522 loss 0.356 kl 0.000 0.075s/rec
ep1 step 1330/1522 loss 0.369 kl 0.000 0.075s/rec
ep1 step 1340/1522 loss 0.182 kl 0.000 0.075s/rec
ep1 step 1350/1522 loss 0.413 kl 0.000 0.075s/rec
ep1 step 1360/1522 loss 0.272 kl 0.000 0.074s/rec
ep1 step 1370/1522 loss 0.292 kl 0.000 0.074s/rec
ep1 step 1380/1522 loss 0.418 kl 0.000 0.074s/rec
ep1 step 1390/1522 loss 0.127 kl 0.000 0.074s/rec
ep1 step 1400/1522 loss 0.538 kl 0.000 0.074s/rec
ep1 step 1410/1522 loss 0.563 kl 0.000 0.074s/rec
ep1 step 1420/1522 loss 0.229 kl 0.000 0.074s/rec
ep1 step 1430/1522 loss 0.228 kl 0.000 0.075s/rec
ep1 step 1440/1522 loss 0.346 kl 0.000 0.075s/rec
ep1 step 1450/1522 loss 0.321 kl 0.000 0.075s/rec
ep1 step 1460/1522 loss 0.315 kl 0.000 0.075s/rec
ep1 step 1470/1522 loss 0.231 kl 0.000 0.075s/rec
ep1 step 1480/1522 loss 0.447 kl 0.000 0.075s/rec
ep1 step 1490/1522 loss 0.204 kl 0.000 0.075s/rec
ep1 step 1500/1522 loss 0.351 kl 0.000 0.075s/rec
ep1 step 1510/1522 loss 0.405 kl 0.000 0.075s/rec
ep1 step 1520/1522 loss 0.318 kl 0.000 0.075s/rec
saved /runs/recipe-4b-r1/00-trial-0/checkpoint
