device=cuda trainable params=34.3M
ablation: training on ['agnews', 'amazon', 'banking77', 'boolq', 'compositional', 'dbpedia14', 'imdb', 'mnli', 'sst5', 'trec', 'yelp'] -> 10448 records
10448 training requests (holdout=[]), questions by type {'choice': 5448, 'score': 3000, 'noul': 5000}
ep0 step 10/2612 loss 1.891 kl 0.000 0.127s/rec
ep0 step 20/2612 loss 2.096 kl 0.000 0.116s/rec
ep0 step 30/2612 loss 1.725 kl 0.000 0.112s/rec
ep0 step 40/2612 loss 1.640 kl 0.000 0.106s/rec
ep0 step 50/2612 loss 1.827 kl 0.000 0.105s/rec
ep0 step 60/2612 loss 1.920 kl 0.000 0.106s/rec
ep0 step 70/2612 loss 1.739 kl 0.000 0.104s/rec
ep0 step 80/2612 loss 1.455 kl 0.000 0.103s/rec
ep0 step 90/2612 loss 1.151 kl 0.000 0.103s/rec
ep0 step 100/2612 loss 1.252 kl 0.000 0.102s/rec
ep0 step 110/2612 loss 0.730 kl 0.000 0.101s/rec
ep0 step 120/2612 loss 1.116 kl 0.000 0.101s/rec
ep0 step 130/2612 loss 0.986 kl 0.000 0.101s/rec
ep0 step 140/2612 loss 1.127 kl 0.000 0.101s/rec
ep0 step 150/2612 loss 0.771 kl 0.000 0.102s/rec
ep0 step 160/2612 loss 0.829 kl 0.000 0.102s/rec
ep0 step 170/2612 loss 0.857 kl 0.000 0.102s/rec
ep0 step 180/2612 loss 0.786 kl 0.000 0.102s/rec
ep0 step 190/2612 loss 0.817 kl 0.000 0.102s/rec
ep0 step 200/2612 loss 0.800 kl 0.000 0.102s/rec
ep0 step 210/2612 loss 0.705 kl 0.000 0.101s/rec
ep0 step 220/2612 loss 0.766 kl 0.000 0.101s/rec
ep0 step 230/2612 loss 0.719 kl 0.000 0.101s/rec
ep0 step 240/2612 loss 0.744 kl 0.000 0.100s/rec
ep0 step 250/2612 loss 0.809 kl 0.000 0.100s/rec
ep0 step 260/2612 loss 0.947 kl 0.000 0.101s/rec
ep0 step 270/2612 loss 0.669 kl 0.000 0.100s/rec
ep0 step 280/2612 loss 1.026 kl 0.000 0.100s/rec
ep0 step 290/2612 loss 0.878 kl 0.000 0.100s/rec
ep0 step 300/2612 loss 0.958 kl 0.000 0.100s/rec
ep0 step 310/2612 loss 0.961 kl 0.000 0.100s/rec
ep0 step 320/2612 loss 0.584 kl 0.000 0.100s/rec
ep0 step 330/2612 loss 0.652 kl 0.000 0.100s/rec
ep0 step 340/2612 loss 0.776 kl 0.000 0.100s/rec
ep0 step 350/2612 loss 0.582 kl 0.000 0.100s/rec
ep0 step 360/2612 loss 0.675 kl 0.000 0.099s/rec
ep0 step 370/2612 loss 0.608 kl 0.000 0.099s/rec
ep0 step 380/2612 loss 0.516 kl 0.000 0.099s/rec
ep0 step 390/2612 loss 0.599 kl 0.000 0.099s/rec
ep0 step 400/2612 loss 0.917 kl 0.000 0.099s/rec
ep0 step 410/2612 loss 1.000 kl 0.000 0.100s/rec
ep0 step 420/2612 loss 0.638 kl 0.000 0.100s/rec
ep0 step 430/2612 loss 0.447 kl 0.000 0.100s/rec
ep0 step 440/2612 loss 0.974 kl 0.000 0.100s/rec
ep0 step 450/2612 loss 0.802 kl 0.000 0.100s/rec
ep0 step 460/2612 loss 0.794 kl 0.000 0.100s/rec
ep0 step 470/2612 loss 0.502 kl 0.000 0.100s/rec
ep0 step 480/2612 loss 0.699 kl 0.000 0.100s/rec
ep0 step 490/2612 loss 0.546 kl 0.000 0.099s/rec
ep0 step 500/2612 loss 0.545 kl 0.000 0.099s/rec
ep0 step 510/2612 loss 0.373 kl 0.000 0.099s/rec
ep0 step 520/2612 loss 0.925 kl 0.000 0.099s/rec
ep0 step 530/2612 loss 0.916 kl 0.000 0.099s/rec
ep0 step 540/2612 loss 0.895 kl 0.000 0.099s/rec
ep0 step 550/2612 loss 0.744 kl 0.000 0.099s/rec
ep0 step 560/2612 loss 0.631 kl 0.000 0.099s/rec
ep0 step 570/2612 loss 0.739 kl 0.000 0.099s/rec
ep0 step 580/2612 loss 0.807 kl 0.000 0.099s/rec
ep0 step 590/2612 loss 0.669 kl 0.000 0.099s/rec
ep0 step 600/2612 loss 0.451 kl 0.000 0.099s/rec
ep0 step 610/2612 loss 0.508 kl 0.000 0.099s/rec
ep0 step 620/2612 loss 0.817 kl 0.000 0.099s/rec
ep0 step 630/2612 loss 0.630 kl 0.000 0.099s/rec
ep0 step 640/2612 loss 0.690 kl 0.000 0.099s/rec
ep0 step 650/2612 loss 0.592 kl 0.000 0.099s/rec
ep0 step 660/2612 loss 0.426 kl 0.000 0.099s/rec
ep0 step 670/2612 loss 0.599 kl 0.000 0.099s/rec
ep0 step 680/2612 loss 0.541 kl 0.000 0.099s/rec
ep0 step 690/2612 loss 0.478 kl 0.000 0.099s/rec
ep0 step 700/2612 loss 0.961 kl 0.000 0.099s/rec
ep0 step 710/2612 loss 0.827 kl 0.000 0.099s/rec
ep0 step 720/2612 loss 0.726 kl 0.000 0.099s/rec
ep0 step 730/2612 loss 0.714 kl 0.000 0.099s/rec
ep0 step 740/2612 loss 0.472 kl 0.000 0.099s/rec
ep0 step 750/2612 loss 0.497 kl 0.000 0.099s/rec
ep0 step 760/2612 loss 0.633 kl 0.000 0.099s/rec
ep0 step 770/2612 loss 0.664 kl 0.000 0.099s/rec
ep0 step 780/2612 loss 0.616 kl 0.000 0.099s/rec
ep0 step 790/2612 loss 0.455 kl 0.000 0.099s/rec
ep0 step 800/2612 loss 0.390 kl 0.000 0.099s/rec
ep0 step 810/2612 loss 0.657 kl 0.000 0.099s/rec
ep0 step 820/2612 loss 0.673 kl 0.000 0.099s/rec
ep0 step 830/2612 loss 0.398 kl 0.000 0.099s/rec
ep0 step 840/2612 loss 0.476 kl 0.000 0.099s/rec
ep0 step 850/2612 loss 0.602 kl 0.000 0.099s/rec
ep0 step 860/2612 loss 0.482 kl 0.000 0.099s/rec
ep0 step 870/2612 loss 0.837 kl 0.000 0.099s/rec
ep0 step 880/2612 loss 0.720 kl 0.000 0.099s/rec
ep0 step 890/2612 loss 0.676 kl 0.000 0.099s/rec
ep0 step 900/2612 loss 0.504 kl 0.000 0.099s/rec
ep0 step 910/2612 loss 0.713 kl 0.000 0.099s/rec
ep0 step 920/2612 loss 0.485 kl 0.000 0.099s/rec
ep0 step 930/2612 loss 0.521 kl 0.000 0.099s/rec
ep0 step 940/2612 loss 0.752 kl 0.000 0.099s/rec
ep0 step 950/2612 loss 0.739 kl 0.000 0.099s/rec
ep0 step 960/2612 loss 0.442 kl 0.000 0.099s/rec
ep0 step 970/2612 loss 0.829 kl 0.000 0.099s/rec
ep0 step 980/2612 loss 0.662 kl 0.000 0.099s/rec
ep0 step 990/2612 loss 0.374 kl 0.000 0.099s/rec
ep0 step 1000/2612 loss 0.597 kl 0.000 0.099s/rec
ep0 step 1010/2612 loss 0.530 kl 0.000 0.099s/rec
ep0 step 1020/2612 loss 0.486 kl 0.000 0.099s/rec
ep0 step 1030/2612 loss 0.464 kl 0.000 0.099s/rec
ep0 step 1040/2612 loss 0.649 kl 0.000 0.099s/rec
ep0 step 1050/2612 loss 0.540 kl 0.000 0.099s/rec
ep0 step 1060/2612 loss 0.745 kl 0.000 0.099s/rec
ep0 step 1070/2612 loss 0.497 kl 0.000 0.099s/rec
ep0 step 1080/2612 loss 0.553 kl 0.000 0.099s/rec
ep0 step 1090/2612 loss 0.565 kl 0.000 0.099s/rec
ep0 step 1100/2612 loss 0.668 kl 0.000 0.099s/rec
ep0 step 1110/2612 loss 0.517 kl 0.000 0.099s/rec
ep0 step 1120/2612 loss 0.586 kl 0.000 0.099s/rec
ep0 step 1130/2612 loss 0.298 kl 0.000 0.099s/rec
ep0 step 1140/2612 loss 0.746 kl 0.000 0.099s/rec
ep0 step 1150/2612 loss 0.537 kl 0.000 0.099s/rec
ep0 step 1160/2612 loss 0.585 kl 0.000 0.099s/rec
ep0 step 1170/2612 loss 0.427 kl 0.000 0.099s/rec
ep0 step 1180/2612 loss 0.565 kl 0.000 0.099s/rec
ep0 step 1190/2612 loss 0.526 kl 0.000 0.099s/rec
ep0 step 1200/2612 loss 0.595 kl 0.000 0.099s/rec
ep0 step 1210/2612 loss 0.613 kl 0.000 0.099s/rec
ep0 step 1220/2612 loss 0.745 kl 0.000 0.099s/rec
ep0 step 1230/2612 loss 0.482 kl 0.000 0.099s/rec
ep0 step 1240/2612 loss 0.569 kl 0.000 0.099s/rec
ep0 step 1250/2612 loss 0.653 kl 0.000 0.099s/rec
ep0 step 1260/2612 loss 0.356 kl 0.000 0.099s/rec
ep0 step 1270/2612 loss 0.411 kl 0.000 0.098s/rec
ep0 step 1280/2612 loss 0.311 kl 0.000 0.098s/rec
ep0 step 1290/2612 loss 0.455 kl 0.000 0.098s/rec
ep0 step 1300/2612 loss 0.359 kl 0.000 0.098s/rec
ep1 step 1310/2612 loss 0.672 kl 0.000 0.098s/rec
ep1 step 1320/2612 loss 0.324 kl 0.000 0.098s/rec
ep1 step 1330/2612 loss 0.474 kl 0.000 0.098s/rec
ep1 step 1340/2612 loss 0.485 kl 0.000 0.098s/rec
ep1 step 1350/2612 loss 0.499 kl 0.000 0.098s/rec
ep1 step 1360/2612 loss 0.468 kl 0.000 0.098s/rec
ep1 step 1370/2612 loss 0.407 kl 0.000 0.098s/rec
ep1 step 1380/2612 loss 0.381 kl 0.000 0.098s/rec
ep1 step 1390/2612 loss 0.247 kl 0.000 0.098s/rec
ep1 step 1400/2612 loss 0.256 kl 0.000 0.098s/rec
ep1 step 1410/2612 loss 0.604 kl 0.000 0.098s/rec
ep1 step 1420/2612 loss 0.378 kl 0.000 0.098s/rec
ep1 step 1430/2612 loss 0.313 kl 0.000 0.098s/rec
ep1 step 1440/2612 loss 0.502 kl 0.000 0.098s/rec
ep1 step 1450/2612 loss 0.329 kl 0.000 0.098s/rec
ep1 step 1460/2612 loss 0.238 kl 0.000 0.098s/rec
ep1 step 1470/2612 loss 0.656 kl 0.000 0.098s/rec
ep1 step 1480/2612 loss 0.467 kl 0.000 0.098s/rec
ep1 step 1490/2612 loss 0.222 kl 0.000 0.098s/rec
ep1 step 1500/2612 loss 0.295 kl 0.000 0.098s/rec
ep1 step 1510/2612 loss 0.265 kl 0.000 0.098s/rec
ep1 step 1520/2612 loss 0.457 kl 0.000 0.098s/rec
ep1 step 1530/2612 loss 0.266 kl 0.000 0.098s/rec
ep1 step 1540/2612 loss 0.478 kl 0.000 0.098s/rec
ep1 step 1550/2612 loss 0.444 kl 0.000 0.098s/rec
ep1 step 1560/2612 loss 0.287 kl 0.000 0.098s/rec
ep1 step 1570/2612 loss 0.386 kl 0.000 0.098s/rec
ep1 step 1580/2612 loss 0.416 kl 0.000 0.098s/rec
ep1 step 1590/2612 loss 0.276 kl 0.000 0.098s/rec
ep1 step 1600/2612 loss 0.410 kl 0.000 0.098s/rec
ep1 step 1610/2612 loss 0.276 kl 0.000 0.098s/rec
ep1 step 1620/2612 loss 0.364 kl 0.000 0.098s/rec
ep1 step 1630/2612 loss 0.328 kl 0.000 0.098s/rec
ep1 step 1640/2612 loss 0.232 kl 0.000 0.098s/rec
ep1 step 1650/2612 loss 0.157 kl 0.000 0.098s/rec
ep1 step 1660/2612 loss 0.544 kl 0.000 0.098s/rec
ep1 step 1670/2612 loss 0.311 kl 0.000 0.098s/rec
ep1 step 1680/2612 loss 0.436 kl 0.000 0.098s/rec
ep1 step 1690/2612 loss 0.483 kl 0.000 0.098s/rec
ep1 step 1700/2612 loss 0.370 kl 0.000 0.098s/rec
ep1 step 1710/2612 loss 0.301 kl 0.000 0.098s/rec
ep1 step 1720/2612 loss 0.557 kl 0.000 0.098s/rec
ep1 step 1730/2612 loss 0.413 kl 0.000 0.098s/rec
ep1 step 1740/2612 loss 0.474 kl 0.000 0.098s/rec
ep1 step 1750/2612 loss 0.213 kl 0.000 0.098s/rec
ep1 step 1760/2612 loss 0.322 kl 0.000 0.098s/rec
ep1 step 1770/2612 loss 0.256 kl 0.000 0.098s/rec
ep1 step 1780/2612 loss 0.293 kl 0.000 0.098s/rec
ep1 step 1790/2612 loss 0.394 kl 0.000 0.098s/rec
ep1 step 1800/2612 loss 0.388 kl 0.000 0.098s/rec
ep1 step 1810/2612 loss 0.313 kl 0.000 0.098s/rec
ep1 step 1820/2612 loss 0.468 kl 0.000 0.098s/rec
ep1 step 1830/2612 loss 0.457 kl 0.000 0.098s/rec
ep1 step 1840/2612 loss 0.224 kl 0.000 0.098s/rec
ep1 step 1850/2612 loss 0.337 kl 0.000 0.098s/rec
ep1 step 1860/2612 loss 0.456 kl 0.000 0.098s/rec
ep1 step 1870/2612 loss 0.277 kl 0.000 0.098s/rec
ep1 step 1880/2612 loss 0.314 kl 0.000 0.098s/rec
ep1 step 1890/2612 loss 0.354 kl 0.000 0.098s/rec
ep1 step 1900/2612 loss 0.461 kl 0.000 0.098s/rec
ep1 step 1910/2612 loss 0.200 kl 0.000 0.098s/rec
ep1 step 1920/2612 loss 0.309 kl 0.000 0.098s/rec
ep1 step 1930/2612 loss 0.507 kl 0.000 0.098s/rec
ep1 step 1940/2612 loss 0.353 kl 0.000 0.098s/rec
ep1 step 1950/2612 loss 0.488 kl 0.000 0.098s/rec
ep1 step 1960/2612 loss 0.181 kl 0.000 0.098s/rec
ep1 step 1970/2612 loss 0.195 kl 0.000 0.098s/rec
ep1 step 1980/2612 loss 0.212 kl 0.000 0.098s/rec
ep1 step 1990/2612 loss 0.382 kl 0.000 0.098s/rec
ep1 step 2000/2612 loss 0.228 kl 0.000 0.098s/rec
ep1 step 2010/2612 loss 0.257 kl 0.000 0.098s/rec
ep1 step 2020/2612 loss 0.242 kl 0.000 0.098s/rec
ep1 step 2030/2612 loss 0.338 kl 0.000 0.098s/rec
ep1 step 2040/2612 loss 0.192 kl 0.000 0.098s/rec
ep1 step 2050/2612 loss 0.144 kl 0.000 0.098s/rec
ep1 step 2060/2612 loss 0.300 kl 0.000 0.098s/rec
ep1 step 2070/2612 loss 0.176 kl 0.000 0.098s/rec
ep1 step 2080/2612 loss 0.578 kl 0.000 0.098s/rec
ep1 step 2090/2612 loss 0.400 kl 0.000 0.098s/rec
ep1 step 2100/2612 loss 0.291 kl 0.000 0.098s/rec
ep1 step 2110/2612 loss 0.320 kl 0.000 0.098s/rec
ep1 step 2120/2612 loss 0.256 kl 0.000 0.098s/rec
ep1 step 2130/2612 loss 0.371 kl 0.000 0.098s/rec
ep1 step 2140/2612 loss 0.201 kl 0.000 0.098s/rec
ep1 step 2150/2612 loss 0.225 kl 0.000 0.098s/rec
ep1 step 2160/2612 loss 0.252 kl 0.000 0.098s/rec
ep1 step 2170/2612 loss 0.321 kl 0.000 0.098s/rec
ep1 step 2180/2612 loss 0.263 kl 0.000 0.098s/rec
ep1 step 2190/2612 loss 0.283 kl 0.000 0.098s/rec
ep1 step 2200/2612 loss 0.300 kl 0.000 0.098s/rec
ep1 step 2210/2612 loss 0.389 kl 0.000 0.098s/rec
ep1 step 2220/2612 loss 0.409 kl 0.000 0.098s/rec
ep1 step 2230/2612 loss 0.509 kl 0.000 0.098s/rec
ep1 step 2240/2612 loss 0.958 kl 0.000 0.098s/rec
ep1 step 2250/2612 loss 0.181 kl 0.000 0.098s/rec
ep1 step 2260/2612 loss 0.229 kl 0.000 0.098s/rec
ep1 step 2270/2612 loss 0.360 kl 0.000 0.098s/rec
ep1 step 2280/2612 loss 0.201 kl 0.000 0.098s/rec
ep1 step 2290/2612 loss 0.310 kl 0.000 0.098s/rec
ep1 step 2300/2612 loss 0.348 kl 0.000 0.098s/rec
ep1 step 2310/2612 loss 0.381 kl 0.000 0.098s/rec
ep1 step 2320/2612 loss 0.310 kl 0.000 0.098s/rec
ep1 step 2330/2612 loss 0.207 kl 0.000 0.098s/rec
ep1 step 2340/2612 loss 0.240 kl 0.000 0.098s/rec
ep1 step 2350/2612 loss 0.165 kl 0.000 0.098s/rec
ep1 step 2360/2612 loss 0.241 kl 0.000 0.098s/rec
ep1 step 2370/2612 loss 0.225 kl 0.000 0.098s/rec
ep1 step 2380/2612 loss 0.421 kl 0.000 0.098s/rec
ep1 step 2390/2612 loss 0.203 kl 0.000 0.098s/rec
ep1 step 2400/2612 loss 0.164 kl 0.000 0.098s/rec
ep1 step 2410/2612 loss 0.477 kl 0.000 0.098s/rec
ep1 step 2420/2612 loss 0.291 kl 0.000 0.098s/rec
ep1 step 2430/2612 loss 0.303 kl 0.000 0.098s/rec
ep1 step 2440/2612 loss 0.136 kl 0.000 0.098s/rec
ep1 step 2450/2612 loss 0.255 kl 0.000 0.098s/rec
ep1 step 2460/2612 loss 0.197 kl 0.000 0.098s/rec
ep1 step 2470/2612 loss 0.170 kl 0.000 0.098s/rec
ep1 step 2480/2612 loss 0.229 kl 0.000 0.098s/rec
ep1 step 2490/2612 loss 0.109 kl 0.000 0.098s/rec
ep1 step 2500/2612 loss 0.248 kl 0.000 0.097s/rec
ep1 step 2510/2612 loss 0.237 kl 0.000 0.097s/rec
ep1 step 2520/2612 loss 0.358 kl 0.000 0.097s/rec
ep1 step 2530/2612 loss 0.480 kl 0.000 0.097s/rec
ep1 step 2540/2612 loss 0.253 kl 0.000 0.097s/rec
ep1 step 2550/2612 loss 0.291 kl 0.000 0.097s/rec
ep1 step 2560/2612 loss 0.397 kl 0.000 0.097s/rec
ep1 step 2570/2612 loss 0.361 kl 0.000 0.097s/rec
ep1 step 2580/2612 loss 0.173 kl 0.000 0.097s/rec
ep1 step 2590/2612 loss 0.415 kl 0.000 0.097s/rec
ep1 step 2600/2612 loss 0.234 kl 0.000 0.097s/rec
ep1 step 2610/2612 loss 0.241 kl 0.000 0.097s/rec
saved /runs/mix-4b-v4-b/00-trial-0/checkpoint
