device=cuda trainable params=34.3M
mix: public_frac 0.5 -> 5000 public + 896 synthetic records
5896 training requests (holdout=[]), questions by type {'choice': 3180, 'score': 1484, 'noul': 2761}
ep0 step 10/1474 loss 1.780 kl 0.000 0.104s/rec
ep0 step 20/1474 loss 1.950 kl 0.000 0.096s/rec
ep0 step 30/1474 loss 1.699 kl 0.000 0.096s/rec
ep0 step 40/1474 loss 1.858 kl 0.000 0.094s/rec
ep0 step 50/1474 loss 1.822 kl 0.000 0.094s/rec
ep0 step 60/1474 loss 1.862 kl 0.000 0.095s/rec
ep0 step 70/1474 loss 1.719 kl 0.000 0.095s/rec
ep0 step 80/1474 loss 1.446 kl 0.000 0.094s/rec
ep0 step 90/1474 loss 1.692 kl 0.000 0.093s/rec
ep0 step 100/1474 loss 1.937 kl 0.000 0.093s/rec
ep0 step 110/1474 loss 1.413 kl 0.000 0.092s/rec
ep0 step 120/1474 loss 1.420 kl 0.000 0.092s/rec
ep0 step 130/1474 loss 1.651 kl 0.000 0.092s/rec
ep0 step 140/1474 loss 1.334 kl 0.000 0.093s/rec
ep0 step 150/1474 loss 1.142 kl 0.000 0.093s/rec
ep0 step 160/1474 loss 1.064 kl 0.000 0.093s/rec
ep0 step 170/1474 loss 1.034 kl 0.000 0.093s/rec
ep0 step 180/1474 loss 0.934 kl 0.000 0.093s/rec
ep0 step 190/1474 loss 0.727 kl 0.000 0.093s/rec
ep0 step 200/1474 loss 0.934 kl 0.000 0.094s/rec
ep0 step 210/1474 loss 0.667 kl 0.000 0.094s/rec
ep0 step 220/1474 loss 0.837 kl 0.000 0.094s/rec
ep0 step 230/1474 loss 0.583 kl 0.000 0.094s/rec
ep0 step 240/1474 loss 0.817 kl 0.000 0.094s/rec
ep0 step 250/1474 loss 0.983 kl 0.000 0.094s/rec
ep0 step 260/1474 loss 0.816 kl 0.000 0.095s/rec
ep0 step 270/1474 loss 0.746 kl 0.000 0.094s/rec
ep0 step 280/1474 loss 0.605 kl 0.000 0.094s/rec
ep0 step 290/1474 loss 0.568 kl 0.000 0.094s/rec
ep0 step 300/1474 loss 0.724 kl 0.000 0.094s/rec
ep0 step 310/1474 loss 0.627 kl 0.000 0.093s/rec
ep0 step 320/1474 loss 0.696 kl 0.000 0.093s/rec
ep0 step 330/1474 loss 0.622 kl 0.000 0.093s/rec
ep0 step 340/1474 loss 0.520 kl 0.000 0.093s/rec
ep0 step 350/1474 loss 0.640 kl 0.000 0.093s/rec
ep0 step 360/1474 loss 0.791 kl 0.000 0.093s/rec
ep0 step 370/1474 loss 0.589 kl 0.000 0.093s/rec
ep0 step 380/1474 loss 0.596 kl 0.000 0.093s/rec
ep0 step 390/1474 loss 0.774 kl 0.000 0.093s/rec
ep0 step 400/1474 loss 0.499 kl 0.000 0.093s/rec
ep0 step 410/1474 loss 0.585 kl 0.000 0.093s/rec
ep0 step 420/1474 loss 0.581 kl 0.000 0.092s/rec
ep0 step 430/1474 loss 0.455 kl 0.000 0.093s/rec
ep0 step 440/1474 loss 0.726 kl 0.000 0.092s/rec
ep0 step 450/1474 loss 0.543 kl 0.000 0.092s/rec
ep0 step 460/1474 loss 0.789 kl 0.000 0.092s/rec
ep0 step 470/1474 loss 0.450 kl 0.000 0.092s/rec
ep0 step 480/1474 loss 0.434 kl 0.000 0.092s/rec
ep0 step 490/1474 loss 0.561 kl 0.000 0.092s/rec
ep0 step 500/1474 loss 0.556 kl 0.000 0.092s/rec
ep0 step 510/1474 loss 0.576 kl 0.000 0.092s/rec
ep0 step 520/1474 loss 0.532 kl 0.000 0.092s/rec
ep0 step 530/1474 loss 0.555 kl 0.000 0.092s/rec
ep0 step 540/1474 loss 0.490 kl 0.000 0.092s/rec
ep0 step 550/1474 loss 0.726 kl 0.000 0.092s/rec
ep0 step 560/1474 loss 0.553 kl 0.000 0.092s/rec
ep0 step 570/1474 loss 0.434 kl 0.000 0.092s/rec
ep0 step 580/1474 loss 0.537 kl 0.000 0.092s/rec
ep0 step 590/1474 loss 0.592 kl 0.000 0.092s/rec
ep0 step 600/1474 loss 0.454 kl 0.000 0.092s/rec
ep0 step 610/1474 loss 0.396 kl 0.000 0.092s/rec
ep0 step 620/1474 loss 0.512 kl 0.000 0.092s/rec
ep0 step 630/1474 loss 0.432 kl 0.000 0.092s/rec
ep0 step 640/1474 loss 0.478 kl 0.000 0.092s/rec
ep0 step 650/1474 loss 0.575 kl 0.000 0.092s/rec
ep0 step 660/1474 loss 0.398 kl 0.000 0.092s/rec
ep0 step 670/1474 loss 0.354 kl 0.000 0.092s/rec
ep0 step 680/1474 loss 1.041 kl 0.000 0.092s/rec
ep0 step 690/1474 loss 0.545 kl 0.000 0.092s/rec
ep0 step 700/1474 loss 0.610 kl 0.000 0.092s/rec
ep0 step 710/1474 loss 0.471 kl 0.000 0.092s/rec
ep0 step 720/1474 loss 0.467 kl 0.000 0.092s/rec
ep0 step 730/1474 loss 0.717 kl 0.000 0.092s/rec
ep1 step 740/1474 loss 0.714 kl 0.000 0.092s/rec
ep1 step 750/1474 loss 0.394 kl 0.000 0.092s/rec
ep1 step 760/1474 loss 0.467 kl 0.000 0.092s/rec
ep1 step 770/1474 loss 0.738 kl 0.000 0.092s/rec
ep1 step 780/1474 loss 0.347 kl 0.000 0.092s/rec
ep1 step 790/1474 loss 0.554 kl 0.000 0.092s/rec
ep1 step 800/1474 loss 0.414 kl 0.000 0.092s/rec
ep1 step 810/1474 loss 0.228 kl 0.000 0.092s/rec
ep1 step 820/1474 loss 0.417 kl 0.000 0.092s/rec
ep1 step 830/1474 loss 0.340 kl 0.000 0.092s/rec
ep1 step 840/1474 loss 0.379 kl 0.000 0.092s/rec
ep1 step 850/1474 loss 0.453 kl 0.000 0.093s/rec
ep1 step 860/1474 loss 0.314 kl 0.000 0.093s/rec
ep1 step 870/1474 loss 0.309 kl 0.000 0.093s/rec
ep1 step 880/1474 loss 0.629 kl 0.000 0.093s/rec
ep1 step 890/1474 loss 0.392 kl 0.000 0.093s/rec
ep1 step 900/1474 loss 0.489 kl 0.000 0.093s/rec
ep1 step 910/1474 loss 0.258 kl 0.000 0.093s/rec
ep1 step 920/1474 loss 0.564 kl 0.000 0.093s/rec
ep1 step 930/1474 loss 0.713 kl 0.000 0.093s/rec
ep1 step 940/1474 loss 0.355 kl 0.000 0.093s/rec
ep1 step 950/1474 loss 0.422 kl 0.000 0.093s/rec
ep1 step 960/1474 loss 0.300 kl 0.000 0.093s/rec
ep1 step 970/1474 loss 0.678 kl 0.000 0.093s/rec
ep1 step 980/1474 loss 0.553 kl 0.000 0.093s/rec
ep1 step 990/1474 loss 0.326 kl 0.000 0.093s/rec
ep1 step 1000/1474 loss 0.415 kl 0.000 0.093s/rec
ep1 step 1010/1474 loss 0.281 kl 0.000 0.093s/rec
ep1 step 1020/1474 loss 0.382 kl 0.000 0.092s/rec
ep1 step 1030/1474 loss 0.671 kl 0.000 0.092s/rec
ep1 step 1040/1474 loss 0.291 kl 0.000 0.092s/rec
ep1 step 1050/1474 loss 0.230 kl 0.000 0.092s/rec
ep1 step 1060/1474 loss 0.444 kl 0.000 0.092s/rec
ep1 step 1070/1474 loss 0.398 kl 0.000 0.092s/rec
ep1 step 1080/1474 loss 0.385 kl 0.000 0.092s/rec
ep1 step 1090/1474 loss 0.470 kl 0.000 0.092s/rec
ep1 step 1100/1474 loss 0.351 kl 0.000 0.092s/rec
ep1 step 1110/1474 loss 0.372 kl 0.000 0.092s/rec
ep1 step 1120/1474 loss 0.328 kl 0.000 0.092s/rec
ep1 step 1130/1474 loss 0.349 kl 0.000 0.093s/rec
ep1 step 1140/1474 loss 0.469 kl 0.000 0.093s/rec
ep1 step 1150/1474 loss 0.608 kl 0.000 0.093s/rec
ep1 step 1160/1474 loss 0.576 kl 0.000 0.093s/rec
ep1 step 1170/1474 loss 0.237 kl 0.000 0.093s/rec
ep1 step 1180/1474 loss 0.341 kl 0.000 0.093s/rec
ep1 step 1190/1474 loss 0.341 kl 0.000 0.093s/rec
ep1 step 1200/1474 loss 0.294 kl 0.000 0.093s/rec
ep1 step 1210/1474 loss 0.245 kl 0.000 0.093s/rec
ep1 step 1220/1474 loss 0.340 kl 0.000 0.093s/rec
ep1 step 1230/1474 loss 0.491 kl 0.000 0.093s/rec
ep1 step 1240/1474 loss 0.494 kl 0.000 0.093s/rec
ep1 step 1250/1474 loss 0.434 kl 0.000 0.093s/rec
ep1 step 1260/1474 loss 0.432 kl 0.000 0.093s/rec
ep1 step 1270/1474 loss 0.272 kl 0.000 0.093s/rec
ep1 step 1280/1474 loss 0.304 kl 0.000 0.093s/rec
ep1 step 1290/1474 loss 0.356 kl 0.000 0.093s/rec
ep1 step 1300/1474 loss 0.402 kl 0.000 0.093s/rec
ep1 step 1310/1474 loss 0.301 kl 0.000 0.093s/rec
ep1 step 1320/1474 loss 0.471 kl 0.000 0.093s/rec
ep1 step 1330/1474 loss 0.420 kl 0.000 0.093s/rec
ep1 step 1340/1474 loss 0.302 kl 0.000 0.093s/rec
ep1 step 1350/1474 loss 0.487 kl 0.000 0.093s/rec
ep1 step 1360/1474 loss 0.305 kl 0.000 0.093s/rec
ep1 step 1370/1474 loss 0.240 kl 0.000 0.092s/rec
ep1 step 1380/1474 loss 0.433 kl 0.000 0.092s/rec
ep1 step 1390/1474 loss 0.374 kl 0.000 0.092s/rec
ep1 step 1400/1474 loss 0.290 kl 0.000 0.092s/rec
ep1 step 1410/1474 loss 0.316 kl 0.000 0.092s/rec
ep1 step 1420/1474 loss 0.480 kl 0.000 0.092s/rec
ep1 step 1430/1474 loss 0.174 kl 0.000 0.092s/rec
ep1 step 1440/1474 loss 0.358 kl 0.000 0.092s/rec
ep1 step 1450/1474 loss 0.338 kl 0.000 0.092s/rec
ep1 step 1460/1474 loss 0.782 kl 0.000 0.092s/rec
ep1 step 1470/1474 loss 0.406 kl 0.000 0.092s/rec
saved /runs/auto-4b-r0-91266/05-trial-5/checkpoint
