device=cuda trainable params=10.6M
ablation: training on ['agnews', 'amazon', 'banking77', 'boolq', 'compositional', 'dbpedia14', 'imdb', 'mnli', 'sst5', 'trec', 'yelp'] -> 3448 records
3448 training requests (holdout=[]), questions by type {'score': 900, 'choice': 1948, 'noul': 1500}
ep0 step 10/862 loss 1.904 kl 0.000 0.037s/rec
ep0 step 20/862 loss 1.535 kl 0.000 0.030s/rec
ep0 step 30/862 loss 1.567 kl 0.000 0.029s/rec
ep0 step 40/862 loss 1.497 kl 0.000 0.027s/rec
ep0 step 50/862 loss 1.702 kl 0.000 0.027s/rec
ep0 step 60/862 loss 1.536 kl 0.000 0.027s/rec
ep0 step 70/862 loss 1.574 kl 0.000 0.027s/rec
ep0 step 80/862 loss 1.287 kl 0.000 0.027s/rec
ep0 step 90/862 loss 1.134 kl 0.000 0.026s/rec
ep0 step 100/862 loss 1.091 kl 0.000 0.026s/rec
ep0 step 110/862 loss 1.127 kl 0.000 0.026s/rec
ep0 step 120/862 loss 0.928 kl 0.000 0.026s/rec
ep0 step 130/862 loss 0.801 kl 0.000 0.026s/rec
ep0 step 140/862 loss 0.879 kl 0.000 0.026s/rec
ep0 step 150/862 loss 1.124 kl 0.000 0.026s/rec
ep0 step 160/862 loss 0.936 kl 0.000 0.026s/rec
ep0 step 170/862 loss 0.739 kl 0.000 0.026s/rec
ep0 step 180/862 loss 0.980 kl 0.000 0.026s/rec
ep0 step 190/862 loss 1.066 kl 0.000 0.026s/rec
ep0 step 200/862 loss 0.964 kl 0.000 0.025s/rec
ep0 step 210/862 loss 1.117 kl 0.000 0.025s/rec
ep0 step 220/862 loss 1.005 kl 0.000 0.025s/rec
ep0 step 230/862 loss 0.870 kl 0.000 0.025s/rec
ep0 step 240/862 loss 0.953 kl 0.000 0.025s/rec
ep0 step 250/862 loss 0.652 kl 0.000 0.025s/rec
ep0 step 260/862 loss 0.959 kl 0.000 0.025s/rec
ep0 step 270/862 loss 0.815 kl 0.000 0.025s/rec
ep0 step 280/862 loss 0.722 kl 0.000 0.025s/rec
ep0 step 290/862 loss 1.197 kl 0.000 0.025s/rec
ep0 step 300/862 loss 0.671 kl 0.000 0.025s/rec
ep0 step 310/862 loss 0.816 kl 0.000 0.025s/rec
ep0 step 320/862 loss 0.654 kl 0.000 0.025s/rec
ep0 step 330/862 loss 0.814 kl 0.000 0.025s/rec
ep0 step 340/862 loss 0.573 kl 0.000 0.025s/rec
ep0 step 350/862 loss 0.700 kl 0.000 0.025s/rec
ep0 step 360/862 loss 0.660 kl 0.000 0.025s/rec
ep0 step 370/862 loss 0.681 kl 0.000 0.025s/rec
ep0 step 380/862 loss 1.006 kl 0.000 0.025s/rec
ep0 step 390/862 loss 0.499 kl 0.000 0.025s/rec
ep0 step 400/862 loss 0.924 kl 0.000 0.025s/rec
ep0 step 410/862 loss 0.664 kl 0.000 0.025s/rec
ep0 step 420/862 loss 0.656 kl 0.000 0.025s/rec
ep0 step 430/862 loss 0.684 kl 0.000 0.025s/rec
ep1 step 440/862 loss 0.556 kl 0.000 0.025s/rec
ep1 step 450/862 loss 0.780 kl 0.000 0.025s/rec
ep1 step 460/862 loss 0.674 kl 0.000 0.025s/rec
ep1 step 470/862 loss 0.479 kl 0.000 0.025s/rec
ep1 step 480/862 loss 0.529 kl 0.000 0.025s/rec
ep1 step 490/862 loss 0.610 kl 0.000 0.025s/rec
ep1 step 500/862 loss 0.526 kl 0.000 0.025s/rec
ep1 step 510/862 loss 0.538 kl 0.000 0.025s/rec
ep1 step 520/862 loss 0.839 kl 0.000 0.025s/rec
ep1 step 530/862 loss 0.444 kl 0.000 0.025s/rec
ep1 step 540/862 loss 0.480 kl 0.000 0.025s/rec
ep1 step 550/862 loss 0.402 kl 0.000 0.024s/rec
ep1 step 560/862 loss 0.521 kl 0.000 0.024s/rec
ep1 step 570/862 loss 0.504 kl 0.000 0.024s/rec
ep1 step 580/862 loss 0.538 kl 0.000 0.024s/rec
ep1 step 590/862 loss 0.488 kl 0.000 0.024s/rec
ep1 step 600/862 loss 0.531 kl 0.000 0.024s/rec
ep1 step 610/862 loss 0.458 kl 0.000 0.024s/rec
ep1 step 620/862 loss 0.486 kl 0.000 0.024s/rec
ep1 step 630/862 loss 0.560 kl 0.000 0.024s/rec
ep1 step 640/862 loss 0.522 kl 0.000 0.024s/rec
ep1 step 650/862 loss 0.477 kl 0.000 0.024s/rec
ep1 step 660/862 loss 0.469 kl 0.000 0.024s/rec
ep1 step 670/862 loss 0.572 kl 0.000 0.024s/rec
ep1 step 680/862 loss 0.367 kl 0.000 0.024s/rec
ep1 step 690/862 loss 0.401 kl 0.000 0.024s/rec
ep1 step 700/862 loss 0.633 kl 0.000 0.024s/rec
ep1 step 710/862 loss 0.366 kl 0.000 0.024s/rec
ep1 step 720/862 loss 0.439 kl 0.000 0.024s/rec
ep1 step 730/862 loss 0.338 kl 0.000 0.024s/rec
ep1 step 740/862 loss 0.341 kl 0.000 0.024s/rec
ep1 step 750/862 loss 0.433 kl 0.000 0.024s/rec
ep1 step 760/862 loss 0.433 kl 0.000 0.024s/rec
ep1 step 770/862 loss 0.551 kl 0.000 0.024s/rec
ep1 step 780/862 loss 0.522 kl 0.000 0.024s/rec
ep1 step 790/862 loss 0.306 kl 0.000 0.024s/rec
ep1 step 800/862 loss 0.319 kl 0.000 0.024s/rec
ep1 step 810/862 loss 0.469 kl 0.000 0.024s/rec
ep1 step 820/862 loss 0.490 kl 0.000 0.024s/rec
ep1 step 830/862 loss 0.542 kl 0.000 0.024s/rec
ep1 step 840/862 loss 0.555 kl 0.000 0.024s/rec
ep1 step 850/862 loss 0.698 kl 0.000 0.024s/rec
ep1 step 860/862 loss 0.547 kl 0.000 0.024s/rec
saved /runs/v3-data-capacity-s0/01-trial-1/checkpoint
