device=cuda trainable params=34.3M
ablation: training on ['agnews', 'amazon', 'banking77', 'boolq', 'dbpedia14', 'imdb', 'legacy_policy', 'mnli', 'sst5', 'trec', 'yelp'] -> 3448 records
3448 training requests (holdout=[]), questions by type {'score': 900, 'choice': 1724, 'noul': 1724}
ep0 step 10/862 loss 1.977 kl 0.000 0.115s/rec
ep0 step 20/862 loss 1.746 kl 0.000 0.106s/rec
ep0 step 30/862 loss 1.863 kl 0.000 0.104s/rec
ep0 step 40/862 loss 2.155 kl 0.000 0.100s/rec
ep0 step 50/862 loss 1.659 kl 0.000 0.101s/rec
ep0 step 60/862 loss 1.444 kl 0.000 0.099s/rec
ep0 step 70/862 loss 1.339 kl 0.000 0.100s/rec
ep0 step 80/862 loss 1.106 kl 0.000 0.099s/rec
ep0 step 90/862 loss 1.082 kl 0.000 0.098s/rec
ep0 step 100/862 loss 0.788 kl 0.000 0.097s/rec
ep0 step 110/862 loss 1.136 kl 0.000 0.098s/rec
ep0 step 120/862 loss 0.941 kl 0.000 0.097s/rec
ep0 step 130/862 loss 0.842 kl 0.000 0.098s/rec
ep0 step 140/862 loss 0.835 kl 0.000 0.098s/rec
ep0 step 150/862 loss 0.548 kl 0.000 0.098s/rec
ep0 step 160/862 loss 0.527 kl 0.000 0.098s/rec
ep0 step 170/862 loss 1.264 kl 0.000 0.098s/rec
ep0 step 180/862 loss 0.635 kl 0.000 0.099s/rec
ep0 step 190/862 loss 1.000 kl 0.000 0.099s/rec
ep0 step 200/862 loss 0.896 kl 0.000 0.099s/rec
ep0 step 210/862 loss 0.731 kl 0.000 0.100s/rec
ep0 step 220/862 loss 0.436 kl 0.000 0.100s/rec
ep0 step 230/862 loss 0.611 kl 0.000 0.100s/rec
ep0 step 240/862 loss 0.604 kl 0.000 0.100s/rec
ep0 step 250/862 loss 0.768 kl 0.000 0.100s/rec
ep0 step 260/862 loss 0.645 kl 0.000 0.100s/rec
ep0 step 270/862 loss 0.730 kl 0.000 0.100s/rec
ep0 step 280/862 loss 0.569 kl 0.000 0.100s/rec
ep0 step 290/862 loss 0.532 kl 0.000 0.100s/rec
ep0 step 300/862 loss 0.849 kl 0.000 0.099s/rec
ep0 step 310/862 loss 0.599 kl 0.000 0.099s/rec
ep0 step 320/862 loss 0.687 kl 0.000 0.099s/rec
ep0 step 330/862 loss 0.641 kl 0.000 0.100s/rec
ep0 step 340/862 loss 0.730 kl 0.000 0.100s/rec
ep0 step 350/862 loss 0.360 kl 0.000 0.100s/rec
ep0 step 360/862 loss 0.484 kl 0.000 0.099s/rec
ep0 step 370/862 loss 0.882 kl 0.000 0.099s/rec
ep0 step 380/862 loss 0.689 kl 0.000 0.099s/rec
ep0 step 390/862 loss 0.925 kl 0.000 0.099s/rec
ep0 step 400/862 loss 0.516 kl 0.000 0.099s/rec
ep0 step 410/862 loss 0.754 kl 0.000 0.099s/rec
ep0 step 420/862 loss 0.564 kl 0.000 0.099s/rec
ep0 step 430/862 loss 0.502 kl 0.000 0.099s/rec
ep1 step 440/862 loss 0.523 kl 0.000 0.099s/rec
ep1 step 450/862 loss 0.519 kl 0.000 0.098s/rec
ep1 step 460/862 loss 0.326 kl 0.000 0.098s/rec
ep1 step 470/862 loss 0.213 kl 0.000 0.098s/rec
ep1 step 480/862 loss 0.435 kl 0.000 0.098s/rec
ep1 step 490/862 loss 0.728 kl 0.000 0.098s/rec
ep1 step 500/862 loss 0.464 kl 0.000 0.098s/rec
ep1 step 510/862 loss 0.255 kl 0.000 0.098s/rec
ep1 step 520/862 loss 0.284 kl 0.000 0.098s/rec
ep1 step 530/862 loss 0.310 kl 0.000 0.098s/rec
ep1 step 540/862 loss 0.500 kl 0.000 0.098s/rec
ep1 step 550/862 loss 0.326 kl 0.000 0.098s/rec
ep1 step 560/862 loss 0.425 kl 0.000 0.098s/rec
ep1 step 570/862 loss 0.314 kl 0.000 0.098s/rec
ep1 step 580/862 loss 0.397 kl 0.000 0.098s/rec
ep1 step 590/862 loss 0.315 kl 0.000 0.098s/rec
ep1 step 600/862 loss 0.584 kl 0.000 0.098s/rec
ep1 step 610/862 loss 0.459 kl 0.000 0.099s/rec
ep1 step 620/862 loss 0.291 kl 0.000 0.099s/rec
ep1 step 630/862 loss 0.248 kl 0.000 0.099s/rec
ep1 step 640/862 loss 0.355 kl 0.000 0.099s/rec
ep1 step 650/862 loss 0.191 kl 0.000 0.099s/rec
ep1 step 660/862 loss 0.239 kl 0.000 0.099s/rec
ep1 step 670/862 loss 0.575 kl 0.000 0.099s/rec
ep1 step 680/862 loss 0.262 kl 0.000 0.099s/rec
ep1 step 690/862 loss 0.289 kl 0.000 0.099s/rec
ep1 step 700/862 loss 0.406 kl 0.000 0.099s/rec
ep1 step 710/862 loss 0.299 kl 0.000 0.098s/rec
ep1 step 720/862 loss 0.238 kl 0.000 0.098s/rec
ep1 step 730/862 loss 0.194 kl 0.000 0.098s/rec
ep1 step 740/862 loss 0.276 kl 0.000 0.098s/rec
ep1 step 750/862 loss 0.465 kl 0.000 0.098s/rec
ep1 step 760/862 loss 0.315 kl 0.000 0.098s/rec
ep1 step 770/862 loss 0.451 kl 0.000 0.098s/rec
ep1 step 780/862 loss 0.167 kl 0.000 0.098s/rec
ep1 step 790/862 loss 0.326 kl 0.000 0.098s/rec
ep1 step 800/862 loss 0.376 kl 0.000 0.098s/rec
ep1 step 810/862 loss 0.164 kl 0.000 0.098s/rec
ep1 step 820/862 loss 0.086 kl 0.000 0.098s/rec
ep1 step 830/862 loss 0.347 kl 0.000 0.098s/rec
ep1 step 840/862 loss 0.327 kl 0.000 0.098s/rec
ep1 step 850/862 loss 0.378 kl 0.000 0.098s/rec
ep1 step 860/862 loss 0.252 kl 0.000 0.098s/rec
saved /runs/v3-data-capacity-s1/02-trial-2/checkpoint
