device=cuda trainable params=34.3M
mix: synthetic_repeat 2 -> +896 records
11792 training requests (holdout=[]), questions by type {'choice': 6344, 'score': 3000, 'noul': 5448}
ep0 step 10/2948 loss 1.964 kl 0.000 0.095s/rec
ep0 step 20/2948 loss 1.972 kl 0.000 0.093s/rec
ep0 step 30/2948 loss 2.082 kl 0.000 0.092s/rec
ep0 step 40/2948 loss 1.863 kl 0.000 0.091s/rec
ep0 step 50/2948 loss 1.897 kl 0.000 0.092s/rec
ep0 step 60/2948 loss 1.618 kl 0.000 0.090s/rec
ep0 step 70/2948 loss 1.673 kl 0.000 0.089s/rec
ep0 step 80/2948 loss 2.127 kl 0.000 0.090s/rec
ep0 step 90/2948 loss 1.661 kl 0.000 0.088s/rec
ep0 step 100/2948 loss 1.628 kl 0.000 0.087s/rec
ep0 step 110/2948 loss 2.002 kl 0.000 0.088s/rec
ep0 step 120/2948 loss 1.712 kl 0.000 0.087s/rec
ep0 step 130/2948 loss 1.831 kl 0.000 0.087s/rec
ep0 step 140/2948 loss 1.710 kl 0.000 0.087s/rec
ep0 step 150/2948 loss 1.418 kl 0.000 0.086s/rec
ep0 step 160/2948 loss 1.324 kl 0.000 0.086s/rec
ep0 step 170/2948 loss 1.556 kl 0.000 0.086s/rec
ep0 step 180/2948 loss 1.159 kl 0.000 0.085s/rec
ep0 step 190/2948 loss 1.224 kl 0.000 0.085s/rec
ep0 step 200/2948 loss 1.073 kl 0.000 0.085s/rec
ep0 step 210/2948 loss 1.156 kl 0.000 0.086s/rec
ep0 step 220/2948 loss 1.239 kl 0.000 0.086s/rec
ep0 step 230/2948 loss 0.967 kl 0.000 0.086s/rec
ep0 step 240/2948 loss 0.931 kl 0.000 0.086s/rec
ep0 step 250/2948 loss 0.659 kl 0.000 0.086s/rec
ep0 step 260/2948 loss 0.686 kl 0.000 0.086s/rec
ep0 step 270/2948 loss 0.862 kl 0.000 0.086s/rec
ep0 step 280/2948 loss 0.762 kl 0.000 0.086s/rec
ep0 step 290/2948 loss 0.704 kl 0.000 0.086s/rec
ep0 step 300/2948 loss 0.779 kl 0.000 0.086s/rec
ep0 step 310/2948 loss 0.905 kl 0.000 0.086s/rec
ep0 step 320/2948 loss 0.676 kl 0.000 0.086s/rec
ep0 step 330/2948 loss 0.786 kl 0.000 0.086s/rec
ep0 step 340/2948 loss 0.650 kl 0.000 0.086s/rec
ep0 step 350/2948 loss 0.448 kl 0.000 0.086s/rec
ep0 step 360/2948 loss 0.843 kl 0.000 0.086s/rec
ep0 step 370/2948 loss 0.704 kl 0.000 0.086s/rec
ep0 step 380/2948 loss 0.708 kl 0.000 0.085s/rec
ep0 step 390/2948 loss 0.697 kl 0.000 0.085s/rec
ep0 step 400/2948 loss 0.327 kl 0.000 0.085s/rec
ep0 step 410/2948 loss 0.980 kl 0.000 0.085s/rec
ep0 step 420/2948 loss 0.555 kl 0.000 0.085s/rec
ep0 step 430/2948 loss 0.602 kl 0.000 0.085s/rec
ep0 step 440/2948 loss 0.639 kl 0.000 0.085s/rec
ep0 step 450/2948 loss 0.409 kl 0.000 0.085s/rec
ep0 step 460/2948 loss 0.763 kl 0.000 0.085s/rec
ep0 step 470/2948 loss 0.665 kl 0.000 0.085s/rec
ep0 step 480/2948 loss 0.638 kl 0.000 0.085s/rec
ep0 step 490/2948 loss 0.621 kl 0.000 0.085s/rec
ep0 step 500/2948 loss 0.549 kl 0.000 0.085s/rec
ep0 step 510/2948 loss 0.760 kl 0.000 0.084s/rec
ep0 step 520/2948 loss 0.503 kl 0.000 0.085s/rec
ep0 step 530/2948 loss 0.767 kl 0.000 0.085s/rec
ep0 step 540/2948 loss 0.459 kl 0.000 0.084s/rec
ep0 step 550/2948 loss 0.546 kl 0.000 0.084s/rec
ep0 step 560/2948 loss 0.406 kl 0.000 0.084s/rec
ep0 step 570/2948 loss 0.562 kl 0.000 0.084s/rec
ep0 step 580/2948 loss 0.345 kl 0.000 0.084s/rec
ep0 step 590/2948 loss 0.504 kl 0.000 0.084s/rec
ep0 step 600/2948 loss 0.632 kl 0.000 0.084s/rec
ep0 step 610/2948 loss 0.432 kl 0.000 0.084s/rec
ep0 step 620/2948 loss 0.469 kl 0.000 0.084s/rec
ep0 step 630/2948 loss 0.710 kl 0.000 0.084s/rec
ep0 step 640/2948 loss 0.509 kl 0.000 0.084s/rec
ep0 step 650/2948 loss 0.408 kl 0.000 0.084s/rec
ep0 step 660/2948 loss 0.696 kl 0.000 0.084s/rec
ep0 step 670/2948 loss 0.402 kl 0.000 0.084s/rec
ep0 step 680/2948 loss 0.502 kl 0.000 0.084s/rec
ep0 step 690/2948 loss 0.448 kl 0.000 0.084s/rec
ep0 step 700/2948 loss 0.503 kl 0.000 0.084s/rec
ep0 step 710/2948 loss 0.392 kl 0.000 0.084s/rec
ep0 step 720/2948 loss 0.598 kl 0.000 0.084s/rec
ep0 step 730/2948 loss 0.438 kl 0.000 0.084s/rec
ep0 step 740/2948 loss 0.435 kl 0.000 0.084s/rec
ep0 step 750/2948 loss 0.400 kl 0.000 0.083s/rec
ep0 step 760/2948 loss 0.720 kl 0.000 0.083s/rec
ep0 step 770/2948 loss 0.996 kl 0.000 0.083s/rec
ep0 step 780/2948 loss 0.666 kl 0.000 0.083s/rec
ep0 step 790/2948 loss 0.588 kl 0.000 0.083s/rec
ep0 step 800/2948 loss 0.605 kl 0.000 0.084s/rec
ep0 step 810/2948 loss 0.455 kl 0.000 0.084s/rec
ep0 step 820/2948 loss 0.740 kl 0.000 0.084s/rec
ep0 step 830/2948 loss 0.573 kl 0.000 0.084s/rec
ep0 step 840/2948 loss 0.438 kl 0.000 0.084s/rec
ep0 step 850/2948 loss 0.533 kl 0.000 0.083s/rec
ep0 step 860/2948 loss 0.441 kl 0.000 0.083s/rec
ep0 step 870/2948 loss 0.463 kl 0.000 0.083s/rec
ep0 step 880/2948 loss 0.252 kl 0.000 0.083s/rec
ep0 step 890/2948 loss 0.517 kl 0.000 0.083s/rec
ep0 step 900/2948 loss 0.405 kl 0.000 0.083s/rec
ep0 step 910/2948 loss 0.456 kl 0.000 0.083s/rec
ep0 step 920/2948 loss 0.423 kl 0.000 0.083s/rec
ep0 step 930/2948 loss 0.625 kl 0.000 0.083s/rec
ep0 step 940/2948 loss 0.469 kl 0.000 0.083s/rec
ep0 step 950/2948 loss 0.415 kl 0.000 0.083s/rec
ep0 step 960/2948 loss 0.550 kl 0.000 0.083s/rec
ep0 step 970/2948 loss 0.695 kl 0.000 0.083s/rec
ep0 step 980/2948 loss 0.568 kl 0.000 0.083s/rec
ep0 step 990/2948 loss 0.680 kl 0.000 0.083s/rec
ep0 step 1000/2948 loss 0.477 kl 0.000 0.083s/rec
ep0 step 1010/2948 loss 0.465 kl 0.000 0.083s/rec
ep0 step 1020/2948 loss 0.344 kl 0.000 0.083s/rec
ep0 step 1030/2948 loss 0.520 kl 0.000 0.083s/rec
ep0 step 1040/2948 loss 0.458 kl 0.000 0.083s/rec
ep0 step 1050/2948 loss 0.465 kl 0.000 0.083s/rec
ep0 step 1060/2948 loss 0.310 kl 0.000 0.083s/rec
ep0 step 1070/2948 loss 0.418 kl 0.000 0.083s/rec
ep0 step 1080/2948 loss 0.379 kl 0.000 0.083s/rec
ep0 step 1090/2948 loss 0.654 kl 0.000 0.083s/rec
ep0 step 1100/2948 loss 0.490 kl 0.000 0.083s/rec
ep0 step 1110/2948 loss 0.450 kl 0.000 0.083s/rec
ep0 step 1120/2948 loss 0.315 kl 0.000 0.083s/rec
ep0 step 1130/2948 loss 0.556 kl 0.000 0.083s/rec
ep0 step 1140/2948 loss 0.285 kl 0.000 0.083s/rec
ep0 step 1150/2948 loss 0.420 kl 0.000 0.083s/rec
ep0 step 1160/2948 loss 0.551 kl 0.000 0.083s/rec
ep0 step 1170/2948 loss 0.381 kl 0.000 0.083s/rec
ep0 step 1180/2948 loss 0.526 kl 0.000 0.083s/rec
ep0 step 1190/2948 loss 0.541 kl 0.000 0.083s/rec
ep0 step 1200/2948 loss 0.711 kl 0.000 0.083s/rec
ep0 step 1210/2948 loss 0.323 kl 0.000 0.083s/rec
ep0 step 1220/2948 loss 0.572 kl 0.000 0.083s/rec
ep0 step 1230/2948 loss 0.676 kl 0.000 0.083s/rec
ep0 step 1240/2948 loss 0.606 kl 0.000 0.083s/rec
ep0 step 1250/2948 loss 0.487 kl 0.000 0.083s/rec
ep0 step 1260/2948 loss 0.407 kl 0.000 0.083s/rec
ep0 step 1270/2948 loss 0.605 kl 0.000 0.083s/rec
ep0 step 1280/2948 loss 0.278 kl 0.000 0.083s/rec
ep0 step 1290/2948 loss 0.829 kl 0.000 0.083s/rec
ep0 step 1300/2948 loss 0.600 kl 0.000 0.083s/rec
ep0 step 1310/2948 loss 0.407 kl 0.000 0.083s/rec
ep0 step 1320/2948 loss 0.403 kl 0.000 0.083s/rec
ep0 step 1330/2948 loss 0.430 kl 0.000 0.083s/rec
ep0 step 1340/2948 loss 0.507 kl 0.000 0.083s/rec
ep0 step 1350/2948 loss 0.712 kl 0.000 0.083s/rec
ep0 step 1360/2948 loss 0.437 kl 0.000 0.083s/rec
ep0 step 1370/2948 loss 0.582 kl 0.000 0.083s/rec
ep0 step 1380/2948 loss 0.686 kl 0.000 0.083s/rec
ep0 step 1390/2948 loss 0.525 kl 0.000 0.083s/rec
ep0 step 1400/2948 loss 0.447 kl 0.000 0.083s/rec
ep0 step 1410/2948 loss 0.375 kl 0.000 0.083s/rec
ep0 step 1420/2948 loss 0.375 kl 0.000 0.083s/rec
ep0 step 1430/2948 loss 0.254 kl 0.000 0.083s/rec
ep0 step 1440/2948 loss 0.525 kl 0.000 0.083s/rec
ep0 step 1450/2948 loss 0.518 kl 0.000 0.083s/rec
ep0 step 1460/2948 loss 0.358 kl 0.000 0.083s/rec
ep0 step 1470/2948 loss 0.369 kl 0.000 0.083s/rec
ep1 step 1480/2948 loss 0.448 kl 0.000 0.083s/rec
ep1 step 1490/2948 loss 0.325 kl 0.000 0.083s/rec
ep1 step 1500/2948 loss 0.593 kl 0.000 0.083s/rec
ep1 step 1510/2948 loss 0.423 kl 0.000 0.083s/rec
ep1 step 1520/2948 loss 0.239 kl 0.000 0.083s/rec
ep1 step 1530/2948 loss 0.511 kl 0.000 0.083s/rec
ep1 step 1540/2948 loss 0.578 kl 0.000 0.083s/rec
ep1 step 1550/2948 loss 0.373 kl 0.000 0.083s/rec
ep1 step 1560/2948 loss 0.280 kl 0.000 0.083s/rec
ep1 step 1570/2948 loss 0.483 kl 0.000 0.083s/rec
ep1 step 1580/2948 loss 0.296 kl 0.000 0.083s/rec
ep1 step 1590/2948 loss 0.410 kl 0.000 0.083s/rec
ep1 step 1600/2948 loss 0.425 kl 0.000 0.083s/rec
ep1 step 1610/2948 loss 0.258 kl 0.000 0.083s/rec
ep1 step 1620/2948 loss 0.216 kl 0.000 0.083s/rec
ep1 step 1630/2948 loss 0.281 kl 0.000 0.083s/rec
ep1 step 1640/2948 loss 0.281 kl 0.000 0.083s/rec
ep1 step 1650/2948 loss 0.378 kl 0.000 0.083s/rec
ep1 step 1660/2948 loss 0.620 kl 0.000 0.083s/rec
ep1 step 1670/2948 loss 0.249 kl 0.000 0.083s/rec
ep1 step 1680/2948 loss 0.302 kl 0.000 0.083s/rec
ep1 step 1690/2948 loss 0.573 kl 0.000 0.083s/rec
ep1 step 1700/2948 loss 0.378 kl 0.000 0.083s/rec
ep1 step 1710/2948 loss 0.539 kl 0.000 0.083s/rec
ep1 step 1720/2948 loss 0.235 kl 0.000 0.083s/rec
ep1 step 1730/2948 loss 0.363 kl 0.000 0.083s/rec
ep1 step 1740/2948 loss 0.388 kl 0.000 0.083s/rec
ep1 step 1750/2948 loss 0.274 kl 0.000 0.083s/rec
ep1 step 1760/2948 loss 0.319 kl 0.000 0.083s/rec
ep1 step 1770/2948 loss 0.337 kl 0.000 0.083s/rec
ep1 step 1780/2948 loss 0.162 kl 0.000 0.083s/rec
ep1 step 1790/2948 loss 0.246 kl 0.000 0.083s/rec
ep1 step 1800/2948 loss 0.639 kl 0.000 0.083s/rec
ep1 step 1810/2948 loss 0.356 kl 0.000 0.083s/rec
ep1 step 1820/2948 loss 0.303 kl 0.000 0.083s/rec
ep1 step 1830/2948 loss 0.417 kl 0.000 0.083s/rec
ep1 step 1840/2948 loss 0.293 kl 0.000 0.083s/rec
ep1 step 1850/2948 loss 0.254 kl 0.000 0.083s/rec
ep1 step 1860/2948 loss 0.502 kl 0.000 0.083s/rec
ep1 step 1870/2948 loss 0.429 kl 0.000 0.083s/rec
ep1 step 1880/2948 loss 0.211 kl 0.000 0.083s/rec
ep1 step 1890/2948 loss 0.715 kl 0.000 0.083s/rec
ep1 step 1900/2948 loss 0.615 kl 0.000 0.083s/rec
ep1 step 1910/2948 loss 0.545 kl 0.000 0.083s/rec
ep1 step 1920/2948 loss 0.285 kl 0.000 0.083s/rec
ep1 step 1930/2948 loss 0.271 kl 0.000 0.083s/rec
ep1 step 1940/2948 loss 0.236 kl 0.000 0.083s/rec
ep1 step 1950/2948 loss 0.136 kl 0.000 0.083s/rec
ep1 step 1960/2948 loss 0.436 kl 0.000 0.083s/rec
ep1 step 1970/2948 loss 0.357 kl 0.000 0.083s/rec
ep1 step 1980/2948 loss 0.313 kl 0.000 0.083s/rec
ep1 step 1990/2948 loss 0.469 kl 0.000 0.083s/rec
ep1 step 2000/2948 loss 0.207 kl 0.000 0.083s/rec
ep1 step 2010/2948 loss 0.387 kl 0.000 0.083s/rec
ep1 step 2020/2948 loss 0.337 kl 0.000 0.083s/rec
ep1 step 2030/2948 loss 0.338 kl 0.000 0.083s/rec
ep1 step 2040/2948 loss 0.238 kl 0.000 0.083s/rec
ep1 step 2050/2948 loss 0.304 kl 0.000 0.083s/rec
ep1 step 2060/2948 loss 0.438 kl 0.000 0.083s/rec
ep1 step 2070/2948 loss 0.299 kl 0.000 0.083s/rec
ep1 step 2080/2948 loss 0.211 kl 0.000 0.083s/rec
ep1 step 2090/2948 loss 0.836 kl 0.000 0.083s/rec
ep1 step 2100/2948 loss 0.314 kl 0.000 0.083s/rec
ep1 step 2110/2948 loss 0.207 kl 0.000 0.083s/rec
ep1 step 2120/2948 loss 0.146 kl 0.000 0.083s/rec
ep1 step 2130/2948 loss 0.272 kl 0.000 0.083s/rec
ep1 step 2140/2948 loss 0.371 kl 0.000 0.083s/rec
ep1 step 2150/2948 loss 0.395 kl 0.000 0.083s/rec
ep1 step 2160/2948 loss 0.265 kl 0.000 0.083s/rec
ep1 step 2170/2948 loss 0.344 kl 0.000 0.083s/rec
ep1 step 2180/2948 loss 0.122 kl 0.000 0.083s/rec
ep1 step 2190/2948 loss 0.423 kl 0.000 0.083s/rec
ep1 step 2200/2948 loss 0.349 kl 0.000 0.083s/rec
ep1 step 2210/2948 loss 0.510 kl 0.000 0.083s/rec
ep1 step 2220/2948 loss 0.542 kl 0.000 0.082s/rec
ep1 step 2230/2948 loss 0.358 kl 0.000 0.082s/rec
ep1 step 2240/2948 loss 0.254 kl 0.000 0.082s/rec
ep1 step 2250/2948 loss 0.459 kl 0.000 0.082s/rec
ep1 step 2260/2948 loss 0.445 kl 0.000 0.082s/rec
ep1 step 2270/2948 loss 0.589 kl 0.000 0.082s/rec
ep1 step 2280/2948 loss 0.275 kl 0.000 0.082s/rec
ep1 step 2290/2948 loss 0.261 kl 0.000 0.082s/rec
ep1 step 2300/2948 loss 0.296 kl 0.000 0.082s/rec
ep1 step 2310/2948 loss 0.299 kl 0.000 0.082s/rec
ep1 step 2320/2948 loss 0.300 kl 0.000 0.082s/rec
ep1 step 2330/2948 loss 0.277 kl 0.000 0.082s/rec
ep1 step 2340/2948 loss 0.676 kl 0.000 0.082s/rec
ep1 step 2350/2948 loss 0.465 kl 0.000 0.082s/rec
ep1 step 2360/2948 loss 0.440 kl 0.000 0.082s/rec
ep1 step 2370/2948 loss 0.376 kl 0.000 0.082s/rec
ep1 step 2380/2948 loss 0.310 kl 0.000 0.083s/rec
ep1 step 2390/2948 loss 0.359 kl 0.000 0.082s/rec
ep1 step 2400/2948 loss 0.601 kl 0.000 0.082s/rec
ep1 step 2410/2948 loss 0.476 kl 0.000 0.082s/rec
ep1 step 2420/2948 loss 0.432 kl 0.000 0.082s/rec
ep1 step 2430/2948 loss 0.263 kl 0.000 0.082s/rec
ep1 step 2440/2948 loss 0.164 kl 0.000 0.082s/rec
ep1 step 2450/2948 loss 0.178 kl 0.000 0.082s/rec
ep1 step 2460/2948 loss 0.273 kl 0.000 0.082s/rec
ep1 step 2470/2948 loss 0.262 kl 0.000 0.083s/rec
ep1 step 2480/2948 loss 0.331 kl 0.000 0.083s/rec
ep1 step 2490/2948 loss 0.318 kl 0.000 0.083s/rec
ep1 step 2500/2948 loss 0.387 kl 0.000 0.083s/rec
ep1 step 2510/2948 loss 0.415 kl 0.000 0.083s/rec
ep1 step 2520/2948 loss 0.359 kl 0.000 0.083s/rec
ep1 step 2530/2948 loss 0.390 kl 0.000 0.083s/rec
ep1 step 2540/2948 loss 0.260 kl 0.000 0.083s/rec
ep1 step 2550/2948 loss 0.289 kl 0.000 0.083s/rec
ep1 step 2560/2948 loss 0.292 kl 0.000 0.083s/rec
ep1 step 2570/2948 loss 0.404 kl 0.000 0.083s/rec
ep1 step 2580/2948 loss 0.287 kl 0.000 0.083s/rec
ep1 step 2590/2948 loss 0.516 kl 0.000 0.083s/rec
ep1 step 2600/2948 loss 0.234 kl 0.000 0.083s/rec
ep1 step 2610/2948 loss 0.263 kl 0.000 0.083s/rec
ep1 step 2620/2948 loss 0.269 kl 0.000 0.083s/rec
ep1 step 2630/2948 loss 0.371 kl 0.000 0.083s/rec
ep1 step 2640/2948 loss 0.255 kl 0.000 0.083s/rec
ep1 step 2650/2948 loss 0.260 kl 0.000 0.083s/rec
ep1 step 2660/2948 loss 0.174 kl 0.000 0.083s/rec
ep1 step 2670/2948 loss 0.318 kl 0.000 0.083s/rec
ep1 step 2680/2948 loss 0.300 kl 0.000 0.083s/rec
ep1 step 2690/2948 loss 0.596 kl 0.000 0.083s/rec
ep1 step 2700/2948 loss 0.353 kl 0.000 0.083s/rec
ep1 step 2710/2948 loss 0.481 kl 0.000 0.083s/rec
ep1 step 2720/2948 loss 0.202 kl 0.000 0.083s/rec
ep1 step 2730/2948 loss 0.495 kl 0.000 0.083s/rec
ep1 step 2740/2948 loss 0.263 kl 0.000 0.083s/rec
ep1 step 2750/2948 loss 0.374 kl 0.000 0.083s/rec
ep1 step 2760/2948 loss 0.909 kl 0.000 0.083s/rec
ep1 step 2770/2948 loss 0.262 kl 0.000 0.083s/rec
ep1 step 2780/2948 loss 0.344 kl 0.000 0.083s/rec
ep1 step 2790/2948 loss 0.380 kl 0.000 0.083s/rec
ep1 step 2800/2948 loss 0.539 kl 0.000 0.083s/rec
ep1 step 2810/2948 loss 0.255 kl 0.000 0.083s/rec
ep1 step 2820/2948 loss 0.367 kl 0.000 0.083s/rec
ep1 step 2830/2948 loss 0.812 kl 0.000 0.083s/rec
ep1 step 2840/2948 loss 0.239 kl 0.000 0.083s/rec
ep1 step 2850/2948 loss 0.314 kl 0.000 0.083s/rec
ep1 step 2860/2948 loss 0.459 kl 0.000 0.083s/rec
ep1 step 2870/2948 loss 0.408 kl 0.000 0.083s/rec
ep1 step 2880/2948 loss 0.331 kl 0.000 0.083s/rec
ep1 step 2890/2948 loss 0.253 kl 0.000 0.083s/rec
ep1 step 2900/2948 loss 0.437 kl 0.000 0.083s/rec
ep1 step 2910/2948 loss 0.277 kl 0.000 0.083s/rec
ep1 step 2920/2948 loss 0.360 kl 0.000 0.083s/rec
ep1 step 2930/2948 loss 0.430 kl 0.000 0.083s/rec
ep1 step 2940/2948 loss 0.292 kl 0.000 0.083s/rec
saved /runs/auto-4b-r1/01-trial-1/checkpoint
