device=cuda trainable params=45.7M
ablation: training on ['agnews', 'amazon', 'banking77', 'boolq', 'compositional', 'dbpedia14', 'imdb', 'mnli', 'sst5', 'trec', 'yelp'] -> 3448 records
3448 training requests (holdout=[]), questions by type {'score': 900, 'choice': 1948, 'noul': 1500}
ep0 step 10/862 loss 1.807 kl 0.000 0.187s/rec
ep0 step 20/862 loss 1.788 kl 0.000 0.181s/rec
ep0 step 30/862 loss 1.883 kl 0.000 0.176s/rec
ep0 step 40/862 loss 1.651 kl 0.000 0.175s/rec
ep0 step 50/862 loss 1.755 kl 0.000 0.176s/rec
ep0 step 60/862 loss 1.639 kl 0.000 0.176s/rec
ep0 step 70/862 loss 1.373 kl 0.000 0.177s/rec
ep0 step 80/862 loss 1.088 kl 0.000 0.177s/rec
ep0 step 90/862 loss 1.169 kl 0.000 0.178s/rec
ep0 step 100/862 loss 0.830 kl 0.000 0.177s/rec
ep0 step 110/862 loss 0.732 kl 0.000 0.177s/rec
ep0 step 120/862 loss 0.857 kl 0.000 0.176s/rec
ep0 step 130/862 loss 0.753 kl 0.000 0.175s/rec
ep0 step 140/862 loss 0.795 kl 0.000 0.174s/rec
ep0 step 150/862 loss 1.337 kl 0.000 0.174s/rec
ep0 step 160/862 loss 0.622 kl 0.000 0.174s/rec
ep0 step 170/862 loss 0.723 kl 0.000 0.173s/rec
ep0 step 180/862 loss 0.670 kl 0.000 0.173s/rec
ep0 step 190/862 loss 0.996 kl 0.000 0.173s/rec
ep0 step 200/862 loss 0.736 kl 0.000 0.172s/rec
ep0 step 210/862 loss 0.847 kl 0.000 0.172s/rec
ep0 step 220/862 loss 0.937 kl 0.000 0.172s/rec
ep0 step 230/862 loss 0.819 kl 0.000 0.172s/rec
ep0 step 240/862 loss 1.029 kl 0.000 0.172s/rec
ep0 step 250/862 loss 0.813 kl 0.000 0.171s/rec
ep0 step 260/862 loss 0.982 kl 0.000 0.171s/rec
ep0 step 270/862 loss 0.503 kl 0.000 0.171s/rec
ep0 step 280/862 loss 0.596 kl 0.000 0.171s/rec
ep0 step 290/862 loss 0.788 kl 0.000 0.171s/rec
ep0 step 300/862 loss 0.500 kl 0.000 0.171s/rec
ep0 step 310/862 loss 0.603 kl 0.000 0.171s/rec
ep0 step 320/862 loss 0.599 kl 0.000 0.171s/rec
ep0 step 330/862 loss 0.652 kl 0.000 0.171s/rec
ep0 step 340/862 loss 0.507 kl 0.000 0.171s/rec
ep0 step 350/862 loss 0.653 kl 0.000 0.171s/rec
ep0 step 360/862 loss 0.492 kl 0.000 0.171s/rec
ep0 step 370/862 loss 0.594 kl 0.000 0.171s/rec
ep0 step 380/862 loss 0.502 kl 0.000 0.171s/rec
ep0 step 390/862 loss 0.323 kl 0.000 0.171s/rec
ep0 step 400/862 loss 1.090 kl 0.000 0.171s/rec
ep0 step 410/862 loss 0.565 kl 0.000 0.171s/rec
ep0 step 420/862 loss 0.437 kl 0.000 0.170s/rec
ep0 step 430/862 loss 0.605 kl 0.000 0.170s/rec
ep1 step 440/862 loss 0.465 kl 0.000 0.171s/rec
ep1 step 450/862 loss 0.549 kl 0.000 0.170s/rec
ep1 step 460/862 loss 0.430 kl 0.000 0.170s/rec
ep1 step 470/862 loss 0.468 kl 0.000 0.170s/rec
ep1 step 480/862 loss 0.336 kl 0.000 0.170s/rec
ep1 step 490/862 loss 0.525 kl 0.000 0.170s/rec
ep1 step 500/862 loss 0.428 kl 0.000 0.170s/rec
ep1 step 510/862 loss 0.368 kl 0.000 0.170s/rec
ep1 step 520/862 loss 0.704 kl 0.000 0.170s/rec
ep1 step 530/862 loss 0.423 kl 0.000 0.170s/rec
ep1 step 540/862 loss 0.260 kl 0.000 0.171s/rec
ep1 step 550/862 loss 0.292 kl 0.000 0.170s/rec
ep1 step 560/862 loss 0.344 kl 0.000 0.170s/rec
ep1 step 570/862 loss 0.268 kl 0.000 0.170s/rec
ep1 step 580/862 loss 0.689 kl 0.000 0.170s/rec
ep1 step 590/862 loss 0.378 kl 0.000 0.170s/rec
ep1 step 600/862 loss 0.326 kl 0.000 0.170s/rec
ep1 step 610/862 loss 0.388 kl 0.000 0.170s/rec
ep1 step 620/862 loss 0.378 kl 0.000 0.170s/rec
ep1 step 630/862 loss 0.374 kl 0.000 0.170s/rec
ep1 step 640/862 loss 0.356 kl 0.000 0.170s/rec
ep1 step 650/862 loss 0.357 kl 0.000 0.170s/rec
ep1 step 660/862 loss 0.200 kl 0.000 0.170s/rec
ep1 step 670/862 loss 0.290 kl 0.000 0.171s/rec
ep1 step 680/862 loss 0.371 kl 0.000 0.171s/rec
ep1 step 690/862 loss 0.351 kl 0.000 0.171s/rec
ep1 step 700/862 loss 0.486 kl 0.000 0.171s/rec
ep1 step 710/862 loss 0.371 kl 0.000 0.171s/rec
ep1 step 720/862 loss 0.349 kl 0.000 0.171s/rec
ep1 step 730/862 loss 0.326 kl 0.000 0.171s/rec
ep1 step 740/862 loss 0.253 kl 0.000 0.171s/rec
ep1 step 750/862 loss 0.371 kl 0.000 0.171s/rec
ep1 step 760/862 loss 0.421 kl 0.000 0.171s/rec
ep1 step 770/862 loss 0.233 kl 0.000 0.171s/rec
ep1 step 780/862 loss 0.425 kl 0.000 0.171s/rec
ep1 step 790/862 loss 0.207 kl 0.000 0.171s/rec
ep1 step 800/862 loss 0.264 kl 0.000 0.171s/rec
ep1 step 810/862 loss 0.451 kl 0.000 0.171s/rec
ep1 step 820/862 loss 0.306 kl 0.000 0.171s/rec
ep1 step 830/862 loss 0.359 kl 0.000 0.171s/rec
ep1 step 840/862 loss 0.437 kl 0.000 0.171s/rec
ep1 step 850/862 loss 0.385 kl 0.000 0.171s/rec
ep1 step 860/862 loss 0.349 kl 0.000 0.171s/rec
saved /runs/v3-8b-s0/01-trial-1/checkpoint
