device=cuda trainable params=9.3M
ablation: training on ['agnews', 'amazon', 'banking77', 'boolq', 'dbpedia14', 'imdb', 'mnli', 'sst5', 'trec', 'yelp'] -> 3000 records
3000 training requests (holdout=[]), questions by type {'choice': 1500, 'noul': 1500, 'score': 900}
ep0 step 10/750 loss 9.001 kl 0.000 0.029s/rec
ep0 step 20/750 loss 9.479 kl 0.000 0.024s/rec
ep0 step 30/750 loss 5.465 kl 0.000 0.022s/rec
ep0 step 40/750 loss 5.921 kl 0.000 0.021s/rec
ep0 step 50/750 loss 4.607 kl 0.000 0.020s/rec
ep0 step 60/750 loss 2.648 kl 0.000 0.020s/rec
ep0 step 70/750 loss 1.784 kl 0.000 0.020s/rec
ep0 step 80/750 loss 1.473 kl 0.000 0.019s/rec
ep0 step 90/750 loss 1.456 kl 0.000 0.019s/rec
ep0 step 100/750 loss 1.081 kl 0.000 0.019s/rec
ep0 step 110/750 loss 1.020 kl 0.000 0.019s/rec
ep0 step 120/750 loss 0.865 kl 0.000 0.018s/rec
ep0 step 130/750 loss 1.122 kl 0.000 0.018s/rec
ep0 step 140/750 loss 1.215 kl 0.000 0.018s/rec
ep0 step 150/750 loss 0.790 kl 0.000 0.018s/rec
ep0 step 160/750 loss 1.034 kl 0.000 0.018s/rec
ep0 step 170/750 loss 0.972 kl 0.000 0.018s/rec
ep0 step 180/750 loss 1.153 kl 0.000 0.018s/rec
ep0 step 190/750 loss 1.199 kl 0.000 0.018s/rec
ep0 step 200/750 loss 0.674 kl 0.000 0.018s/rec
ep0 step 210/750 loss 0.916 kl 0.000 0.018s/rec
ep0 step 220/750 loss 0.880 kl 0.000 0.018s/rec
ep0 step 230/750 loss 0.856 kl 0.000 0.018s/rec
ep0 step 240/750 loss 0.901 kl 0.000 0.018s/rec
ep0 step 250/750 loss 0.858 kl 0.000 0.018s/rec
ep0 step 260/750 loss 0.921 kl 0.000 0.018s/rec
ep0 step 270/750 loss 0.918 kl 0.000 0.018s/rec
ep0 step 280/750 loss 1.255 kl 0.000 0.018s/rec
ep0 step 290/750 loss 1.110 kl 0.000 0.018s/rec
ep0 step 300/750 loss 1.042 kl 0.000 0.018s/rec
ep0 step 310/750 loss 1.064 kl 0.000 0.018s/rec
ep0 step 320/750 loss 0.999 kl 0.000 0.018s/rec
ep0 step 330/750 loss 0.942 kl 0.000 0.018s/rec
ep0 step 340/750 loss 1.045 kl 0.000 0.018s/rec
ep0 step 350/750 loss 1.080 kl 0.000 0.018s/rec
ep0 step 360/750 loss 0.786 kl 0.000 0.018s/rec
ep0 step 370/750 loss 0.785 kl 0.000 0.018s/rec
ep1 step 380/750 loss 0.856 kl 0.000 0.018s/rec
ep1 step 390/750 loss 0.558 kl 0.000 0.018s/rec
ep1 step 400/750 loss 0.685 kl 0.000 0.018s/rec
ep1 step 410/750 loss 0.690 kl 0.000 0.018s/rec
ep1 step 420/750 loss 0.635 kl 0.000 0.018s/rec
ep1 step 430/750 loss 0.751 kl 0.000 0.018s/rec
ep1 step 440/750 loss 0.537 kl 0.000 0.018s/rec
ep1 step 450/750 loss 0.839 kl 0.000 0.017s/rec
ep1 step 460/750 loss 0.469 kl 0.000 0.017s/rec
ep1 step 470/750 loss 0.731 kl 0.000 0.017s/rec
ep1 step 480/750 loss 0.608 kl 0.000 0.017s/rec
ep1 step 490/750 loss 0.601 kl 0.000 0.017s/rec
ep1 step 500/750 loss 0.619 kl 0.000 0.017s/rec
ep1 step 510/750 loss 0.419 kl 0.000 0.017s/rec
ep1 step 520/750 loss 0.607 kl 0.000 0.017s/rec
ep1 step 530/750 loss 0.599 kl 0.000 0.017s/rec
ep1 step 540/750 loss 0.609 kl 0.000 0.017s/rec
ep1 step 550/750 loss 0.620 kl 0.000 0.017s/rec
ep1 step 560/750 loss 0.605 kl 0.000 0.017s/rec
ep1 step 570/750 loss 0.479 kl 0.000 0.017s/rec
ep1 step 580/750 loss 0.707 kl 0.000 0.017s/rec
ep1 step 590/750 loss 0.505 kl 0.000 0.017s/rec
ep1 step 600/750 loss 0.612 kl 0.000 0.017s/rec
ep1 step 610/750 loss 0.608 kl 0.000 0.017s/rec
ep1 step 620/750 loss 0.582 kl 0.000 0.017s/rec
ep1 step 630/750 loss 0.392 kl 0.000 0.017s/rec
ep1 step 640/750 loss 0.466 kl 0.000 0.017s/rec
ep1 step 650/750 loss 0.479 kl 0.000 0.017s/rec
ep1 step 660/750 loss 0.417 kl 0.000 0.017s/rec
ep1 step 670/750 loss 0.563 kl 0.000 0.017s/rec
ep1 step 680/750 loss 0.547 kl 0.000 0.017s/rec
ep1 step 690/750 loss 0.428 kl 0.000 0.017s/rec
ep1 step 700/750 loss 0.519 kl 0.000 0.017s/rec
ep1 step 710/750 loss 0.530 kl 0.000 0.017s/rec
ep1 step 720/750 loss 0.570 kl 0.000 0.017s/rec
ep1 step 730/750 loss 0.468 kl 0.000 0.017s/rec
ep1 step 740/750 loss 0.747 kl 0.000 0.017s/rec
ep1 step 750/750 loss 0.488 kl 0.000 0.017s/rec
saved /runs/ablation-v2/03-trial-3/checkpoint
