device=cuda trainable params=34.3M
mix: public_frac 0.33 -> 3300 public + 896 synthetic records
mix: synthetic_repeat 2 -> +896 records
5092 training requests (holdout=[]), questions by type {'choice': 3030, 'score': 963, 'noul': 2125}
ep0 step 10/1274 loss 1.601 kl 0.000 0.122s/rec
ep0 step 20/1274 loss 1.342 kl 0.000 0.107s/rec
ep0 step 30/1274 loss 1.513 kl 0.000 0.109s/rec
ep0 step 40/1274 loss 1.089 kl 0.000 0.105s/rec
ep0 step 50/1274 loss 1.307 kl 0.000 0.109s/rec
ep0 step 60/1274 loss 0.968 kl 0.000 0.109s/rec
ep0 step 70/1274 loss 0.877 kl 0.000 0.110s/rec
ep0 step 80/1274 loss 0.773 kl 0.000 0.112s/rec
ep0 step 90/1274 loss 0.958 kl 0.000 0.110s/rec
ep0 step 100/1274 loss 0.847 kl 0.000 0.109s/rec
ep0 step 110/1274 loss 1.118 kl 0.000 0.110s/rec
ep0 step 120/1274 loss 0.896 kl 0.000 0.110s/rec
ep0 step 130/1274 loss 1.491 kl 0.000 0.110s/rec
ep0 step 140/1274 loss 0.871 kl 0.000 0.111s/rec
ep0 step 150/1274 loss 0.660 kl 0.000 0.110s/rec
ep0 step 160/1274 loss 1.043 kl 0.000 0.113s/rec
ep0 step 170/1274 loss 0.730 kl 0.000 0.113s/rec
ep0 step 180/1274 loss 0.589 kl 0.000 0.114s/rec
ep0 step 190/1274 loss 0.685 kl 0.000 0.114s/rec
ep0 step 200/1274 loss 1.282 kl 0.000 0.114s/rec
ep0 step 210/1274 loss 0.925 kl 0.000 0.114s/rec
ep0 step 220/1274 loss 0.796 kl 0.000 0.114s/rec
ep0 step 230/1274 loss 1.053 kl 0.000 0.114s/rec
ep0 step 240/1274 loss 0.946 kl 0.000 0.114s/rec
ep0 step 250/1274 loss 0.609 kl 0.000 0.116s/rec
ep0 step 260/1274 loss 0.814 kl 0.000 0.115s/rec
ep0 step 270/1274 loss 0.800 kl 0.000 0.116s/rec
ep0 step 280/1274 loss 0.827 kl 0.000 0.115s/rec
ep0 step 290/1274 loss 0.597 kl 0.000 0.115s/rec
ep0 step 300/1274 loss 0.970 kl 0.000 0.115s/rec
ep0 step 310/1274 loss 0.673 kl 0.000 0.116s/rec
ep0 step 320/1274 loss 0.611 kl 0.000 0.116s/rec
ep0 step 330/1274 loss 0.547 kl 0.000 0.115s/rec
ep0 step 340/1274 loss 0.678 kl 0.000 0.115s/rec
ep0 step 350/1274 loss 0.690 kl 0.000 0.115s/rec
ep0 step 360/1274 loss 0.983 kl 0.000 0.116s/rec
ep0 step 370/1274 loss 0.432 kl 0.000 0.115s/rec
ep0 step 380/1274 loss 0.645 kl 0.000 0.115s/rec
ep0 step 390/1274 loss 0.627 kl 0.000 0.115s/rec
ep0 step 400/1274 loss 0.552 kl 0.000 0.116s/rec
ep0 step 410/1274 loss 0.523 kl 0.000 0.115s/rec
ep0 step 420/1274 loss 0.669 kl 0.000 0.116s/rec
ep0 step 430/1274 loss 0.842 kl 0.000 0.117s/rec
ep0 step 440/1274 loss 0.460 kl 0.000 0.116s/rec
ep0 step 450/1274 loss 0.659 kl 0.000 0.116s/rec
ep0 step 460/1274 loss 0.621 kl 0.000 0.117s/rec
ep0 step 470/1274 loss 0.457 kl 0.000 0.117s/rec
ep0 step 480/1274 loss 0.574 kl 0.000 0.117s/rec
ep0 step 490/1274 loss 0.610 kl 0.000 0.116s/rec
ep0 step 500/1274 loss 0.724 kl 0.000 0.117s/rec
ep0 step 510/1274 loss 0.635 kl 0.000 0.117s/rec
ep0 step 520/1274 loss 0.468 kl 0.000 0.117s/rec
ep0 step 530/1274 loss 0.635 kl 0.000 0.118s/rec
ep0 step 540/1274 loss 0.744 kl 0.000 0.118s/rec
ep0 step 550/1274 loss 0.669 kl 0.000 0.118s/rec
ep0 step 560/1274 loss 0.396 kl 0.000 0.118s/rec
ep0 step 570/1274 loss 0.615 kl 0.000 0.118s/rec
ep0 step 580/1274 loss 0.493 kl 0.000 0.118s/rec
ep0 step 590/1274 loss 0.551 kl 0.000 0.119s/rec
ep0 step 600/1274 loss 0.668 kl 0.000 0.119s/rec
ep0 step 610/1274 loss 0.585 kl 0.000 0.119s/rec
ep0 step 620/1274 loss 0.830 kl 0.000 0.119s/rec
ep0 step 630/1274 loss 0.563 kl 0.000 0.119s/rec
ep1 step 640/1274 loss 0.530 kl 0.000 0.119s/rec
ep1 step 650/1274 loss 0.317 kl 0.000 0.119s/rec
ep1 step 660/1274 loss 0.392 kl 0.000 0.119s/rec
ep1 step 670/1274 loss 0.713 kl 0.000 0.119s/rec
ep1 step 680/1274 loss 0.281 kl 0.000 0.120s/rec
ep1 step 690/1274 loss 0.479 kl 0.000 0.120s/rec
ep1 step 700/1274 loss 0.292 kl 0.000 0.120s/rec
ep1 step 710/1274 loss 0.318 kl 0.000 0.120s/rec
ep1 step 720/1274 loss 0.365 kl 0.000 0.120s/rec
ep1 step 730/1274 loss 0.499 kl 0.000 0.119s/rec
ep1 step 740/1274 loss 0.268 kl 0.000 0.119s/rec
ep1 step 750/1274 loss 0.329 kl 0.000 0.119s/rec
ep1 step 760/1274 loss 0.236 kl 0.000 0.119s/rec
ep1 step 770/1274 loss 0.265 kl 0.000 0.119s/rec
ep1 step 780/1274 loss 0.254 kl 0.000 0.119s/rec
ep1 step 790/1274 loss 0.330 kl 0.000 0.119s/rec
ep1 step 800/1274 loss 0.234 kl 0.000 0.119s/rec
ep1 step 810/1274 loss 0.450 kl 0.000 0.119s/rec
ep1 step 820/1274 loss 0.213 kl 0.000 0.119s/rec
ep1 step 830/1274 loss 0.223 kl 0.000 0.119s/rec
ep1 step 840/1274 loss 0.666 kl 0.000 0.119s/rec
ep1 step 850/1274 loss 0.291 kl 0.000 0.119s/rec
ep1 step 860/1274 loss 0.464 kl 0.000 0.119s/rec
ep1 step 870/1274 loss 0.586 kl 0.000 0.119s/rec
ep1 step 880/1274 loss 0.228 kl 0.000 0.119s/rec
ep1 step 890/1274 loss 0.300 kl 0.000 0.119s/rec
ep1 step 900/1274 loss 0.243 kl 0.000 0.119s/rec
ep1 step 910/1274 loss 0.260 kl 0.000 0.119s/rec
ep1 step 920/1274 loss 0.257 kl 0.000 0.119s/rec
ep1 step 930/1274 loss 0.280 kl 0.000 0.119s/rec
ep1 step 940/1274 loss 0.266 kl 0.000 0.119s/rec
ep1 step 950/1274 loss 0.253 kl 0.000 0.119s/rec
ep1 step 960/1274 loss 0.434 kl 0.000 0.119s/rec
ep1 step 970/1274 loss 0.156 kl 0.000 0.119s/rec
ep1 step 980/1274 loss 0.310 kl 0.000 0.119s/rec
ep1 step 990/1274 loss 0.456 kl 0.000 0.119s/rec
ep1 step 1000/1274 loss 0.316 kl 0.000 0.119s/rec
ep1 step 1010/1274 loss 0.300 kl 0.000 0.119s/rec
ep1 step 1020/1274 loss 0.273 kl 0.000 0.119s/rec
ep1 step 1030/1274 loss 0.227 kl 0.000 0.119s/rec
ep1 step 1040/1274 loss 0.287 kl 0.000 0.119s/rec
ep1 step 1050/1274 loss 0.172 kl 0.000 0.119s/rec
ep1 step 1060/1274 loss 0.249 kl 0.000 0.119s/rec
ep1 step 1070/1274 loss 0.215 kl 0.000 0.119s/rec
ep1 step 1080/1274 loss 0.546 kl 0.000 0.119s/rec
ep1 step 1090/1274 loss 0.474 kl 0.000 0.119s/rec
ep1 step 1100/1274 loss 0.130 kl 0.000 0.119s/rec
ep1 step 1110/1274 loss 0.269 kl 0.000 0.119s/rec
ep1 step 1120/1274 loss 0.400 kl 0.000 0.119s/rec
ep1 step 1130/1274 loss 0.211 kl 0.000 0.119s/rec
ep1 step 1140/1274 loss 0.156 kl 0.000 0.119s/rec
ep1 step 1150/1274 loss 0.161 kl 0.000 0.119s/rec
ep1 step 1160/1274 loss 0.290 kl 0.000 0.119s/rec
ep1 step 1170/1274 loss 0.369 kl 0.000 0.119s/rec
ep1 step 1180/1274 loss 0.212 kl 0.000 0.119s/rec
ep1 step 1190/1274 loss 0.551 kl 0.000 0.119s/rec
ep1 step 1200/1274 loss 0.222 kl 0.000 0.119s/rec
ep1 step 1210/1274 loss 0.294 kl 0.000 0.119s/rec
ep1 step 1220/1274 loss 0.201 kl 0.000 0.119s/rec
ep1 step 1230/1274 loss 0.602 kl 0.000 0.119s/rec
ep1 step 1240/1274 loss 0.318 kl 0.000 0.119s/rec
ep1 step 1250/1274 loss 0.430 kl 0.000 0.119s/rec
ep1 step 1260/1274 loss 0.448 kl 0.000 0.119s/rec
ep1 step 1270/1274 loss 0.384 kl 0.000 0.119s/rec
saved /runs/mix-4b-knobs/03-trial-3/checkpoint
