2026-09-26T15:01:16Z monitor start; trial container ta-01M3F33W0319BJCG5W9ENTF05R started 14:50:26Z (config ok, pass_tokens_max 40960, lr 2e-6), world=8 at 14:51:42Z; watcher pid 53681 alive; awaiting plan line
2026-09-26T15:09:18Z snapshots line 15:02:57Z [285,570,855]; none pairs: 22921 of 145840 (15:02:59Z); plan (15:05:53Z): 2950 micro-batches per rank for 1140 steps, largest pass 40947 <= 40960 (registration said 2945 / 40,954: small discrepancy, noted, not a stop). metered $2679.03. Awaiting steps.
2026-09-26T15:24:06Z TRAINING: step10 15:12:57Z loss 1.670, step20 15:21:14Z loss 1.401 (49.7 s/step 10->20; plan->step10 42 s/step). Projection 58.6 s/step (45-47 anchored). metered $2690.58
2026-09-26T15:49:20Z step30 15:29:58Z 1.276, step40 15:38:58Z 1.120, step50 15:47:31Z 0.940 (~52.4 s/step 20->50). metered $2709.91
2026-09-26T16:23:30Z [monitor 2, restarted after session loss] watcher pid 22286 alive (restarted 15:57Z). step60 15:55:06Z 0.577, step70 16:03:12Z 0.579, resume pt 70 committed 16:08:34Z (218 s), step80 16:12:08Z 0.411, step90 16:19:50Z 0.549. 50.2 s/step (20->90). Projection: s285 ~19:03Z; attempt-1 timeout 22:50Z at ~step 550; training end ~06:50Z+restarts. metered $2731.21
2026-09-26T21:48Z step420 20:50:54Z loss 0.244 (49.3 s/step 90->420). resume pts 144 17:09Z, 218 18:09Z, 292 19:10Z, 366 20:11Z (206-231 s commits). SNAPSHOT 285 at 19:00:26Z (blocked 20.0 s, written 59.4 s, committed 19:00:42Z). metered $2901.23 before s25 reads; launched s25 reads (17 jobs, H200, timeout 14400) ~21:12Z -> runs/r22-reads-27b-lr2e6-s25-0.log. (monitor gap 16:25-20:55Z: sleep ran long)
2026-09-26T22:16Z step520 22:14:54Z loss 0.206; resume pt 510 committed 22:11:47Z. s25 reads landing (breadth, devtools, docs, guardood, hard). Attempt-1 8h timeout due ~22:50Z at ~step 565 (snapshot 570 will come in attempt 2 from resume 510).
2026-09-26T22:55Z attempt 1 TIMEOUT 22:50:13Z (28800 s) at step ~560 (step560 22:48:00Z loss 0.094); last resume pt 510. Awaiting automatic continuation. s25: agentsood client get() FAILED StreamTerminatedError (connection lost; remote job likely fine -> pull from /bench later); breadth .754 devtools .746 docs .888 guardood .977 hard .873 pulled.
2026-09-27T00:52Z attempt 2: container ta-01M3FYY1V5ZEAZXXCA5QHV24QR scheduled after ~6 min wait, started 22:56:38Z, resumed step 510 at 23:13:57Z, plan 23:19:23Z (same 2950/40947). step520 23:27:45Z (loss 0.206 = attempt 1), 540 0.223 (att1 0.227), 560 0.089 (att1 0.094). SNAPSHOT 570 at 00:11:36Z (blocked 18.8 s, written 84.6 s, committed 00:12:41Z). resume 575 00:25:05Z (442 s). step590 00:28:22Z. s25 reads complete 17/17 (agentsood + longdoc client get() lost connection; pulled from /bench manually, full coverage). metered $3079.54; launched s50 reads ~00:51Z.
2026-09-27T02:45Z step740 02:35:40Z loss 0.314 (50.9 s/step 590->740); resume pts 644 01:25:31Z (445 s), 715 02:27:00Z (523 s). s50 reads: 6 landed; agentsood client lost connection again -> pulled from /bench (full coverage). Watcher alive.
2026-09-27T03:38Z step810 03:37:09Z; resume 786 03:27:51Z (515 s). s50 reads complete 17/17.
2026-09-27T04:49Z SNAPSHOT 855 at 04:19:54Z (blocked 29.2 s, written 183.4 s), committed with resume pt 855 04:27:23Z (437 s). step880 04:38:51Z. metered $3268.85; launched s75 reads.
2026-09-27T06:50Z step1020 06:36:25Z loss 0.247; resume 998 06:27:54Z (458 s). s75 reads: local client lost DNS (~06:0xZ), 12 local FAILED but the remote calls finished: pulled 11 from /bench manually; longdoc still running on ephemeral app ap-IiWdJu74axEBCcEX5idZtY (850/1200 at 06:41Z) -> pull when done. Attempt-2 timeout due ~06:56Z.
2026-09-27T07:10Z !!! attempt 2 TIMEOUT 06:56:25Z at step ~1040 (step1040 06:53:32Z loss 0.228). NO third attempt: FunctionCall fc-01M3F33VP5PAYSSB0V3249S060 .get() -> FunctionTimeoutError, call-graph status 4 (TIMEOUT, terminal); no new container / scheduling lines by 07:04Z. Watcher marked trial-0 FAILED (FunctionTimeoutError), wrote runs/r22-readout/round22.json (s75 incomplete) and exited. Volume: no final checkpoint, no failed.json; resume/step-0000998 (latest.json: elapsed 14.13 h, peak_mem 98.2 GiB, mean step 50.6 s). Per the brief: snapshots s25/s50/s75 remain the candidates; final arm incomplete. Did NOT relaunch/resume anything.
2026-09-27T07:27Z s75 longdoc landed on /bench ~07:22Z, pulled; s75 17/17 (full coverage; typesafe 89/102 answered as for parent). Official readout: uv run python -m kev.rounds readout experiments/rounds/r22.json -> runs/r22-readout/round22.json. temperature_fit = 648-question pool for all three (excluded 0): T s25 1.176, s50 1.516, s75 1.320 (parent 1.382 from decision-v7 dev = shipped).
  s25 FAIL: 1_breadth (lower -0.07pp), 2_short_brier (upper +0.0195), 2_scienthoon (lower -4.47pp), 3_long_cuad_ece_16k+ (0.110 vs 0.071+0.01)
  s50 FAIL: 1_breadth (lower -0.20pp), 2_short_brier (upper +0.0109), 2_wanli2 (lower -2.50pp), 2_scienthoon (-8.71pp), 2_pooled (-4.57pp), 3_long_ece_16k+ (0.107)
  s75 FAIL: 2_short_acc (lower -2.93pp), 2_short_brier (+0.0192), 2_scienthoon (-8.59pp), 2_pooled (-3.73pp), 3_long_ece_16k+ (0.104)  [passes breadth primary +1.2 [+0.2,+2.2]]
  final 27b-lr2e6: incomplete (no final checkpoint). candidates {'27b': None}. No candidate -> no confirmation.
  report-only: breadth index K27B 50.2 / Jev 53.3 / AutoJev 51.7 / s25 51.7 / s50 52.1 / s75 52.0 (/tmp/r22-breadth-report); scienthoon angry FP(neutral) 0/0/0 (K27B 9) but FN(angry) 13/35/28 (K27B 2), priority 0.464/0.423/0.402 vs 0.529 (/tmp/r22-scienthoon/drift.json).
  metered $3380.22 at 07:27Z (vs $2668.52 13:42Z: +$711.70). No Modal containers running. Monitor done.
