device=cuda trainable params=45.7M
ablation: training on ['agnews', 'amazon', 'banking77', 'boolq', 'dbpedia14', 'imdb', 'legacy_policy', 'mnli', 'sst5', 'trec', 'yelp'] -> 3448 records
3448 training requests (holdout=[]), questions by type {'score': 900, 'choice': 1724, 'noul': 1724}
ep0 step 10/862 loss 1.970 kl 0.000 0.168s/rec
ep0 step 20/862 loss 1.808 kl 0.000 0.159s/rec
ep0 step 30/862 loss 1.879 kl 0.000 0.156s/rec
ep0 step 40/862 loss 1.871 kl 0.000 0.155s/rec
ep0 step 50/862 loss 1.622 kl 0.000 0.152s/rec
ep0 step 60/862 loss 1.608 kl 0.000 0.151s/rec
ep0 step 70/862 loss 1.122 kl 0.000 0.151s/rec
ep0 step 80/862 loss 0.996 kl 0.000 0.150s/rec
ep0 step 90/862 loss 1.322 kl 0.000 0.150s/rec
ep0 step 100/862 loss 1.358 kl 0.000 0.149s/rec
ep0 step 110/862 loss 1.174 kl 0.000 0.149s/rec
ep0 step 120/862 loss 0.862 kl 0.000 0.149s/rec
ep0 step 130/862 loss 0.740 kl 0.000 0.149s/rec
ep0 step 140/862 loss 0.672 kl 0.000 0.149s/rec
ep0 step 150/862 loss 0.743 kl 0.000 0.149s/rec
ep0 step 160/862 loss 0.979 kl 0.000 0.149s/rec
ep0 step 170/862 loss 0.748 kl 0.000 0.149s/rec
ep0 step 180/862 loss 0.869 kl 0.000 0.149s/rec
ep0 step 190/862 loss 0.727 kl 0.000 0.149s/rec
ep0 step 200/862 loss 0.572 kl 0.000 0.148s/rec
ep0 step 210/862 loss 0.781 kl 0.000 0.148s/rec
ep0 step 220/862 loss 0.488 kl 0.000 0.148s/rec
ep0 step 230/862 loss 0.849 kl 0.000 0.148s/rec
ep0 step 240/862 loss 0.639 kl 0.000 0.148s/rec
ep0 step 250/862 loss 0.715 kl 0.000 0.148s/rec
ep0 step 260/862 loss 0.482 kl 0.000 0.148s/rec
ep0 step 270/862 loss 0.607 kl 0.000 0.148s/rec
ep0 step 280/862 loss 0.645 kl 0.000 0.148s/rec
ep0 step 290/862 loss 0.550 kl 0.000 0.148s/rec
ep0 step 300/862 loss 0.479 kl 0.000 0.148s/rec
ep0 step 310/862 loss 0.631 kl 0.000 0.148s/rec
ep0 step 320/862 loss 0.591 kl 0.000 0.148s/rec
ep0 step 330/862 loss 0.493 kl 0.000 0.148s/rec
ep0 step 340/862 loss 1.041 kl 0.000 0.147s/rec
ep0 step 350/862 loss 0.715 kl 0.000 0.147s/rec
ep0 step 360/862 loss 0.579 kl 0.000 0.147s/rec
ep0 step 370/862 loss 0.561 kl 0.000 0.147s/rec
ep0 step 380/862 loss 0.541 kl 0.000 0.147s/rec
ep0 step 390/862 loss 0.784 kl 0.000 0.147s/rec
ep0 step 400/862 loss 0.424 kl 0.000 0.147s/rec
ep0 step 410/862 loss 0.601 kl 0.000 0.147s/rec
ep0 step 420/862 loss 0.521 kl 0.000 0.147s/rec
ep0 step 430/862 loss 0.587 kl 0.000 0.147s/rec
ep1 step 440/862 loss 0.566 kl 0.000 0.147s/rec
ep1 step 450/862 loss 0.409 kl 0.000 0.147s/rec
ep1 step 460/862 loss 0.294 kl 0.000 0.147s/rec
ep1 step 470/862 loss 0.376 kl 0.000 0.147s/rec
ep1 step 480/862 loss 0.378 kl 0.000 0.147s/rec
ep1 step 490/862 loss 0.302 kl 0.000 0.147s/rec
ep1 step 500/862 loss 0.423 kl 0.000 0.147s/rec
ep1 step 510/862 loss 0.202 kl 0.000 0.147s/rec
ep1 step 520/862 loss 0.575 kl 0.000 0.147s/rec
ep1 step 530/862 loss 0.364 kl 0.000 0.147s/rec
ep1 step 540/862 loss 0.193 kl 0.000 0.147s/rec
ep1 step 550/862 loss 0.306 kl 0.000 0.147s/rec
ep1 step 560/862 loss 0.402 kl 0.000 0.147s/rec
ep1 step 570/862 loss 0.288 kl 0.000 0.147s/rec
ep1 step 580/862 loss 0.344 kl 0.000 0.147s/rec
ep1 step 590/862 loss 0.348 kl 0.000 0.147s/rec
ep1 step 600/862 loss 0.258 kl 0.000 0.147s/rec
ep1 step 610/862 loss 0.387 kl 0.000 0.147s/rec
ep1 step 620/862 loss 0.294 kl 0.000 0.147s/rec
ep1 step 630/862 loss 0.224 kl 0.000 0.147s/rec
ep1 step 640/862 loss 0.313 kl 0.000 0.147s/rec
ep1 step 650/862 loss 0.288 kl 0.000 0.147s/rec
ep1 step 660/862 loss 0.456 kl 0.000 0.147s/rec
ep1 step 670/862 loss 0.378 kl 0.000 0.147s/rec
ep1 step 680/862 loss 0.450 kl 0.000 0.147s/rec
ep1 step 690/862 loss 0.365 kl 0.000 0.147s/rec
ep1 step 700/862 loss 0.376 kl 0.000 0.147s/rec
ep1 step 710/862 loss 0.390 kl 0.000 0.147s/rec
ep1 step 720/862 loss 0.220 kl 0.000 0.147s/rec
ep1 step 730/862 loss 0.352 kl 0.000 0.147s/rec
ep1 step 740/862 loss 0.267 kl 0.000 0.147s/rec
ep1 step 750/862 loss 0.303 kl 0.000 0.147s/rec
ep1 step 760/862 loss 0.279 kl 0.000 0.147s/rec
ep1 step 770/862 loss 0.331 kl 0.000 0.147s/rec
ep1 step 780/862 loss 0.286 kl 0.000 0.147s/rec
ep1 step 790/862 loss 0.312 kl 0.000 0.147s/rec
ep1 step 800/862 loss 0.163 kl 0.000 0.147s/rec
ep1 step 810/862 loss 0.522 kl 0.000 0.147s/rec
ep1 step 820/862 loss 0.252 kl 0.000 0.147s/rec
ep1 step 830/862 loss 0.577 kl 0.000 0.147s/rec
ep1 step 840/862 loss 0.410 kl 0.000 0.147s/rec
ep1 step 850/862 loss 0.173 kl 0.000 0.147s/rec
ep1 step 860/862 loss 0.343 kl 0.000 0.147s/rec
saved /runs/v3-8b-s0/00-trial-0/checkpoint
