device=cuda trainable params=10.6M
ablation: training on ['agnews', 'amazon', 'banking77', 'boolq', 'dbpedia14', 'imdb', 'legacy_policy', 'mnli', 'sst5', 'trec', 'yelp'] -> 3448 records
3448 training requests (holdout=[]), questions by type {'score': 900, 'choice': 1724, 'noul': 1724}
ep0 step 10/862 loss 2.028 kl 0.000 0.047s/rec
ep0 step 20/862 loss 1.883 kl 0.000 0.039s/rec
ep0 step 30/862 loss 1.756 kl 0.000 0.035s/rec
ep0 step 40/862 loss 1.496 kl 0.000 0.033s/rec
ep0 step 50/862 loss 1.715 kl 0.000 0.033s/rec
ep0 step 60/862 loss 1.549 kl 0.000 0.032s/rec
ep0 step 70/862 loss 1.610 kl 0.000 0.031s/rec
ep0 step 80/862 loss 1.304 kl 0.000 0.031s/rec
ep0 step 90/862 loss 1.194 kl 0.000 0.031s/rec
ep0 step 100/862 loss 1.182 kl 0.000 0.030s/rec
ep0 step 110/862 loss 1.053 kl 0.000 0.030s/rec
ep0 step 120/862 loss 1.166 kl 0.000 0.030s/rec
ep0 step 130/862 loss 0.999 kl 0.000 0.030s/rec
ep0 step 140/862 loss 1.076 kl 0.000 0.030s/rec
ep0 step 150/862 loss 0.988 kl 0.000 0.030s/rec
ep0 step 160/862 loss 0.871 kl 0.000 0.029s/rec
ep0 step 170/862 loss 1.059 kl 0.000 0.029s/rec
ep0 step 180/862 loss 0.708 kl 0.000 0.029s/rec
ep0 step 190/862 loss 0.899 kl 0.000 0.029s/rec
ep0 step 200/862 loss 0.905 kl 0.000 0.029s/rec
ep0 step 210/862 loss 0.789 kl 0.000 0.029s/rec
ep0 step 220/862 loss 0.909 kl 0.000 0.029s/rec
ep0 step 230/862 loss 0.960 kl 0.000 0.029s/rec
ep0 step 240/862 loss 0.896 kl 0.000 0.029s/rec
ep0 step 250/862 loss 0.793 kl 0.000 0.029s/rec
ep0 step 260/862 loss 0.965 kl 0.000 0.029s/rec
ep0 step 270/862 loss 0.907 kl 0.000 0.029s/rec
ep0 step 280/862 loss 0.893 kl 0.000 0.029s/rec
ep0 step 290/862 loss 0.631 kl 0.000 0.029s/rec
ep0 step 300/862 loss 1.244 kl 0.000 0.028s/rec
ep0 step 310/862 loss 0.812 kl 0.000 0.028s/rec
ep0 step 320/862 loss 0.849 kl 0.000 0.028s/rec
ep0 step 330/862 loss 0.860 kl 0.000 0.028s/rec
ep0 step 340/862 loss 0.847 kl 0.000 0.028s/rec
ep0 step 350/862 loss 0.430 kl 0.000 0.028s/rec
ep0 step 360/862 loss 0.974 kl 0.000 0.028s/rec
ep0 step 370/862 loss 0.968 kl 0.000 0.028s/rec
ep0 step 380/862 loss 0.754 kl 0.000 0.028s/rec
ep0 step 390/862 loss 0.935 kl 0.000 0.028s/rec
ep0 step 400/862 loss 0.793 kl 0.000 0.028s/rec
ep0 step 410/862 loss 0.831 kl 0.000 0.028s/rec
ep0 step 420/862 loss 0.845 kl 0.000 0.028s/rec
ep0 step 430/862 loss 0.619 kl 0.000 0.028s/rec
ep1 step 440/862 loss 0.606 kl 0.000 0.028s/rec
ep1 step 450/862 loss 0.821 kl 0.000 0.028s/rec
ep1 step 460/862 loss 1.168 kl 0.000 0.028s/rec
ep1 step 470/862 loss 1.058 kl 0.000 0.028s/rec
ep1 step 480/862 loss 0.977 kl 0.000 0.028s/rec
ep1 step 490/862 loss 1.029 kl 0.000 0.028s/rec
ep1 step 500/862 loss 0.882 kl 0.000 0.028s/rec
ep1 step 510/862 loss 0.798 kl 0.000 0.028s/rec
ep1 step 520/862 loss 0.604 kl 0.000 0.028s/rec
ep1 step 530/862 loss 0.643 kl 0.000 0.028s/rec
ep1 step 540/862 loss 0.564 kl 0.000 0.028s/rec
ep1 step 550/862 loss 0.565 kl 0.000 0.028s/rec
ep1 step 560/862 loss 0.691 kl 0.000 0.028s/rec
ep1 step 570/862 loss 0.403 kl 0.000 0.028s/rec
ep1 step 580/862 loss 0.697 kl 0.000 0.028s/rec
ep1 step 590/862 loss 0.528 kl 0.000 0.028s/rec
ep1 step 600/862 loss 0.589 kl 0.000 0.028s/rec
ep1 step 610/862 loss 0.523 kl 0.000 0.028s/rec
ep1 step 620/862 loss 0.524 kl 0.000 0.028s/rec
ep1 step 630/862 loss 0.511 kl 0.000 0.028s/rec
ep1 step 640/862 loss 0.530 kl 0.000 0.028s/rec
ep1 step 650/862 loss 0.536 kl 0.000 0.028s/rec
ep1 step 660/862 loss 0.307 kl 0.000 0.028s/rec
ep1 step 670/862 loss 0.517 kl 0.000 0.028s/rec
ep1 step 680/862 loss 0.424 kl 0.000 0.028s/rec
ep1 step 690/862 loss 0.516 kl 0.000 0.028s/rec
ep1 step 700/862 loss 0.567 kl 0.000 0.028s/rec
ep1 step 710/862 loss 0.658 kl 0.000 0.028s/rec
ep1 step 720/862 loss 0.570 kl 0.000 0.028s/rec
ep1 step 730/862 loss 0.434 kl 0.000 0.028s/rec
ep1 step 740/862 loss 0.655 kl 0.000 0.028s/rec
ep1 step 750/862 loss 0.521 kl 0.000 0.028s/rec
ep1 step 760/862 loss 0.784 kl 0.000 0.028s/rec
ep1 step 770/862 loss 0.704 kl 0.000 0.028s/rec
ep1 step 780/862 loss 0.489 kl 0.000 0.028s/rec
ep1 step 790/862 loss 0.465 kl 0.000 0.028s/rec
ep1 step 800/862 loss 0.382 kl 0.000 0.028s/rec
ep1 step 810/862 loss 0.472 kl 0.000 0.028s/rec
ep1 step 820/862 loss 0.218 kl 0.000 0.027s/rec
ep1 step 830/862 loss 0.411 kl 0.000 0.027s/rec
ep1 step 840/862 loss 0.497 kl 0.000 0.027s/rec
ep1 step 850/862 loss 0.511 kl 0.000 0.027s/rec
ep1 step 860/862 loss 0.554 kl 0.000 0.027s/rec
saved /runs/v3-data-capacity-s1/00-trial-0/checkpoint
