device=cuda trainable params=34.3M
ablation: training on ['agnews', 'amazon', 'banking77', 'boolq', 'compositional', 'dbpedia14', 'imdb', 'mnli', 'sst5', 'trec', 'yelp'] -> 3448 records
3448 training requests (holdout=[]), questions by type {'score': 900, 'choice': 1948, 'noul': 1500}
ep0 step 10/862 loss 2.044 kl 0.000 0.107s/rec
ep0 step 20/862 loss 1.580 kl 0.000 0.099s/rec
ep0 step 30/862 loss 1.765 kl 0.000 0.096s/rec
ep0 step 40/862 loss 1.874 kl 0.000 0.094s/rec
ep0 step 50/862 loss 1.712 kl 0.000 0.094s/rec
ep0 step 60/862 loss 1.206 kl 0.000 0.094s/rec
ep0 step 70/862 loss 1.590 kl 0.000 0.094s/rec
ep0 step 80/862 loss 0.882 kl 0.000 0.095s/rec
ep0 step 90/862 loss 0.940 kl 0.000 0.094s/rec
ep0 step 100/862 loss 0.947 kl 0.000 0.093s/rec
ep0 step 110/862 loss 0.808 kl 0.000 0.094s/rec
ep0 step 120/862 loss 0.827 kl 0.000 0.093s/rec
ep0 step 130/862 loss 1.072 kl 0.000 0.093s/rec
ep0 step 140/862 loss 0.842 kl 0.000 0.093s/rec
ep0 step 150/862 loss 1.040 kl 0.000 0.093s/rec
ep0 step 160/862 loss 1.054 kl 0.000 0.093s/rec
ep0 step 170/862 loss 0.708 kl 0.000 0.093s/rec
ep0 step 180/862 loss 0.668 kl 0.000 0.094s/rec
ep0 step 190/862 loss 1.151 kl 0.000 0.093s/rec
ep0 step 200/862 loss 0.711 kl 0.000 0.093s/rec
ep0 step 210/862 loss 0.870 kl 0.000 0.093s/rec
ep0 step 220/862 loss 0.896 kl 0.000 0.093s/rec
ep0 step 230/862 loss 1.160 kl 0.000 0.093s/rec
ep0 step 240/862 loss 1.482 kl 0.000 0.093s/rec
ep0 step 250/862 loss 0.956 kl 0.000 0.093s/rec
ep0 step 260/862 loss 0.925 kl 0.000 0.093s/rec
ep0 step 270/862 loss 0.698 kl 0.000 0.093s/rec
ep0 step 280/862 loss 0.687 kl 0.000 0.092s/rec
ep0 step 290/862 loss 0.968 kl 0.000 0.092s/rec
ep0 step 300/862 loss 0.750 kl 0.000 0.092s/rec
ep0 step 310/862 loss 1.061 kl 0.000 0.092s/rec
ep0 step 320/862 loss 0.812 kl 0.000 0.092s/rec
ep0 step 330/862 loss 1.121 kl 0.000 0.092s/rec
ep0 step 340/862 loss 0.670 kl 0.000 0.092s/rec
ep0 step 350/862 loss 0.729 kl 0.000 0.092s/rec
ep0 step 360/862 loss 0.844 kl 0.000 0.092s/rec
ep0 step 370/862 loss 0.866 kl 0.000 0.092s/rec
ep0 step 380/862 loss 0.841 kl 0.000 0.092s/rec
ep0 step 390/862 loss 0.570 kl 0.000 0.092s/rec
ep0 step 400/862 loss 1.030 kl 0.000 0.092s/rec
ep0 step 410/862 loss 0.822 kl 0.000 0.092s/rec
ep0 step 420/862 loss 0.653 kl 0.000 0.092s/rec
ep0 step 430/862 loss 0.596 kl 0.000 0.092s/rec
ep1 step 440/862 loss 0.526 kl 0.000 0.092s/rec
ep1 step 450/862 loss 0.608 kl 0.000 0.092s/rec
ep1 step 460/862 loss 0.567 kl 0.000 0.092s/rec
ep1 step 470/862 loss 0.477 kl 0.000 0.092s/rec
ep1 step 480/862 loss 0.426 kl 0.000 0.092s/rec
ep1 step 490/862 loss 0.465 kl 0.000 0.092s/rec
ep1 step 500/862 loss 0.527 kl 0.000 0.092s/rec
ep1 step 510/862 loss 0.437 kl 0.000 0.092s/rec
ep1 step 520/862 loss 0.671 kl 0.000 0.092s/rec
ep1 step 530/862 loss 0.412 kl 0.000 0.092s/rec
ep1 step 540/862 loss 0.304 kl 0.000 0.092s/rec
ep1 step 550/862 loss 0.288 kl 0.000 0.092s/rec
ep1 step 560/862 loss 0.426 kl 0.000 0.092s/rec
ep1 step 570/862 loss 0.369 kl 0.000 0.092s/rec
ep1 step 580/862 loss 0.459 kl 0.000 0.092s/rec
ep1 step 590/862 loss 0.380 kl 0.000 0.092s/rec
ep1 step 600/862 loss 0.534 kl 0.000 0.092s/rec
ep1 step 610/862 loss 0.364 kl 0.000 0.092s/rec
ep1 step 620/862 loss 0.517 kl 0.000 0.092s/rec
ep1 step 630/862 loss 0.429 kl 0.000 0.092s/rec
ep1 step 640/862 loss 0.361 kl 0.000 0.092s/rec
ep1 step 650/862 loss 0.373 kl 0.000 0.092s/rec
ep1 step 660/862 loss 0.392 kl 0.000 0.092s/rec
ep1 step 670/862 loss 0.476 kl 0.000 0.092s/rec
ep1 step 680/862 loss 0.362 kl 0.000 0.092s/rec
ep1 step 690/862 loss 0.405 kl 0.000 0.092s/rec
ep1 step 700/862 loss 0.573 kl 0.000 0.092s/rec
ep1 step 710/862 loss 0.409 kl 0.000 0.092s/rec
ep1 step 720/862 loss 0.322 kl 0.000 0.092s/rec
ep1 step 730/862 loss 0.336 kl 0.000 0.092s/rec
ep1 step 740/862 loss 0.344 kl 0.000 0.092s/rec
ep1 step 750/862 loss 0.396 kl 0.000 0.092s/rec
ep1 step 760/862 loss 0.404 kl 0.000 0.092s/rec
ep1 step 770/862 loss 0.332 kl 0.000 0.092s/rec
ep1 step 780/862 loss 0.364 kl 0.000 0.092s/rec
ep1 step 790/862 loss 0.211 kl 0.000 0.092s/rec
ep1 step 800/862 loss 0.225 kl 0.000 0.092s/rec
ep1 step 810/862 loss 0.416 kl 0.000 0.092s/rec
ep1 step 820/862 loss 0.478 kl 0.000 0.092s/rec
ep1 step 830/862 loss 0.426 kl 0.000 0.092s/rec
ep1 step 840/862 loss 0.459 kl 0.000 0.092s/rec
ep1 step 850/862 loss 0.432 kl 0.000 0.092s/rec
ep1 step 860/862 loss 0.569 kl 0.000 0.092s/rec
saved /runs/v3-data-capacity-s0/03-trial-3/checkpoint
