device=cuda trainable params=34.3M
mix: public_frac 0.33 -> 3300 public + 896 synthetic records
4196 training requests (holdout=[]), questions by type {'choice': 2358, 'score': 963, 'noul': 1901}
ep0 step 10/1050 loss 1.782 kl 0.000 0.096s/rec
ep0 step 20/1050 loss 1.783 kl 0.000 0.090s/rec
ep0 step 30/1050 loss 1.782 kl 0.000 0.089s/rec
ep0 step 40/1050 loss 1.953 kl 0.000 0.088s/rec
ep0 step 50/1050 loss 2.016 kl 0.000 0.090s/rec
ep0 step 60/1050 loss 1.626 kl 0.000 0.089s/rec
ep0 step 70/1050 loss 0.920 kl 0.000 0.089s/rec
ep0 step 80/1050 loss 1.224 kl 0.000 0.089s/rec
ep0 step 90/1050 loss 0.776 kl 0.000 0.088s/rec
ep0 step 100/1050 loss 1.023 kl 0.000 0.087s/rec
ep0 step 110/1050 loss 0.964 kl 0.000 0.089s/rec
ep0 step 120/1050 loss 0.852 kl 0.000 0.090s/rec
ep0 step 130/1050 loss 0.986 kl 0.000 0.090s/rec
ep0 step 140/1050 loss 0.867 kl 0.000 0.090s/rec
ep0 step 150/1050 loss 1.109 kl 0.000 0.089s/rec
ep0 step 160/1050 loss 0.788 kl 0.000 0.089s/rec
ep0 step 170/1050 loss 0.742 kl 0.000 0.089s/rec
ep0 step 180/1050 loss 0.665 kl 0.000 0.088s/rec
ep0 step 190/1050 loss 0.650 kl 0.000 0.088s/rec
ep0 step 200/1050 loss 0.536 kl 0.000 0.088s/rec
ep0 step 210/1050 loss 0.620 kl 0.000 0.088s/rec
ep0 step 220/1050 loss 0.794 kl 0.000 0.088s/rec
ep0 step 230/1050 loss 0.855 kl 0.000 0.087s/rec
ep0 step 240/1050 loss 0.620 kl 0.000 0.087s/rec
ep0 step 250/1050 loss 0.860 kl 0.000 0.087s/rec
ep0 step 260/1050 loss 0.670 kl 0.000 0.086s/rec
ep0 step 270/1050 loss 0.724 kl 0.000 0.086s/rec
ep0 step 280/1050 loss 0.703 kl 0.000 0.085s/rec
ep0 step 290/1050 loss 0.629 kl 0.000 0.086s/rec
ep0 step 300/1050 loss 0.870 kl 0.000 0.086s/rec
ep0 step 310/1050 loss 0.669 kl 0.000 0.086s/rec
ep0 step 320/1050 loss 0.790 kl 0.000 0.086s/rec
ep0 step 330/1050 loss 0.608 kl 0.000 0.086s/rec
ep0 step 340/1050 loss 0.887 kl 0.000 0.086s/rec
ep0 step 350/1050 loss 0.710 kl 0.000 0.086s/rec
ep0 step 360/1050 loss 0.677 kl 0.000 0.086s/rec
ep0 step 370/1050 loss 0.497 kl 0.000 0.086s/rec
ep0 step 380/1050 loss 0.468 kl 0.000 0.085s/rec
ep0 step 390/1050 loss 1.078 kl 0.000 0.085s/rec
ep0 step 400/1050 loss 0.339 kl 0.000 0.085s/rec
ep0 step 410/1050 loss 0.634 kl 0.000 0.085s/rec
ep0 step 420/1050 loss 0.582 kl 0.000 0.085s/rec
ep0 step 430/1050 loss 0.519 kl 0.000 0.085s/rec
ep0 step 440/1050 loss 0.754 kl 0.000 0.085s/rec
ep0 step 450/1050 loss 0.655 kl 0.000 0.085s/rec
ep0 step 460/1050 loss 0.777 kl 0.000 0.085s/rec
ep0 step 470/1050 loss 0.503 kl 0.000 0.085s/rec
ep0 step 480/1050 loss 0.552 kl 0.000 0.084s/rec
ep0 step 490/1050 loss 0.451 kl 0.000 0.084s/rec
ep0 step 500/1050 loss 0.551 kl 0.000 0.084s/rec
ep0 step 510/1050 loss 0.511 kl 0.000 0.084s/rec
ep0 step 520/1050 loss 0.786 kl 0.000 0.084s/rec
ep1 step 530/1050 loss 0.503 kl 0.000 0.084s/rec
ep1 step 540/1050 loss 0.276 kl 0.000 0.084s/rec
ep1 step 550/1050 loss 0.766 kl 0.000 0.084s/rec
ep1 step 560/1050 loss 0.432 kl 0.000 0.084s/rec
ep1 step 570/1050 loss 0.464 kl 0.000 0.084s/rec
ep1 step 580/1050 loss 0.399 kl 0.000 0.084s/rec
ep1 step 590/1050 loss 0.274 kl 0.000 0.084s/rec
ep1 step 600/1050 loss 0.546 kl 0.000 0.084s/rec
ep1 step 610/1050 loss 0.248 kl 0.000 0.084s/rec
ep1 step 620/1050 loss 0.424 kl 0.000 0.084s/rec
ep1 step 630/1050 loss 0.356 kl 0.000 0.084s/rec
ep1 step 640/1050 loss 0.320 kl 0.000 0.084s/rec
ep1 step 650/1050 loss 0.509 kl 0.000 0.084s/rec
ep1 step 660/1050 loss 0.393 kl 0.000 0.084s/rec
ep1 step 670/1050 loss 0.320 kl 0.000 0.084s/rec
ep1 step 680/1050 loss 0.518 kl 0.000 0.084s/rec
ep1 step 690/1050 loss 0.504 kl 0.000 0.084s/rec
ep1 step 700/1050 loss 0.281 kl 0.000 0.084s/rec
ep1 step 710/1050 loss 0.384 kl 0.000 0.084s/rec
ep1 step 720/1050 loss 0.242 kl 0.000 0.084s/rec
ep1 step 730/1050 loss 0.379 kl 0.000 0.084s/rec
ep1 step 740/1050 loss 0.247 kl 0.000 0.084s/rec
ep1 step 750/1050 loss 0.494 kl 0.000 0.084s/rec
ep1 step 760/1050 loss 0.388 kl 0.000 0.084s/rec
ep1 step 770/1050 loss 0.284 kl 0.000 0.084s/rec
ep1 step 780/1050 loss 0.323 kl 0.000 0.084s/rec
ep1 step 790/1050 loss 0.136 kl 0.000 0.084s/rec
ep1 step 800/1050 loss 0.294 kl 0.000 0.084s/rec
ep1 step 810/1050 loss 0.592 kl 0.000 0.084s/rec
ep1 step 820/1050 loss 0.739 kl 0.000 0.084s/rec
ep1 step 830/1050 loss 0.604 kl 0.000 0.084s/rec
ep1 step 840/1050 loss 0.398 kl 0.000 0.084s/rec
ep1 step 850/1050 loss 0.268 kl 0.000 0.084s/rec
ep1 step 860/1050 loss 0.335 kl 0.000 0.084s/rec
ep1 step 870/1050 loss 0.410 kl 0.000 0.084s/rec
ep1 step 880/1050 loss 0.333 kl 0.000 0.084s/rec
ep1 step 890/1050 loss 0.433 kl 0.000 0.084s/rec
ep1 step 900/1050 loss 0.200 kl 0.000 0.084s/rec
ep1 step 910/1050 loss 0.307 kl 0.000 0.084s/rec
ep1 step 920/1050 loss 0.365 kl 0.000 0.084s/rec
ep1 step 930/1050 loss 0.454 kl 0.000 0.084s/rec
ep1 step 940/1050 loss 0.272 kl 0.000 0.084s/rec
ep1 step 950/1050 loss 0.331 kl 0.000 0.084s/rec
ep1 step 960/1050 loss 0.469 kl 0.000 0.084s/rec
ep1 step 970/1050 loss 0.270 kl 0.000 0.084s/rec
ep1 step 980/1050 loss 0.249 kl 0.000 0.084s/rec
ep1 step 990/1050 loss 0.470 kl 0.000 0.084s/rec
ep1 step 1000/1050 loss 0.256 kl 0.000 0.084s/rec
ep1 step 1010/1050 loss 0.532 kl 0.000 0.084s/rec
ep1 step 1020/1050 loss 0.515 kl 0.000 0.084s/rec
ep1 step 1030/1050 loss 0.644 kl 0.000 0.084s/rec
ep1 step 1040/1050 loss 0.277 kl 0.000 0.084s/rec
ep1 step 1050/1050 loss 0.265 kl 0.000 0.084s/rec
saved /runs/mix-4b-knobs/01-trial-1/checkpoint
