device=cuda trainable params=10.6M
ablation: training on ['agnews', 'amazon', 'banking77', 'boolq', 'compositional', 'dbpedia14', 'imdb', 'mnli', 'sst5', 'trec', 'yelp'] -> 3448 records
3448 training requests (holdout=[]), questions by type {'score': 900, 'choice': 1948, 'noul': 1500}
ep0 step 10/862 loss 2.404 kl 0.000 0.044s/rec
ep0 step 20/862 loss 2.041 kl 0.000 0.036s/rec
ep0 step 30/862 loss 1.694 kl 0.000 0.034s/rec
ep0 step 40/862 loss 1.668 kl 0.000 0.032s/rec
ep0 step 50/862 loss 1.683 kl 0.000 0.032s/rec
ep0 step 60/862 loss 1.460 kl 0.000 0.032s/rec
ep0 step 70/862 loss 1.145 kl 0.000 0.031s/rec
ep0 step 80/862 loss 1.430 kl 0.000 0.031s/rec
ep0 step 90/862 loss 1.252 kl 0.000 0.031s/rec
ep0 step 100/862 loss 0.907 kl 0.000 0.031s/rec
ep0 step 110/862 loss 1.034 kl 0.000 0.031s/rec
ep0 step 120/862 loss 1.096 kl 0.000 0.030s/rec
ep0 step 130/862 loss 1.049 kl 0.000 0.030s/rec
ep0 step 140/862 loss 0.920 kl 0.000 0.030s/rec
ep0 step 150/862 loss 0.874 kl 0.000 0.030s/rec
ep0 step 160/862 loss 0.789 kl 0.000 0.030s/rec
ep0 step 170/862 loss 1.142 kl 0.000 0.030s/rec
ep0 step 180/862 loss 1.039 kl 0.000 0.030s/rec
ep0 step 190/862 loss 0.845 kl 0.000 0.030s/rec
ep0 step 200/862 loss 1.201 kl 0.000 0.029s/rec
ep0 step 210/862 loss 0.783 kl 0.000 0.029s/rec
ep0 step 220/862 loss 0.776 kl 0.000 0.029s/rec
ep0 step 230/862 loss 0.891 kl 0.000 0.029s/rec
ep0 step 240/862 loss 0.813 kl 0.000 0.029s/rec
ep0 step 250/862 loss 0.812 kl 0.000 0.029s/rec
ep0 step 260/862 loss 0.682 kl 0.000 0.029s/rec
ep0 step 270/862 loss 0.817 kl 0.000 0.029s/rec
ep0 step 280/862 loss 0.730 kl 0.000 0.029s/rec
ep0 step 290/862 loss 0.842 kl 0.000 0.029s/rec
ep0 step 300/862 loss 1.052 kl 0.000 0.029s/rec
ep0 step 310/862 loss 0.841 kl 0.000 0.029s/rec
ep0 step 320/862 loss 0.891 kl 0.000 0.029s/rec
ep0 step 330/862 loss 0.827 kl 0.000 0.029s/rec
ep0 step 340/862 loss 0.748 kl 0.000 0.029s/rec
ep0 step 350/862 loss 0.665 kl 0.000 0.029s/rec
ep0 step 360/862 loss 0.579 kl 0.000 0.029s/rec
ep0 step 370/862 loss 0.635 kl 0.000 0.029s/rec
ep0 step 380/862 loss 0.955 kl 0.000 0.029s/rec
ep0 step 390/862 loss 0.590 kl 0.000 0.028s/rec
ep0 step 400/862 loss 0.801 kl 0.000 0.028s/rec
ep0 step 410/862 loss 0.644 kl 0.000 0.028s/rec
ep0 step 420/862 loss 0.810 kl 0.000 0.028s/rec
ep0 step 430/862 loss 0.964 kl 0.000 0.028s/rec
ep1 step 440/862 loss 0.415 kl 0.000 0.028s/rec
ep1 step 450/862 loss 0.656 kl 0.000 0.028s/rec
ep1 step 460/862 loss 0.546 kl 0.000 0.028s/rec
ep1 step 470/862 loss 0.469 kl 0.000 0.028s/rec
ep1 step 480/862 loss 0.615 kl 0.000 0.028s/rec
ep1 step 490/862 loss 0.634 kl 0.000 0.028s/rec
ep1 step 500/862 loss 0.546 kl 0.000 0.028s/rec
ep1 step 510/862 loss 0.468 kl 0.000 0.028s/rec
ep1 step 520/862 loss 0.599 kl 0.000 0.028s/rec
ep1 step 530/862 loss 0.351 kl 0.000 0.028s/rec
ep1 step 540/862 loss 0.400 kl 0.000 0.028s/rec
ep1 step 550/862 loss 0.632 kl 0.000 0.028s/rec
ep1 step 560/862 loss 0.569 kl 0.000 0.028s/rec
ep1 step 570/862 loss 0.447 kl 0.000 0.028s/rec
ep1 step 580/862 loss 0.648 kl 0.000 0.028s/rec
ep1 step 590/862 loss 0.461 kl 0.000 0.028s/rec
ep1 step 600/862 loss 0.685 kl 0.000 0.028s/rec
ep1 step 610/862 loss 0.456 kl 0.000 0.028s/rec
ep1 step 620/862 loss 0.642 kl 0.000 0.028s/rec
ep1 step 630/862 loss 0.348 kl 0.000 0.028s/rec
ep1 step 640/862 loss 0.398 kl 0.000 0.028s/rec
ep1 step 650/862 loss 0.553 kl 0.000 0.028s/rec
ep1 step 660/862 loss 0.511 kl 0.000 0.028s/rec
ep1 step 670/862 loss 0.416 kl 0.000 0.028s/rec
ep1 step 680/862 loss 0.597 kl 0.000 0.028s/rec
ep1 step 690/862 loss 0.573 kl 0.000 0.028s/rec
ep1 step 700/862 loss 0.561 kl 0.000 0.028s/rec
ep1 step 710/862 loss 0.633 kl 0.000 0.028s/rec
ep1 step 720/862 loss 0.388 kl 0.000 0.028s/rec
ep1 step 730/862 loss 0.451 kl 0.000 0.028s/rec
ep1 step 740/862 loss 0.527 kl 0.000 0.028s/rec
ep1 step 750/862 loss 0.688 kl 0.000 0.028s/rec
ep1 step 760/862 loss 0.608 kl 0.000 0.028s/rec
ep1 step 770/862 loss 0.723 kl 0.000 0.028s/rec
ep1 step 780/862 loss 0.626 kl 0.000 0.028s/rec
ep1 step 790/862 loss 0.490 kl 0.000 0.028s/rec
ep1 step 800/862 loss 0.450 kl 0.000 0.028s/rec
ep1 step 810/862 loss 0.521 kl 0.000 0.028s/rec
ep1 step 820/862 loss 0.493 kl 0.000 0.028s/rec
ep1 step 830/862 loss 0.436 kl 0.000 0.028s/rec
ep1 step 840/862 loss 0.500 kl 0.000 0.028s/rec
ep1 step 850/862 loss 0.502 kl 0.000 0.028s/rec
ep1 step 860/862 loss 0.542 kl 0.000 0.028s/rec
saved /runs/v3-data-capacity-s1/01-trial-1/checkpoint
