device=cuda trainable params=34.3M
ablation: training on ['agnews', 'amazon', 'banking77', 'boolq', 'compositional', 'dbpedia14', 'imdb', 'mnli', 'sst5', 'trec', 'yelp'] -> 21792 records
21792 training requests (holdout=[]), questions by type {'choice': 11792, 'noul': 10000, 'score': 6000}
ep0 step 10/2724 loss 1.775 kl 0.000 0.101s/rec
ep0 step 20/2724 loss 1.904 kl 0.000 0.099s/rec
ep0 step 30/2724 loss 1.748 kl 0.000 0.095s/rec
ep0 step 40/2724 loss 1.726 kl 0.000 0.094s/rec
ep0 step 50/2724 loss 1.449 kl 0.000 0.092s/rec
ep0 step 60/2724 loss 1.960 kl 0.000 0.092s/rec
ep0 step 70/2724 loss 1.730 kl 0.000 0.090s/rec
ep0 step 80/2724 loss 1.583 kl 0.000 0.090s/rec
ep0 step 90/2724 loss 1.339 kl 0.000 0.091s/rec
ep0 step 100/2724 loss 1.034 kl 0.000 0.090s/rec
ep0 step 110/2724 loss 1.142 kl 0.000 0.090s/rec
ep0 step 120/2724 loss 1.002 kl 0.000 0.091s/rec
ep0 step 130/2724 loss 0.802 kl 0.000 0.091s/rec
ep0 step 140/2724 loss 0.676 kl 0.000 0.090s/rec
ep0 step 150/2724 loss 0.905 kl 0.000 0.090s/rec
ep0 step 160/2724 loss 0.865 kl 0.000 0.090s/rec
ep0 step 170/2724 loss 0.840 kl 0.000 0.090s/rec
ep0 step 180/2724 loss 0.911 kl 0.000 0.089s/rec
ep0 step 190/2724 loss 0.830 kl 0.000 0.088s/rec
ep0 step 200/2724 loss 0.900 kl 0.000 0.087s/rec
ep0 step 210/2724 loss 0.670 kl 0.000 0.088s/rec
ep0 step 220/2724 loss 1.078 kl 0.000 0.088s/rec
ep0 step 230/2724 loss 1.053 kl 0.000 0.088s/rec
ep0 step 240/2724 loss 0.710 kl 0.000 0.087s/rec
ep0 step 250/2724 loss 1.060 kl 0.000 0.087s/rec
ep0 step 260/2724 loss 0.535 kl 0.000 0.087s/rec
ep0 step 270/2724 loss 0.786 kl 0.000 0.088s/rec
ep0 step 280/2724 loss 0.641 kl 0.000 0.088s/rec
ep0 step 290/2724 loss 0.798 kl 0.000 0.088s/rec
ep0 step 300/2724 loss 0.720 kl 0.000 0.089s/rec
ep0 step 310/2724 loss 0.796 kl 0.000 0.089s/rec
ep0 step 320/2724 loss 1.046 kl 0.000 0.089s/rec
ep0 step 330/2724 loss 0.588 kl 0.000 0.089s/rec
ep0 step 340/2724 loss 0.862 kl 0.000 0.089s/rec
ep0 step 350/2724 loss 0.671 kl 0.000 0.089s/rec
ep0 step 360/2724 loss 0.679 kl 0.000 0.090s/rec
ep0 step 370/2724 loss 0.681 kl 0.000 0.090s/rec
ep0 step 380/2724 loss 0.643 kl 0.000 0.090s/rec
ep0 step 390/2724 loss 0.849 kl 0.000 0.090s/rec
ep0 step 400/2724 loss 0.555 kl 0.000 0.090s/rec
ep0 step 410/2724 loss 0.580 kl 0.000 0.090s/rec
ep0 step 420/2724 loss 0.512 kl 0.000 0.090s/rec
ep0 step 430/2724 loss 0.555 kl 0.000 0.090s/rec
ep0 step 440/2724 loss 0.730 kl 0.000 0.090s/rec
ep0 step 450/2724 loss 1.012 kl 0.000 0.090s/rec
ep0 step 460/2724 loss 0.545 kl 0.000 0.090s/rec
ep0 step 470/2724 loss 0.531 kl 0.000 0.091s/rec
ep0 step 480/2724 loss 0.626 kl 0.000 0.090s/rec
ep0 step 490/2724 loss 0.721 kl 0.000 0.091s/rec
ep0 step 500/2724 loss 0.554 kl 0.000 0.091s/rec
ep0 step 510/2724 loss 0.632 kl 0.000 0.091s/rec
ep0 step 520/2724 loss 0.465 kl 0.000 0.091s/rec
ep0 step 530/2724 loss 0.761 kl 0.000 0.091s/rec
ep0 step 540/2724 loss 0.435 kl 0.000 0.092s/rec
ep0 step 550/2724 loss 0.659 kl 0.000 0.092s/rec
ep0 step 560/2724 loss 0.790 kl 0.000 0.092s/rec
ep0 step 570/2724 loss 0.592 kl 0.000 0.092s/rec
ep0 step 580/2724 loss 0.625 kl 0.000 0.092s/rec
ep0 step 590/2724 loss 0.623 kl 0.000 0.092s/rec
ep0 step 600/2724 loss 0.560 kl 0.000 0.092s/rec
ep0 step 610/2724 loss 0.616 kl 0.000 0.092s/rec
ep0 step 620/2724 loss 0.665 kl 0.000 0.092s/rec
ep0 step 630/2724 loss 0.750 kl 0.000 0.091s/rec
ep0 step 640/2724 loss 0.548 kl 0.000 0.092s/rec
ep0 step 650/2724 loss 0.640 kl 0.000 0.092s/rec
ep0 step 660/2724 loss 0.441 kl 0.000 0.092s/rec
ep0 step 670/2724 loss 0.788 kl 0.000 0.092s/rec
ep0 step 680/2724 loss 0.463 kl 0.000 0.092s/rec
ep0 step 690/2724 loss 0.730 kl 0.000 0.092s/rec
ep0 step 700/2724 loss 0.408 kl 0.000 0.092s/rec
ep0 step 710/2724 loss 0.891 kl 0.000 0.092s/rec
ep0 step 720/2724 loss 0.459 kl 0.000 0.092s/rec
ep0 step 730/2724 loss 0.531 kl 0.000 0.092s/rec
ep0 step 740/2724 loss 0.547 kl 0.000 0.092s/rec
ep0 step 750/2724 loss 0.468 kl 0.000 0.092s/rec
ep0 step 760/2724 loss 0.636 kl 0.000 0.092s/rec
ep0 step 770/2724 loss 0.506 kl 0.000 0.092s/rec
ep0 step 780/2724 loss 0.496 kl 0.000 0.092s/rec
ep0 step 790/2724 loss 0.692 kl 0.000 0.092s/rec
ep0 step 800/2724 loss 0.625 kl 0.000 0.092s/rec
ep0 step 810/2724 loss 0.526 kl 0.000 0.092s/rec
ep0 step 820/2724 loss 0.620 kl 0.000 0.092s/rec
ep0 step 830/2724 loss 0.314 kl 0.000 0.092s/rec
ep0 step 840/2724 loss 0.478 kl 0.000 0.092s/rec
ep0 step 850/2724 loss 0.569 kl 0.000 0.092s/rec
ep0 step 860/2724 loss 0.335 kl 0.000 0.092s/rec
ep0 step 870/2724 loss 0.679 kl 0.000 0.092s/rec
ep0 step 880/2724 loss 0.465 kl 0.000 0.092s/rec
ep0 step 890/2724 loss 0.427 kl 0.000 0.092s/rec
ep0 step 900/2724 loss 0.520 kl 0.000 0.092s/rec
ep0 step 910/2724 loss 0.750 kl 0.000 0.092s/rec
ep0 step 920/2724 loss 0.464 kl 0.000 0.092s/rec
ep0 step 930/2724 loss 0.834 kl 0.000 0.092s/rec
ep0 step 940/2724 loss 0.706 kl 0.000 0.093s/rec
ep0 step 950/2724 loss 0.761 kl 0.000 0.093s/rec
ep0 step 960/2724 loss 0.539 kl 0.000 0.093s/rec
ep0 step 970/2724 loss 0.439 kl 0.000 0.093s/rec
ep0 step 980/2724 loss 0.990 kl 0.000 0.093s/rec
ep0 step 990/2724 loss 0.735 kl 0.000 0.093s/rec
ep0 step 1000/2724 loss 0.535 kl 0.000 0.093s/rec
ep0 step 1010/2724 loss 0.345 kl 0.000 0.093s/rec
ep0 step 1020/2724 loss 0.580 kl 0.000 0.093s/rec
ep0 step 1030/2724 loss 0.628 kl 0.000 0.093s/rec
ep0 step 1040/2724 loss 0.585 kl 0.000 0.093s/rec
ep0 step 1050/2724 loss 0.367 kl 0.000 0.093s/rec
ep0 step 1060/2724 loss 0.933 kl 0.000 0.093s/rec
ep0 step 1070/2724 loss 0.515 kl 0.000 0.093s/rec
ep0 step 1080/2724 loss 0.499 kl 0.000 0.093s/rec
ep0 step 1090/2724 loss 0.606 kl 0.000 0.093s/rec
ep0 step 1100/2724 loss 1.049 kl 0.000 0.093s/rec
ep0 step 1110/2724 loss 0.515 kl 0.000 0.093s/rec
ep0 step 1120/2724 loss 0.486 kl 0.000 0.094s/rec
ep0 step 1130/2724 loss 0.379 kl 0.000 0.094s/rec
ep0 step 1140/2724 loss 0.367 kl 0.000 0.094s/rec
ep0 step 1150/2724 loss 0.404 kl 0.000 0.094s/rec
ep0 step 1160/2724 loss 0.460 kl 0.000 0.094s/rec
ep0 step 1170/2724 loss 0.445 kl 0.000 0.094s/rec
ep0 step 1180/2724 loss 0.464 kl 0.000 0.094s/rec
ep0 step 1190/2724 loss 0.483 kl 0.000 0.094s/rec
ep0 step 1200/2724 loss 0.470 kl 0.000 0.094s/rec
ep0 step 1210/2724 loss 0.420 kl 0.000 0.094s/rec
ep0 step 1220/2724 loss 0.642 kl 0.000 0.094s/rec
ep0 step 1230/2724 loss 0.551 kl 0.000 0.094s/rec
ep0 step 1240/2724 loss 0.467 kl 0.000 0.094s/rec
ep0 step 1250/2724 loss 0.480 kl 0.000 0.094s/rec
ep0 step 1260/2724 loss 0.752 kl 0.000 0.094s/rec
ep0 step 1270/2724 loss 0.585 kl 0.000 0.094s/rec
ep0 step 1280/2724 loss 0.505 kl 0.000 0.094s/rec
ep0 step 1290/2724 loss 0.521 kl 0.000 0.094s/rec
ep0 step 1300/2724 loss 0.455 kl 0.000 0.094s/rec
ep0 step 1310/2724 loss 0.529 kl 0.000 0.094s/rec
ep0 step 1320/2724 loss 0.236 kl 0.000 0.094s/rec
ep0 step 1330/2724 loss 0.551 kl 0.000 0.094s/rec
ep0 step 1340/2724 loss 0.650 kl 0.000 0.094s/rec
ep0 step 1350/2724 loss 0.383 kl 0.000 0.094s/rec
ep0 step 1360/2724 loss 0.435 kl 0.000 0.094s/rec
ep0 step 1370/2724 loss 0.672 kl 0.000 0.094s/rec
ep0 step 1380/2724 loss 0.469 kl 0.000 0.094s/rec
ep0 step 1390/2724 loss 0.304 kl 0.000 0.094s/rec
ep0 step 1400/2724 loss 0.954 kl 0.000 0.094s/rec
ep0 step 1410/2724 loss 0.714 kl 0.000 0.094s/rec
ep0 step 1420/2724 loss 0.432 kl 0.000 0.094s/rec
ep0 step 1430/2724 loss 0.580 kl 0.000 0.094s/rec
ep0 step 1440/2724 loss 0.423 kl 0.000 0.094s/rec
ep0 step 1450/2724 loss 0.530 kl 0.000 0.094s/rec
ep0 step 1460/2724 loss 0.476 kl 0.000 0.094s/rec
ep0 step 1470/2724 loss 0.480 kl 0.000 0.094s/rec
ep0 step 1480/2724 loss 0.557 kl 0.000 0.094s/rec
ep0 step 1490/2724 loss 0.602 kl 0.000 0.094s/rec
ep0 step 1500/2724 loss 0.498 kl 0.000 0.094s/rec
ep0 step 1510/2724 loss 0.590 kl 0.000 0.094s/rec
ep0 step 1520/2724 loss 0.391 kl 0.000 0.094s/rec
ep0 step 1530/2724 loss 0.527 kl 0.000 0.094s/rec
ep0 step 1540/2724 loss 0.421 kl 0.000 0.094s/rec
ep0 step 1550/2724 loss 0.719 kl 0.000 0.094s/rec
ep0 step 1560/2724 loss 0.457 kl 0.000 0.094s/rec
ep0 step 1570/2724 loss 0.351 kl 0.000 0.094s/rec
ep0 step 1580/2724 loss 0.923 kl 0.000 0.094s/rec
ep0 step 1590/2724 loss 0.352 kl 0.000 0.094s/rec
ep0 step 1600/2724 loss 0.727 kl 0.000 0.094s/rec
ep0 step 1610/2724 loss 0.454 kl 0.000 0.094s/rec
ep0 step 1620/2724 loss 0.535 kl 0.000 0.094s/rec
ep0 step 1630/2724 loss 0.545 kl 0.000 0.094s/rec
ep0 step 1640/2724 loss 0.454 kl 0.000 0.094s/rec
ep0 step 1650/2724 loss 0.571 kl 0.000 0.094s/rec
ep0 step 1660/2724 loss 0.385 kl 0.000 0.094s/rec
ep0 step 1670/2724 loss 0.372 kl 0.000 0.094s/rec
ep0 step 1680/2724 loss 0.374 kl 0.000 0.094s/rec
ep0 step 1690/2724 loss 0.478 kl 0.000 0.094s/rec
ep0 step 1700/2724 loss 0.407 kl 0.000 0.094s/rec
ep0 step 1710/2724 loss 0.588 kl 0.000 0.094s/rec
ep0 step 1720/2724 loss 0.570 kl 0.000 0.094s/rec
ep0 step 1730/2724 loss 0.473 kl 0.000 0.094s/rec
ep0 step 1740/2724 loss 0.398 kl 0.000 0.094s/rec
ep0 step 1750/2724 loss 0.406 kl 0.000 0.094s/rec
ep0 step 1760/2724 loss 0.712 kl 0.000 0.094s/rec
ep0 step 1770/2724 loss 0.385 kl 0.000 0.094s/rec
ep0 step 1780/2724 loss 0.657 kl 0.000 0.094s/rec
ep0 step 1790/2724 loss 0.447 kl 0.000 0.095s/rec
ep0 step 1800/2724 loss 0.249 kl 0.000 0.095s/rec
ep0 step 1810/2724 loss 0.389 kl 0.000 0.095s/rec
ep0 step 1820/2724 loss 0.418 kl 0.000 0.095s/rec
ep0 step 1830/2724 loss 0.416 kl 0.000 0.095s/rec
ep0 step 1840/2724 loss 0.333 kl 0.000 0.094s/rec
ep0 step 1850/2724 loss 0.513 kl 0.000 0.094s/rec
ep0 step 1860/2724 loss 0.635 kl 0.000 0.095s/rec
ep0 step 1870/2724 loss 0.674 kl 0.000 0.095s/rec
ep0 step 1880/2724 loss 0.478 kl 0.000 0.095s/rec
ep0 step 1890/2724 loss 0.440 kl 0.000 0.095s/rec
ep0 step 1900/2724 loss 0.338 kl 0.000 0.095s/rec
ep0 step 1910/2724 loss 0.434 kl 0.000 0.095s/rec
ep0 step 1920/2724 loss 0.399 kl 0.000 0.095s/rec
ep0 step 1930/2724 loss 0.430 kl 0.000 0.095s/rec
ep0 step 1940/2724 loss 0.277 kl 0.000 0.095s/rec
ep0 step 1950/2724 loss 0.454 kl 0.000 0.095s/rec
ep0 step 1960/2724 loss 0.328 kl 0.000 0.095s/rec
ep0 step 1970/2724 loss 0.429 kl 0.000 0.094s/rec
ep0 step 1980/2724 loss 0.521 kl 0.000 0.094s/rec
ep0 step 1990/2724 loss 0.262 kl 0.000 0.094s/rec
ep0 step 2000/2724 loss 0.590 kl 0.000 0.094s/rec
ep0 step 2010/2724 loss 0.387 kl 0.000 0.094s/rec
ep0 step 2020/2724 loss 0.408 kl 0.000 0.094s/rec
ep0 step 2030/2724 loss 0.345 kl 0.000 0.094s/rec
ep0 step 2040/2724 loss 0.483 kl 0.000 0.094s/rec
ep0 step 2050/2724 loss 0.796 kl 0.000 0.094s/rec
ep0 step 2060/2724 loss 0.365 kl 0.000 0.094s/rec
ep0 step 2070/2724 loss 0.287 kl 0.000 0.094s/rec
ep0 step 2080/2724 loss 0.283 kl 0.000 0.094s/rec
ep0 step 2090/2724 loss 0.374 kl 0.000 0.094s/rec
ep0 step 2100/2724 loss 0.329 kl 0.000 0.094s/rec
ep0 step 2110/2724 loss 0.560 kl 0.000 0.094s/rec
ep0 step 2120/2724 loss 0.602 kl 0.000 0.094s/rec
ep0 step 2130/2724 loss 0.260 kl 0.000 0.094s/rec
ep0 step 2140/2724 loss 0.415 kl 0.000 0.094s/rec
ep0 step 2150/2724 loss 0.474 kl 0.000 0.094s/rec
ep0 step 2160/2724 loss 0.390 kl 0.000 0.094s/rec
ep0 step 2170/2724 loss 0.490 kl 0.000 0.094s/rec
ep0 step 2180/2724 loss 0.348 kl 0.000 0.094s/rec
ep0 step 2190/2724 loss 0.387 kl 0.000 0.094s/rec
ep0 step 2200/2724 loss 0.488 kl 0.000 0.094s/rec
ep0 step 2210/2724 loss 0.390 kl 0.000 0.094s/rec
ep0 step 2220/2724 loss 0.497 kl 0.000 0.094s/rec
ep0 step 2230/2724 loss 0.400 kl 0.000 0.094s/rec
ep0 step 2240/2724 loss 0.285 kl 0.000 0.094s/rec
ep0 step 2250/2724 loss 0.388 kl 0.000 0.094s/rec
ep0 step 2260/2724 loss 0.289 kl 0.000 0.094s/rec
ep0 step 2270/2724 loss 0.298 kl 0.000 0.094s/rec
ep0 step 2280/2724 loss 0.370 kl 0.000 0.094s/rec
ep0 step 2290/2724 loss 0.229 kl 0.000 0.094s/rec
ep0 step 2300/2724 loss 0.408 kl 0.000 0.094s/rec
ep0 step 2310/2724 loss 0.509 kl 0.000 0.094s/rec
ep0 step 2320/2724 loss 0.657 kl 0.000 0.094s/rec
ep0 step 2330/2724 loss 0.330 kl 0.000 0.094s/rec
ep0 step 2340/2724 loss 0.602 kl 0.000 0.094s/rec
ep0 step 2350/2724 loss 0.390 kl 0.000 0.094s/rec
ep0 step 2360/2724 loss 0.427 kl 0.000 0.094s/rec
ep0 step 2370/2724 loss 0.289 kl 0.000 0.094s/rec
ep0 step 2380/2724 loss 0.325 kl 0.000 0.094s/rec
ep0 step 2390/2724 loss 0.369 kl 0.000 0.094s/rec
ep0 step 2400/2724 loss 0.407 kl 0.000 0.094s/rec
ep0 step 2410/2724 loss 0.327 kl 0.000 0.094s/rec
ep0 step 2420/2724 loss 0.353 kl 0.000 0.094s/rec
ep0 step 2430/2724 loss 0.366 kl 0.000 0.094s/rec
ep0 step 2440/2724 loss 0.279 kl 0.000 0.094s/rec
ep0 step 2450/2724 loss 0.408 kl 0.000 0.094s/rec
ep0 step 2460/2724 loss 0.399 kl 0.000 0.094s/rec
ep0 step 2470/2724 loss 0.390 kl 0.000 0.094s/rec
ep0 step 2480/2724 loss 0.431 kl 0.000 0.094s/rec
ep0 step 2490/2724 loss 0.457 kl 0.000 0.094s/rec
ep0 step 2500/2724 loss 0.435 kl 0.000 0.094s/rec
ep0 step 2510/2724 loss 0.459 kl 0.000 0.094s/rec
ep0 step 2520/2724 loss 0.375 kl 0.000 0.094s/rec
ep0 step 2530/2724 loss 0.352 kl 0.000 0.094s/rec
ep0 step 2540/2724 loss 0.541 kl 0.000 0.094s/rec
ep0 step 2550/2724 loss 0.440 kl 0.000 0.094s/rec
ep0 step 2560/2724 loss 0.419 kl 0.000 0.094s/rec
ep0 step 2570/2724 loss 0.312 kl 0.000 0.094s/rec
ep0 step 2580/2724 loss 0.293 kl 0.000 0.094s/rec
ep0 step 2590/2724 loss 0.362 kl 0.000 0.094s/rec
ep0 step 2600/2724 loss 0.261 kl 0.000 0.094s/rec
ep0 step 2610/2724 loss 0.254 kl 0.000 0.094s/rec
ep0 step 2620/2724 loss 0.286 kl 0.000 0.094s/rec
ep0 step 2630/2724 loss 0.469 kl 0.000 0.094s/rec
ep0 step 2640/2724 loss 0.367 kl 0.000 0.094s/rec
ep0 step 2650/2724 loss 0.660 kl 0.000 0.094s/rec
ep0 step 2660/2724 loss 0.299 kl 0.000 0.094s/rec
ep0 step 2670/2724 loss 0.277 kl 0.000 0.094s/rec
ep0 step 2680/2724 loss 0.417 kl 0.000 0.094s/rec
ep0 step 2690/2724 loss 0.465 kl 0.000 0.094s/rec
ep0 step 2700/2724 loss 0.340 kl 0.000 0.094s/rec
ep0 step 2710/2724 loss 0.242 kl 0.000 0.094s/rec
ep0 step 2720/2724 loss 0.482 kl 0.000 0.094s/rec
saved /runs/mix-4b-v5/01-trial-1/checkpoint
