device=cuda trainable params=10.6M
ablation: training on ['agnews', 'amazon', 'banking77', 'boolq', 'dbpedia14', 'imdb', 'legacy_policy', 'mnli', 'sst5', 'trec', 'yelp'] -> 3448 records
3448 training requests (holdout=[]), questions by type {'score': 900, 'choice': 1724, 'noul': 1724}
ep0 step 10/862 loss 2.044 kl 0.000 0.039s/rec
ep0 step 20/862 loss 1.895 kl 0.000 0.032s/rec
ep0 step 30/862 loss 1.715 kl 0.000 0.030s/rec
ep0 step 40/862 loss 1.571 kl 0.000 0.028s/rec
ep0 step 50/862 loss 1.532 kl 0.000 0.027s/rec
ep0 step 60/862 loss 1.303 kl 0.000 0.027s/rec
ep0 step 70/862 loss 1.345 kl 0.000 0.026s/rec
ep0 step 80/862 loss 1.449 kl 0.000 0.026s/rec
ep0 step 90/862 loss 1.086 kl 0.000 0.026s/rec
ep0 step 100/862 loss 1.135 kl 0.000 0.025s/rec
ep0 step 110/862 loss 0.990 kl 0.000 0.025s/rec
ep0 step 120/862 loss 1.115 kl 0.000 0.025s/rec
ep0 step 130/862 loss 0.879 kl 0.000 0.025s/rec
ep0 step 140/862 loss 0.889 kl 0.000 0.025s/rec
ep0 step 150/862 loss 1.305 kl 0.000 0.025s/rec
ep0 step 160/862 loss 1.445 kl 0.000 0.025s/rec
ep0 step 170/862 loss 1.309 kl 0.000 0.025s/rec
ep0 step 180/862 loss 1.284 kl 0.000 0.025s/rec
ep0 step 190/862 loss 1.076 kl 0.000 0.025s/rec
ep0 step 200/862 loss 0.994 kl 0.000 0.025s/rec
ep0 step 210/862 loss 1.382 kl 0.000 0.025s/rec
ep0 step 220/862 loss 1.225 kl 0.000 0.025s/rec
ep0 step 230/862 loss 1.016 kl 0.000 0.025s/rec
ep0 step 240/862 loss 0.973 kl 0.000 0.025s/rec
ep0 step 250/862 loss 0.980 kl 0.000 0.025s/rec
ep0 step 260/862 loss 0.867 kl 0.000 0.025s/rec
ep0 step 270/862 loss 0.939 kl 0.000 0.025s/rec
ep0 step 280/862 loss 1.087 kl 0.000 0.025s/rec
ep0 step 290/862 loss 0.884 kl 0.000 0.025s/rec
ep0 step 300/862 loss 1.007 kl 0.000 0.025s/rec
ep0 step 310/862 loss 1.024 kl 0.000 0.025s/rec
ep0 step 320/862 loss 0.919 kl 0.000 0.025s/rec
ep0 step 330/862 loss 0.978 kl 0.000 0.025s/rec
ep0 step 340/862 loss 0.992 kl 0.000 0.025s/rec
ep0 step 350/862 loss 0.931 kl 0.000 0.025s/rec
ep0 step 360/862 loss 0.875 kl 0.000 0.025s/rec
ep0 step 370/862 loss 0.983 kl 0.000 0.025s/rec
ep0 step 380/862 loss 0.815 kl 0.000 0.024s/rec
ep0 step 390/862 loss 1.147 kl 0.000 0.024s/rec
ep0 step 400/862 loss 0.899 kl 0.000 0.024s/rec
ep0 step 410/862 loss 0.861 kl 0.000 0.024s/rec
ep0 step 420/862 loss 0.763 kl 0.000 0.024s/rec
ep0 step 430/862 loss 0.791 kl 0.000 0.024s/rec
ep1 step 440/862 loss 0.673 kl 0.000 0.024s/rec
ep1 step 450/862 loss 0.646 kl 0.000 0.024s/rec
ep1 step 460/862 loss 0.769 kl 0.000 0.024s/rec
ep1 step 470/862 loss 0.699 kl 0.000 0.024s/rec
ep1 step 480/862 loss 0.635 kl 0.000 0.024s/rec
ep1 step 490/862 loss 0.634 kl 0.000 0.024s/rec
ep1 step 500/862 loss 1.056 kl 0.000 0.024s/rec
ep1 step 510/862 loss 0.586 kl 0.000 0.024s/rec
ep1 step 520/862 loss 0.681 kl 0.000 0.024s/rec
ep1 step 530/862 loss 0.662 kl 0.000 0.024s/rec
ep1 step 540/862 loss 0.630 kl 0.000 0.024s/rec
ep1 step 550/862 loss 0.690 kl 0.000 0.024s/rec
ep1 step 560/862 loss 0.724 kl 0.000 0.024s/rec
ep1 step 570/862 loss 0.587 kl 0.000 0.024s/rec
ep1 step 580/862 loss 0.614 kl 0.000 0.024s/rec
ep1 step 590/862 loss 0.668 kl 0.000 0.024s/rec
ep1 step 600/862 loss 0.610 kl 0.000 0.024s/rec
ep1 step 610/862 loss 0.668 kl 0.000 0.024s/rec
ep1 step 620/862 loss 0.497 kl 0.000 0.024s/rec
ep1 step 630/862 loss 0.557 kl 0.000 0.024s/rec
ep1 step 640/862 loss 0.708 kl 0.000 0.024s/rec
ep1 step 650/862 loss 0.561 kl 0.000 0.024s/rec
ep1 step 660/862 loss 0.674 kl 0.000 0.024s/rec
ep1 step 670/862 loss 0.577 kl 0.000 0.024s/rec
ep1 step 680/862 loss 0.712 kl 0.000 0.024s/rec
ep1 step 690/862 loss 0.662 kl 0.000 0.024s/rec
ep1 step 700/862 loss 0.662 kl 0.000 0.024s/rec
ep1 step 710/862 loss 0.482 kl 0.000 0.024s/rec
ep1 step 720/862 loss 0.462 kl 0.000 0.024s/rec
ep1 step 730/862 loss 0.642 kl 0.000 0.024s/rec
ep1 step 740/862 loss 0.375 kl 0.000 0.024s/rec
ep1 step 750/862 loss 0.672 kl 0.000 0.024s/rec
ep1 step 760/862 loss 0.742 kl 0.000 0.024s/rec
ep1 step 770/862 loss 0.531 kl 0.000 0.024s/rec
ep1 step 780/862 loss 0.818 kl 0.000 0.024s/rec
ep1 step 790/862 loss 0.561 kl 0.000 0.024s/rec
ep1 step 800/862 loss 0.595 kl 0.000 0.024s/rec
ep1 step 810/862 loss 0.750 kl 0.000 0.024s/rec
ep1 step 820/862 loss 0.659 kl 0.000 0.024s/rec
ep1 step 830/862 loss 0.695 kl 0.000 0.024s/rec
ep1 step 840/862 loss 0.855 kl 0.000 0.024s/rec
ep1 step 850/862 loss 0.386 kl 0.000 0.024s/rec
ep1 step 860/862 loss 0.549 kl 0.000 0.024s/rec
saved /runs/v3-data-capacity-s0/00-trial-0/checkpoint
